Component: ARM Compiler 5.05 update 2 (build 169) Tool: armlink [4d0f33]

==============================================================================

Section Cross References

    startup_stm32f4xx.o(STACK) refers (Special) to heapauxi.o(.text) for __use_two_region_memory
    startup_stm32f4xx.o(HEAP) refers (Special) to heapauxi.o(.text) for __use_two_region_memory
    startup_stm32f4xx.o(RESET) refers (Special) to heapauxi.o(.text) for __use_two_region_memory
    startup_stm32f4xx.o(RESET) refers to startup_stm32f4xx.o(STACK) for __initial_sp
    startup_stm32f4xx.o(RESET) refers to startup_stm32f4xx.o(.text) for Reset_Handler
    startup_stm32f4xx.o(RESET) refers to stm32f4xx_it.o(i.NMI_Handler) for NMI_Handler
    startup_stm32f4xx.o(RESET) refers to stm32f4xx_it.o(i.HardFault_Handler) for HardFault_Handler
    startup_stm32f4xx.o(RESET) refers to stm32f4xx_it.o(i.MemManage_Handler) for MemManage_Handler
    startup_stm32f4xx.o(RESET) refers to stm32f4xx_it.o(i.BusFault_Handler) for BusFault_Handler
    startup_stm32f4xx.o(RESET) refers to stm32f4xx_it.o(i.UsageFault_Handler) for UsageFault_Handler
    startup_stm32f4xx.o(RESET) refers to stm32f4xx_it.o(i.SVC_Handler) for SVC_Handler
    startup_stm32f4xx.o(RESET) refers to stm32f4xx_it.o(i.DebugMon_Handler) for DebugMon_Handler
    startup_stm32f4xx.o(RESET) refers to stm32f4xx_it.o(i.PendSV_Handler) for PendSV_Handler
    startup_stm32f4xx.o(RESET) refers to stm32f4xx_it.o(i.SysTick_Handler) for SysTick_Handler
    startup_stm32f4xx.o(RESET) refers to stm32f4xx_it.o(i.TIM2_IRQHandler) for TIM2_IRQHandler
    startup_stm32f4xx.o(RESET) refers to stm32f4xx_it.o(i.OTG_FS_IRQHandler) for OTG_FS_IRQHandler
    startup_stm32f4xx.o(.text) refers (Special) to heapauxi.o(.text) for __use_two_region_memory
    startup_stm32f4xx.o(.text) refers to system_stm32f4xx.o(i.SystemInit) for SystemInit
    startup_stm32f4xx.o(.text) refers to __main.o(!!!main) for __main
    startup_stm32f4xx.o(.text) refers to startup_stm32f4xx.o(HEAP) for Heap_Mem
    startup_stm32f4xx.o(.text) refers to startup_stm32f4xx.o(STACK) for Stack_Mem
    main.o(i.main) refers to stm32f4_discovery.o(i.STM_EVAL_LEDInit) for STM_EVAL_LEDInit
    main.o(i.main) refers to stm32f4_discovery.o(i.STM_EVAL_LEDOn) for STM_EVAL_LEDOn
    main.o(i.main) refers to usbh_core.o(i.USBH_Init) for USBH_Init
    main.o(i.main) refers to usbh_core.o(i.USBH_Process) for USBH_Process
    main.o(i.main) refers to ff.o(i.f_opendir) for f_opendir
    main.o(i.main) refers to ff.o(i.f_mkdir) for f_mkdir
    main.o(i.main) refers to stm32f4_discovery.o(i.STM_EVAL_LEDOff) for STM_EVAL_LEDOff
    main.o(i.main) refers to ff.o(i.f_open) for f_open
    main.o(i.main) refers to ff.o(i.f_write) for f_write
    main.o(i.main) refers to ff.o(i.f_printf) for f_printf
    main.o(i.main) refers to ff.o(i.f_close) for f_close
    main.o(i.main) refers to usbh_usr.o(.data) for USR_Callbacks
    main.o(i.main) refers to usbh_msc_core.o(.data) for USBH_MSC_cb
    main.o(i.main) refers to main.o(.bss) for .bss
    main.o(i.main) refers to usbh_usr.o(.data) for USB_MSC_InitOk
    main.o(i.main) refers to main.o(.data) for .data
    stm32f4xx_it.o(i.OTG_FS_IRQHandler) refers to usb_hcd_int.o(i.USBH_OTG_ISR_Handler) for USBH_OTG_ISR_Handler
    stm32f4xx_it.o(i.OTG_FS_IRQHandler) refers to main.o(.bss) for USB_OTG_Core
    stm32f4xx_it.o(i.TIM2_IRQHandler) refers to usb_bsp.o(i.USB_OTG_BSP_TimerIRQ) for USB_OTG_BSP_TimerIRQ
    system_stm32f4xx.o(i.SystemCoreClockUpdate) refers to system_stm32f4xx.o(.data) for .data
    system_stm32f4xx.o(i.SystemInit) refers to system_stm32f4xx.o(i.SetSysClock) for SetSysClock
    usb_bsp.o(i.BSP_Delay) refers to usb_bsp.o(i.BSP_SetTime) for BSP_SetTime
    usb_bsp.o(i.BSP_Delay) refers to stm32f4xx_tim.o(i.TIM_Cmd) for TIM_Cmd
    usb_bsp.o(i.BSP_Delay) refers to usb_bsp.o(.data) for .data
    usb_bsp.o(i.BSP_SetTime) refers to stm32f4xx_tim.o(i.TIM_Cmd) for TIM_Cmd
    usb_bsp.o(i.BSP_SetTime) refers to stm32f4xx_tim.o(i.TIM_ITConfig) for TIM_ITConfig
    usb_bsp.o(i.BSP_SetTime) refers to stm32f4xx_tim.o(i.TIM_TimeBaseInit) for TIM_TimeBaseInit
    usb_bsp.o(i.BSP_SetTime) refers to stm32f4xx_tim.o(i.TIM_ClearITPendingBit) for TIM_ClearITPendingBit
    usb_bsp.o(i.BSP_SetTime) refers to stm32f4xx_tim.o(i.TIM_ARRPreloadConfig) for TIM_ARRPreloadConfig
    usb_bsp.o(i.USB_OTG_BSP_ConfigVBUS) refers to stm32f4xx_rcc.o(i.RCC_AHB1PeriphClockCmd) for RCC_AHB1PeriphClockCmd
    usb_bsp.o(i.USB_OTG_BSP_ConfigVBUS) refers to stm32f4xx_gpio.o(i.GPIO_Init) for GPIO_Init
    usb_bsp.o(i.USB_OTG_BSP_ConfigVBUS) refers to stm32f4xx_gpio.o(i.GPIO_SetBits) for GPIO_SetBits
    usb_bsp.o(i.USB_OTG_BSP_ConfigVBUS) refers to usb_bsp.o(i.USB_OTG_BSP_mDelay) for USB_OTG_BSP_mDelay
    usb_bsp.o(i.USB_OTG_BSP_DriveVBUS) refers to stm32f4xx_gpio.o(i.GPIO_ResetBits) for GPIO_ResetBits
[...]
    i.HardFault_Handler                      0x080004d8   Section        0  stm32f4xx_it.o(i.HardFault_Handler)
    i.MemManage_Handler                      0x080004da   Section        0  stm32f4xx_it.o(i.MemManage_Handler)
    i.NMI_Handler                            0x080004dc   Section        0  stm32f4xx_it.o(i.NMI_Handler)
    i.NVIC_Init                              0x080004e0   Section        0  misc.o(i.NVIC_Init)
    i.NVIC_PriorityGroupConfig               0x08000544   Section        0  misc.o(i.NVIC_PriorityGroupConfig)
    i.NVIC_SetVectorTable                    0x08000558   Section        0  misc.o(i.NVIC_SetVectorTable)
    i.OTG_FS_IRQHandler                      0x0800056c   Section        0  stm32f4xx_it.o(i.OTG_FS_IRQHandler)
    i.PendSV_Handler                         0x08000578   Section        0  stm32f4xx_it.o(i.PendSV_Handler)
    i.RCC_AHB1PeriphClockCmd                 0x0800057c   Section        0  stm32f4xx_rcc.o(i.RCC_AHB1PeriphClockCmd)
    i.RCC_AHB2PeriphClockCmd                 0x08000594   Section        0  stm32f4xx_rcc.o(i.RCC_AHB2PeriphClockCmd)
    i.RCC_APB1PeriphClockCmd                 0x080005ac   Section        0  stm32f4xx_rcc.o(i.RCC_APB1PeriphClockCmd)
    i.RCC_APB2PeriphClockCmd                 0x080005c4   Section        0  stm32f4xx_rcc.o(i.RCC_APB2PeriphClockCmd)
    i.STM_EVAL_LEDInit                       0x080005dc   Section        0  stm32f4_discovery.o(i.STM_EVAL_LEDInit)
    i.STM_EVAL_LEDOff                        0x08000624   Section        0  stm32f4_discovery.o(i.STM_EVAL_LEDOff)
    i.STM_EVAL_LEDOn                         0x0800063c   Section        0  stm32f4_discovery.o(i.STM_EVAL_LEDOn)
    i.SVC_Handler                            0x08000654   Section        0  stm32f4xx_it.o(i.SVC_Handler)
    i.SetSysClock                            0x08000658   Section        0  system_stm32f4xx.o(i.SetSysClock)
    SetSysClock                              0x08000659   Thumb Code   190  system_stm32f4xx.o(i.SetSysClock)
    i.SysTick_Handler                        0x08000730   Section        0  stm32f4xx_it.o(i.SysTick_Handler)
    i.SystemInit                             0x08000734   Section        0  system_stm32f4xx.o(i.SystemInit)
    i.TIM2_IRQHandler                        0x08000790   Section        0  stm32f4xx_it.o(i.TIM2_IRQHandler)
    i.TIM_ARRPreloadConfig                   0x08000794   Section        0  stm32f4xx_tim.o(i.TIM_ARRPreloadConfig)
    i.TIM_ClearITPendingBit                  0x080007a8   Section        0  stm32f4xx_tim.o(i.TIM_ClearITPendingBit)
    i.TIM_Cmd                                0x080007ae   Section        0  stm32f4xx_tim.o(i.TIM_Cmd)
    i.TIM_GetITStatus                        0x080007c2   Section        0  stm32f4xx_tim.o(i.TIM_GetITStatus)
    i.TIM_ITConfig                           0x080007da   Section        0  stm32f4xx_tim.o(i.TIM_ITConfig)
    i.TIM_TimeBaseInit                       0x080007ec   Section        0  stm32f4xx_tim.o(i.TIM_TimeBaseInit)
    i.USBH_Alloc_Channel                     0x08000868   Section        0  usbh_hcs.o(i.USBH_Alloc_Channel)
    i.USBH_BulkReceiveData                   0x0800089c   Section        0  usbh_ioreq.o(i.USBH_BulkReceiveData)
    i.USBH_BulkSendData                      0x080008c2   Section        0  usbh_ioreq.o(i.USBH_BulkSendData)
    i.USBH_ClrFeature                        0x080008ea   Section        0  usbh_stdreq.o(i.USBH_ClrFeature)
    i.USBH_Connect                           0x08000918   Section        0  usbh_core.o(i.USBH_Connect)
    i.USBH_CtlReceiveData                    0x0800092a   Section        0  usbh_ioreq.o(i.USBH_CtlReceiveData)
    i.USBH_CtlReq                            0x0800094a   Section        0  usbh_ioreq.o(i.USBH_CtlReq)
    i.USBH_CtlSendData                       0x0800099a   Section        0  usbh_ioreq.o(i.USBH_CtlSendData)
    i.USBH_CtlSendSetup                      0x080009d0   Section        0  usbh_ioreq.o(i.USBH_CtlSendSetup)
    i.USBH_DeAllocate_AllChannel             0x080009f6   Section        0  usbh_hcs.o(i.USBH_DeAllocate_AllChannel)
    i.USBH_DeInit                            0x08000a0e   Section        0  usbh_core.o(i.USBH_DeInit)
    i.USBH_Disconnect                        0x08000a42   Section        0  usbh_core.o(i.USBH_Disconnect)
    i.USBH_ErrorHandle                       0x08000a54   Section        0  usbh_core.o(i.USBH_ErrorHandle)
    i.USBH_Free_Channel                      0x08000a80   Section        0  usbh_hcs.o(i.USBH_Free_Channel)
    i.USBH_GetDescriptor                     0x08000a98   Section        0  usbh_stdreq.o(i.USBH_GetDescriptor)
    i.USBH_GetNextDesc                       0x08000ac8   Section        0  usbh_stdreq.o(i.USBH_GetNextDesc)
    USBH_GetNextDesc                         0x08000ac9   Thumb Code    14  usbh_stdreq.o(i.USBH_GetNextDesc)
    i.USBH_Get_CfgDesc                       0x08000ad6   Section        0  usbh_stdreq.o(i.USBH_Get_CfgDesc)
    i.USBH_Get_DevDesc                       0x08000b10   Section        0  usbh_stdreq.o(i.USBH_Get_DevDesc)
    i.USBH_Get_StringDesc                    0x08000bac   Section        0  usbh_stdreq.o(i.USBH_Get_StringDesc)
    i.USBH_HandleControl                     0x08000bf4   Section        0  usbh_core.o(i.USBH_HandleControl)
    i.USBH_HandleEnum                        0x08000dc0   Section        0  usbh_core.o(i.USBH_HandleEnum)
    USBH_HandleEnum                          0x08000dc1   Thumb Code   402  usbh_core.o(i.USBH_HandleEnum)
    i.USBH_Init                              0x08000f58   Section        0  usbh_core.o(i.USBH_Init)
    i.USBH_MSC_BOT_Abort                     0x08000fa8   Section        0  usbh_msc_bot.o(i.USBH_MSC_BOT_Abort)
    i.USBH_MSC_ClassRequest                  0x08000fe0   Section        0  usbh_msc_core.o(i.USBH_MSC_ClassRequest)
    USBH_MSC_ClassRequest                    0x08000fe1   Thumb Code     8  usbh_msc_core.o(i.USBH_MSC_ClassRequest)
    i.USBH_MSC_DecodeCSW                     0x08000fec   Section        0  usbh_msc_bot.o(i.USBH_MSC_DecodeCSW)
    i.USBH_MSC_ErrorHandle                   0x08001048   Section        0  usbh_msc_core.o(i.USBH_MSC_ErrorHandle)
    i.USBH_MSC_Handle                        0x0800107c   Section        0  usbh_msc_core.o(i.USBH_MSC_Handle)
    USBH_MSC_Handle                          0x0800107d   Thumb Code   344  usbh_msc_core.o(i.USBH_MSC_Handle)
    i.USBH_MSC_HandleBOTXfer                 0x080011e0   Section        0  usbh_msc_bot.o(i.USBH_MSC_HandleBOTXfer)
    i.USBH_MSC_Init                          0x080013e4   Section        0  usbh_msc_bot.o(i.USBH_MSC_Init)
    i.USBH_MSC_InterfaceDeInit               0x08001420   Section        0  usbh_msc_core.o(i.USBH_MSC_InterfaceDeInit)
    USBH_MSC_InterfaceDeInit                 0x08001421   Thumb Code    50  usbh_msc_core.o(i.USBH_MSC_InterfaceDeInit)
    i.USBH_MSC_InterfaceInit                 0x08001458   Section        0  usbh_msc_core.o(i.USBH_MSC_InterfaceInit)
    USBH_MSC_InterfaceInit                   0x08001459   Thumb Code   156  usbh_msc_core.o(i.USBH_MSC_InterfaceInit)
    i.USBH_MSC_ModeSense6                    0x080014f8   Section        0  usbh_msc_scsi.o(i.USBH_MSC_ModeSense6)
    i.USBH_MSC_Read10                        0x08001594   Section        0  usbh_msc_scsi.o(i.USBH_MSC_Read10)
    i.USBH_MSC_ReadCapacity10                0x0800166c   Section        0  usbh_msc_scsi.o(i.USBH_MSC_ReadCapacity10)
    i.USBH_MSC_RequestSense                  0x0800170c   Section        0  usbh_msc_scsi.o(i.USBH_MSC_RequestSense)
    i.USBH_MSC_TestUnitReady                 0x080017ac   Section        0  usbh_msc_scsi.o(i.USBH_MSC_TestUnitReady)
    i.USBH_MSC_Write10                       0x0800182c   Section        0  usbh_msc_scsi.o(i.USBH_MSC_Write10)
    i.USBH_Modify_Channel                    0x080018c8   Section        0  usbh_hcs.o(i.USBH_Modify_Channel)
    i.USBH_OTG_ISR_Handler                   0x080018fa   Section        0  usb_hcd_int.o(i.USBH_OTG_ISR_Handler)
    i.USBH_Open_Channel                      0x080019a2   Section        0  usbh_hcs.o(i.USBH_Open_Channel)
    i.USBH_ParseCfgDesc                      0x080019f6   Section        0  usbh_stdreq.o(i.USBH_ParseCfgDesc)
    USBH_ParseCfgDesc                        0x080019f7   Thumb Code   234  usbh_stdreq.o(i.USBH_ParseCfgDesc)
    i.USBH_Process                           0x08001ae0   Section        0  usbh_core.o(i.USBH_Process)
    i.USBH_SetAddress                        0x08001c82   Section        0  usbh_stdreq.o(i.USBH_SetAddress)
    i.USBH_SetCfg                            0x08001c9a   Section        0  usbh_stdreq.o(i.USBH_SetCfg)
    i.USBH_USR_Configuration_DescAvailable   0x08001cb2   Section        0  usbh_usr.o(i.USBH_USR_Configuration_DescAvailable)
    i.USBH_USR_DeInit                        0x08001cb4   Section        0  usbh_usr.o(i.USBH_USR_DeInit)
    i.USBH_USR_DeviceAddressAssigned         0x08001cc0   Section        0  usbh_usr.o(i.USBH_USR_DeviceAddressAssigned)
    i.USBH_USR_DeviceAttached                0x08001cc2   Section        0  usbh_usr.o(i.USBH_USR_DeviceAttached)
    i.USBH_USR_DeviceDisconnected            0x08001cc8   Section        0  usbh_usr.o(i.USBH_USR_DeviceDisconnected)
    i.USBH_USR_DeviceNotSupported            0x08001cce   Section        0  usbh_usr.o(i.USBH_USR_DeviceNotSupported)
    i.USBH_USR_DeviceSpeedDetected           0x08001cd0   Section        0  usbh_usr.o(i.USBH_USR_DeviceSpeedDetected)
    i.USBH_USR_Device_DescAvailable          0x08001cd2   Section        0  usbh_usr.o(i.USBH_USR_Device_DescAvailable)
    i.USBH_USR_EnumerationDone               0x08001cd4   Section        0  usbh_usr.o(i.USBH_USR_EnumerationDone)
    i.USBH_USR_Init                          0x08001cd6   Section        0  usbh_usr.o(i.USBH_USR_Init)
    i.USBH_USR_MSC_Application               0x08001cd8   Section        0  usbh_usr.o(i.USBH_USR_MSC_Application)
    i.USBH_USR_Manufacturer_String           0x08001d18   Section        0  usbh_usr.o(i.USBH_USR_Manufacturer_String)
    i.USBH_USR_OverCurrentDetected           0x08001d1a   Section        0  usbh_usr.o(i.USBH_USR_OverCurrentDetected)
    i.USBH_USR_Product_String                0x08001d1c   Section        0  usbh_usr.o(i.USBH_USR_Product_String)
    i.USBH_USR_ResetDevice                   0x08001d1e   Section        0  usbh_usr.o(i.USBH_USR_ResetDevice)
    i.USBH_USR_SerialNum_String              0x08001d20   Section        0  usbh_usr.o(i.USBH_USR_SerialNum_String)
    i.USBH_USR_UnrecoveredError              0x08001d22   Section        0  usbh_usr.o(i.USBH_USR_UnrecoveredError)
    i.USBH_USR_UserInput                     0x08001d24   Section        0  usbh_usr.o(i.USBH_USR_UserInput)
    i.USB_OTG_BSP_ConfigVBUS                 0x08001d28   Section        0  usb_bsp.o(i.USB_OTG_BSP_ConfigVBUS)
    i.USB_OTG_BSP_DriveVBUS                  0x08001d68   Section        0  usb_bsp.o(i.USB_OTG_BSP_DriveVBUS)
    i.USB_OTG_BSP_EnableInterrupt            0x08001d80   Section        0  usb_bsp.o(i.USB_OTG_BSP_EnableInterrupt)
    i.USB_OTG_BSP_Init                       0x08001dc0   Section        0  usb_bsp.o(i.USB_OTG_BSP_Init)
    i.USB_OTG_BSP_TimerIRQ                   0x08001e78   Section        0  usb_bsp.o(i.USB_OTG_BSP_TimerIRQ)
    i.USB_OTG_BSP_mDelay                     0x08001eb0   Section        0  usb_bsp.o(i.USB_OTG_BSP_mDelay)
    i.USB_OTG_BSP_uDelay                     0x08001eb6   Section        0  usb_bsp.o(i.USB_OTG_BSP_uDelay)
    i.USB_OTG_CoreInit                       0x08001ebc   Section        0  usb_core.o(i.USB_OTG_CoreInit)
    i.USB_OTG_CoreInitHost                   0x08001f98   Section        0  usb_core.o(i.USB_OTG_CoreInitHost)
    i.USB_OTG_CoreReset                      0x08002030   Section        0  usb_core.o(i.USB_OTG_CoreReset)
    USB_OTG_CoreReset                        0x08002031   Thumb Code    84  usb_core.o(i.USB_OTG_CoreReset)
    i.USB_OTG_DisableGlobalInt               0x08002088   Section        0  usb_core.o(i.USB_OTG_DisableGlobalInt)
    i.USB_OTG_DriveVbus                      0x08002098   Section        0  usb_core.o(i.USB_OTG_DriveVbus)
    i.USB_OTG_EnableGlobalInt                0x080020d2   Section        0  usb_core.o(i.USB_OTG_EnableGlobalInt)
    i.USB_OTG_EnableHostInt                  0x080020e4   Section        0  usb_core.o(i.USB_OTG_EnableHostInt)
    i.USB_OTG_FlushRxFifo                    0x08002128   Section        0  usb_core.o(i.USB_OTG_FlushRxFifo)
    i.USB_OTG_FlushTxFifo                    0x08002160   Section        0  usb_core.o(i.USB_OTG_FlushTxFifo)
    i.USB_OTG_HC_DoPing                      0x080021a0   Section        0  usb_core.o(i.USB_OTG_HC_DoPing)
    i.USB_OTG_HC_Halt                        0x080021ca   Section        0  usb_core.o(i.USB_OTG_HC_Halt)
    i.USB_OTG_HC_Init                        0x08002206   Section        0  usb_core.o(i.USB_OTG_HC_Init)
    i.USB_OTG_HC_StartXfer                   0x080022f2   Section        0  usb_core.o(i.USB_OTG_HC_StartXfer)
    i.USB_OTG_InitFSLSPClkSel                0x080023f4   Section        0  usb_core.o(i.USB_OTG_InitFSLSPClkSel)
    i.USB_OTG_IsEvenFrame                    0x08002400   Section        0  usb_core.o(i.USB_OTG_IsEvenFrame)
    i.USB_OTG_IsHostMode                     0x0800240c   Section        0  usb_core.o(i.USB_OTG_IsHostMode)
    i.USB_OTG_ReadCoreItr                    0x0800241a   Section        0  usb_core.o(i.USB_OTG_ReadCoreItr)
    i.USB_OTG_ReadHPRT0                      0x08002424   Section        0  usb_core.o(i.USB_OTG_ReadHPRT0)
    i.USB_OTG_ReadHostAllChannels_intr       0x08002430   Section        0  usb_core.o(i.USB_OTG_ReadHostAllChannels_intr)
    i.USB_OTG_ReadPacket                     0x08002436   Section        0  usb_core.o(i.USB_OTG_ReadPacket)
    i.USB_OTG_ResetPort                      0x08002456   Section        0  usb_core.o(i.USB_OTG_ResetPort)
    i.USB_OTG_SelectCore                     0x08002480   Section        0  usb_core.o(i.USB_OTG_SelectCore)
    i.USB_OTG_SetCurrentMode                 0x08002540   Section        0  usb_core.o(i.USB_OTG_SetCurrentMode)
    i.USB_OTG_USBH_handle_Disconnect_ISR     0x0800256a   Section        0  usb_hcd_int.o(i.USB_OTG_USBH_handle_Disconnect_ISR)
    USB_OTG_USBH_handle_Disconnect_ISR       0x0800256b   Thumb Code    46  usb_hcd_int.o(i.USB_OTG_USBH_handle_Disconnect_ISR)
    i.USB_OTG_USBH_handle_IncompletePeriodicXfer_ISR 0x08002598   Section        0  usb_hcd_int.o(i.USB_OTG_USBH_handle_IncompletePeriodicXfer_ISR)
    USB_OTG_USBH_handle_IncompletePeriodicXfer_ISR 0x08002599   Thumb Code    70  usb_hcd_int.o(i.USB_OTG_USBH_handle_IncompletePeriodicXfer_ISR)
    i.USB_OTG_USBH_handle_hc_ISR             0x080025de   Section        0  usb_hcd_int.o(i.USB_OTG_USBH_handle_hc_ISR)
    USB_OTG_USBH_handle_hc_ISR               0x080025df   Thumb Code    86  usb_hcd_int.o(i.USB_OTG_USBH_handle_hc_ISR)
    i.USB_OTG_USBH_handle_hc_n_In_ISR        0x08002634   Section        0  usb_hcd_int.o(i.USB_OTG_USBH_handle_hc_n_In_ISR)
    USB_OTG_USBH_handle_hc_n_In_ISR          0x08002635   Thumb Code  1064  usb_hcd_int.o(i.USB_OTG_USBH_handle_hc_n_In_ISR)
    i.USB_OTG_USBH_handle_hc_n_Out_ISR       0x08002a5c   Section        0  usb_hcd_int.o(i.USB_OTG_USBH_handle_hc_n_Out_ISR)
    USB_OTG_USBH_handle_hc_n_Out_ISR         0x08002a5d   Thumb Code   904  usb_hcd_int.o(i.USB_OTG_USBH_handle_hc_n_Out_ISR)
    i.USB_OTG_USBH_handle_nptxfempty_ISR     0x08002de4   Section        0  usb_hcd_int.o(i.USB_OTG_USBH_handle_nptxfempty_ISR)
    USB_OTG_USBH_handle_nptxfempty_ISR       0x08002de5   Thumb Code   300  usb_hcd_int.o(i.USB_OTG_USBH_handle_nptxfempty_ISR)
    i.USB_OTG_USBH_handle_port_ISR           0x08002f10   Section        0  usb_hcd_int.o(i.USB_OTG_USBH_handle_port_ISR)
    USB_OTG_USBH_handle_port_ISR             0x08002f11   Thumb Code   280  usb_hcd_int.o(i.USB_OTG_USBH_handle_port_ISR)
    i.USB_OTG_USBH_handle_ptxfempty_ISR      0x08003028   Section        0  usb_hcd_int.o(i.USB_OTG_USBH_handle_ptxfempty_ISR)
    USB_OTG_USBH_handle_ptxfempty_ISR        0x08003029   Thumb Code   302  usb_hcd_int.o(i.USB_OTG_USBH_handle_ptxfempty_ISR)
    i.USB_OTG_USBH_handle_rx_qlvl_ISR        0x08003156   Section        0  usb_hcd_int.o(i.USB_OTG_USBH_handle_rx_qlvl_ISR)
    USB_OTG_USBH_handle_rx_qlvl_ISR          0x08003157   Thumb Code   356  usb_hcd_int.o(i.USB_OTG_USBH_handle_rx_qlvl_ISR)
    i.USB_OTG_USBH_handle_sof_ISR            0x080032ba   Section        0  usb_hcd_int.o(i.USB_OTG_USBH_handle_sof_ISR)
    USB_OTG_USBH_handle_sof_ISR              0x080032bb   Thumb Code    28  usb_hcd_int.o(i.USB_OTG_USBH_handle_sof_ISR)
    i.USB_OTG_WritePacket                    0x080032d6   Section        0  usb_core.o(i.USB_OTG_WritePacket)
    i.UsageFault_Handler                     0x080032fe   Section        0  stm32f4xx_it.o(i.UsageFault_Handler)
    i.check_fs                               0x08003300   Section        0  ff.o(i.check_fs)
    check_fs                                 0x08003301   Thumb Code    86  ff.o(i.check_fs)
    i.chk_mounted                            0x0800335c   Section        0  ff.o(i.chk_mounted)
    i.clust2sect                             0x0800354c   Section        0  ff.o(i.clust2sect)
    i.create_chain                           0x08003564   Section        0  ff.o(i.create_chain)
    create_chain                             0x08003565   Thumb Code   150  ff.o(i.create_chain)
    i.create_name                            0x080035fc   Section        0  ff.o(i.create_name)
    create_name                              0x080035fd   Thumb Code   216  ff.o(i.create_name)
    i.dir_next                               0x080036e4   Section        0  ff.o(i.dir_next)
    dir_next                                 0x080036e5   Thumb Code   258  ff.o(i.dir_next)
    i.dir_register                           0x080037e6   Section        0  ff.o(i.dir_register)
    dir_register                             0x080037e7   Thumb Code   102  ff.o(i.dir_register)
    i.dir_seek                               0x0800384c   Section        0  ff.o(i.dir_seek)
    dir_seek                                 0x0800384d   Thumb Code   160  ff.o(i.dir_seek)
    i.disk_initialize                        0x080038ec   Section        0  usbh_msc_fatfs.o(i.disk_initialize)
    i.disk_ioctl                             0x0800390c   Section        0  usbh_msc_fatfs.o(i.disk_ioctl)
    i.disk_read                              0x0800394c   Section        0  usbh_msc_fatfs.o(i.disk_read)
    i.disk_status                            0x080039b0   Section        0  usbh_msc_fatfs.o(i.disk_status)
    i.disk_write                             0x080039c0   Section        0  usbh_msc_fatfs.o(i.disk_write)
    i.f_close                                0x08003a2c   Section        0  ff.o(i.f_close)
    i.f_mkdir                                0x08003a3e   Section        0  ff.o(i.f_mkdir)
    i.f_mount                                0x08003bc0   Section        0  ff.o(i.f_mount)
    i.f_open                                 0x08003be0   Section        0  ff.o(i.f_open)
    i.f_opendir                              0x08003d24   Section        0  ff.o(i.f_opendir)
    i.f_printf                               0x08003d72   Section        0  ff.o(i.f_printf)
    i.f_putc                                 0x08003ea0   Section        0  ff.o(i.f_putc)
    i.f_puts                                 0x08003ed0   Section        0  ff.o(i.f_puts)
    i.f_sync                                 0x08003ef8   Section        0  ff.o(i.f_sync)
    i.f_write                                0x08003f9c   Section        0  ff.o(i.f_write)
    i.follow_path                            0x08004152   Section        0  ff.o(i.follow_path)
    follow_path                              0x08004153   Thumb Code   188  ff.o(i.follow_path)
    i.get_fat                                0x0800420e   Section        0  ff.o(i.get_fat)
    i.get_fattime                            0x080042dc   Section        0  fattime.o(i.get_fattime)
    i.main                                   0x080042e0   Section        0  main.o(i.main)
    i.mem_cpy                                0x08004410   Section        0  ff.o(i.mem_cpy)
    mem_cpy                                  0x08004411   Thumb Code    18  ff.o(i.mem_cpy)
    i.mem_set                                0x08004422   Section        0  ff.o(i.mem_set)
    mem_set                                  0x08004423   Thumb Code    14  ff.o(i.mem_set)
    i.move_window                            0x08004430   Section        0  ff.o(i.move_window)
    move_window                              0x08004431   Thumb Code   106  ff.o(i.move_window)
    i.put_fat                                0x0800449a   Section        0  ff.o(i.put_fat)
    i.remove_chain                           0x080045cc   Section        0  ff.o(i.remove_chain)
    remove_chain                             0x080045cd   Thumb Code    98  ff.o(i.remove_chain)
    i.sync                                   0x0800462e   Section        0  ff.o(i.sync)
    sync                                     0x0800462f   Thumb Code   184  ff.o(i.sync)
    i.validate                               0x080046e6   Section        0  ff.o(i.validate)
    validate                                 0x080046e7   Thumb Code    32  ff.o(i.validate)
    x$fpl$fpinit                             0x08004706   Section       10  fpinit.o(x$fpl$fpinit)
    $v0                                      0x08004706   Number         0  fpinit.o(x$fpl$fpinit)
    .constdata                               0x08004710   Section       36  stm32f4_discovery.o(.constdata)
    .constdata                               0x08004734   Section      194  ff.o(.constdata)
    cvt                                      0x08004734   Data         128  ff.o(.constdata)
    sstbl                                    0x080047b4   Data          44  ff.o(.constdata)
    cstbl                                    0x080047e0   Data          22  ff.o(.constdata)
    .data                                    0x20000000   Section       20  main.o(.data)
    .data                                    0x20000014   Section        4  usb_bsp.o(.data)
    .data                                    0x20000018   Section       72  usbh_usr.o(.data)
    .data                                    0x20000060   Section        2  usbh_usr.o(.data)
    USBH_USR_ApplicationState                0x20000060   Data           1  usbh_usr.o(.data)
    .data                                    0x20000064   Section       20  stm32f4_discovery.o(.data)
    .data                                    0x20000078   Section       16  usbh_core.o(.data)
    timeout                                  0x20000078   Data           2  usbh_core.o(.data)
    .data                                    0x20000088   Section       16  usbh_msc_bot.o(.data)
    error_direction                          0x20000088   Data           1  usbh_msc_bot.o(.data)
    remainingDataLength                      0x2000008c   Data           4  usbh_msc_bot.o(.data)
    datapointer                              0x20000090   Data           4  usbh_msc_bot.o(.data)
    BOTStallErrorCount                       0x20000094   Data           4  usbh_msc_bot.o(.data)
    .data                                    0x20000098   Section        2  usbh_msc_core.o(.data)
    maxLunExceed                             0x20000099   Data           1  usbh_msc_core.o(.data)
    .data                                    0x2000009c   Section       16  usbh_msc_core.o(.data)
    .data                                    0x200000ac   Section        1  usbh_msc_fatfs.o(.data)
    Stat                                     0x200000ac   Data           1  usbh_msc_fatfs.o(.data)
    .data                                    0x200000ad   Section        1  usbh_msc_scsi.o(.data)
    status                                   0x200000ad   Data           1  usbh_msc_scsi.o(.data)
    .data                                    0x200000b0   Section        8  ff.o(.data)
    Fsid                                     0x200000b0   Data           2  ff.o(.data)
    FatFs                                    0x200000b4   Data           4  ff.o(.data)
    .bss                                     0x200000b8   Section     2420  main.o(.bss)
    .bss                                     0x20000a2c   Section     1072  usbh_usr.o(.bss)
    .bss                                     0x20000e5c   Section       64  usbh_msc_bot.o(.bss)
    .bss                                     0x20000e9c   Section       74  usbh_msc_core.o(.bss)
    .bss                                     0x20000ee8   Section      528  usbh_msc_scsi.o(.bss)
    .bss                                     0x200010f8   Section       96  libspace.o(.bss)
    HEAP                                     0x20001158   Section      512  startup_stm32f4xx.o(HEAP)
    Heap_Mem                                 0x20001158   Data         512  startup_stm32f4xx.o(HEAP)
    STACK                                    0x20001358   Section     1024  startup_stm32f4xx.o(STACK)
    Stack_Mem                                0x20001358   Data        1024  startup_stm32f4xx.o(STACK)
    __initial_sp                             0x20001758   Data           0  startup_stm32f4xx.o(STACK)

    Global Symbols

    Symbol Name                              Value     Ov Type        Size  Object(Section)

    BuildAttributes$$THM_ISAv4$E$P$D$K$B$S$7EM$VFPi3$EXTD16$VFPS$VFMA$PE$A:L22UL41UL21$X:L11$S22US41US21$IEEE1$IW$USESV6$~STKCKD$USESV7$~SHL$OSPACE$ROPI$EBA8$UX$STANDARDLIB$REQ8$PRES8$EABIv2 0x00000000   Number         0  anon$$obj.o ABSOLUTE
    __ARM_use_no_argv                        0x00000000   Number         0  main.o ABSOLUTE
    __ARM_exceptions_init                     - Undefined Weak Reference
    __alloca_initialize                       - Undefined Weak Reference
    __arm_preinit_                            - Undefined Weak Reference
    __cpp_initialize__aeabi_                  - Undefined Weak Reference
    __cxa_finalize                            - Undefined Weak Reference
    __rt_locale                               - Undefined Weak Reference
    __sigvec_lookup                           - Undefined Weak Reference
    _atexit_init                              - Undefined Weak Reference
    _call_atexit_fns                          - Undefined Weak Reference
    _clock_init                               - Undefined Weak Reference
    _fp_trap_init                             - Undefined Weak Reference
    _fp_trap_shutdown                         - Undefined Weak Reference
    _get_lc_collate                           - Undefined Weak Reference
    _get_lc_ctype                             - Undefined Weak Reference
    _get_lc_monetary                          - Undefined Weak Reference
    _get_lc_numeric                           - Undefined Weak Reference
    _get_lc_time                              - Undefined Weak Reference
    _getenv_init                              - Undefined Weak Reference
    _handle_redirection                       - Undefined Weak Reference
    _init_alloc                               - Undefined Weak Reference
    _init_user_alloc                          - Undefined Weak Reference
    _initio                                   - Undefined Weak Reference
    _rand_init                                - Undefined Weak Reference
    _signal_finish                            - Undefined Weak Reference
    _signal_init                              - Undefined Weak Reference
    _terminate_alloc                          - Undefined Weak Reference
    _terminate_user_alloc                     - Undefined Weak Reference
    _terminateio                              - Undefined Weak Reference
    __Vectors_Size                           0x00000188   Number         0  startup_stm32f4xx.o ABSOLUTE
    __Vectors                                0x08000000   Data           4  startup_stm32f4xx.o(RESET)
    __Vectors_End                            0x08000188   Data           0  startup_stm32f4xx.o(RESET)
    __main                                   0x08000189   Thumb Code     8  __main.o(!!!main)
    __scatterload                            0x08000191   Thumb Code     0  __scatter.o(!!!scatter)
    __scatterload_rt2                        0x08000191   Thumb Code    44  __scatter.o(!!!scatter)
    __scatterload_rt2_thumb_only             0x08000191   Thumb Code     0  __scatter.o(!!!scatter)
    __scatterload_null                       0x0800019f   Thumb Code     0  __scatter.o(!!!scatter)
    __scatterload_copy                       0x080001c5   Thumb Code    26  __scatter_copy.o(!!handler_copy)
    __scatterload_zeroinit                   0x080001e1   Thumb Code    28  __scatter_zi.o(!!handler_zi)
    __rt_lib_init                            0x080001fd   Thumb Code     0  libinit.o(.ARM.Collect$$libinit$$00000000)
    __rt_lib_init_fp_1                       0x080001ff   Thumb Code     0  libinit2.o(.ARM.Collect$$libinit$$00000001)
    __rt_lib_init_alloca_1                   0x08000203   Thumb Code     0  libinit2.o(.ARM.Collect$$libinit$$0000002E)
    __rt_lib_init_argv_1                     0x08000203   Thumb Code     0  libinit2.o(.ARM.Collect$$libinit$$0000002C)
    __rt_lib_init_atexit_1                   0x08000203   Thumb Code     0  libinit2.o(.ARM.Collect$$libinit$$0000001B)
    __rt_lib_init_clock_1                    0x08000203   Thumb Code     0  libinit2.o(.ARM.Collect$$libinit$$00000021)
    __rt_lib_init_cpp_1                      0x08000203   Thumb Code     0  libinit2.o(.ARM.Collect$$libinit$$00000032)
    __rt_lib_init_exceptions_1               0x08000203   Thumb Code     0  libinit2.o(.ARM.Collect$$libinit$$00000030)
    __rt_lib_init_fp_trap_1                  0x08000203   Thumb Code     0  libinit2.o(.ARM.Collect$$libinit$$0000001F)
    __rt_lib_init_getenv_1                   0x08000203   Thumb Code     0  libinit2.o(.ARM.Collect$$libinit$$00000023)
    __rt_lib_init_heap_1                     0x08000203   Thumb Code     0  libinit2.o(.ARM.Collect$$libinit$$0000000A)
    __rt_lib_init_lc_collate_1               0x08000203   Thumb Code     0  libinit2.o(.ARM.Collect$$libinit$$00000011)
    __rt_lib_init_lc_ctype_1                 0x08000203   Thumb Code     0  libinit2.o(.ARM.Collect$$libinit$$00000013)
    __rt_lib_init_lc_monetary_1              0x08000203   Thumb Code     0  libinit2.o(.ARM.Collect$$libinit$$00000015)
    __rt_lib_init_lc_numeric_1               0x08000203   Thumb Code     0  libinit2.o(.ARM.Collect$$libinit$$00000017)
    __rt_lib_init_lc_time_1                  0x08000203   Thumb Code     0  libinit2.o(.ARM.Collect$$libinit$$00000019)
    __rt_lib_init_preinit_1                  0x08000203   Thumb Code     0  libinit2.o(.ARM.Collect$$libinit$$00000004)
    __rt_lib_init_rand_1                     0x08000203   Thumb Code     0  libinit2.o(.ARM.Collect$$libinit$$0000000E)
    __rt_lib_init_return                     0x08000203   Thumb Code     0  libinit2.o(.ARM.Collect$$libinit$$00000033)
    __rt_lib_init_signal_1                   0x08000203   Thumb Code     0  libinit2.o(.ARM.Collect$$libinit$$0000001D)
    __rt_lib_init_stdio_1                    0x08000203   Thumb Code     0  libinit2.o(.ARM.Collect$$libinit$$00000025)
    __rt_lib_init_user_alloc_1               0x08000203   Thumb Code     0  libinit2.o(.ARM.Collect$$libinit$$0000000C)
    __rt_lib_shutdown                        0x08000205   Thumb Code     0  libshutdown.o(.ARM.Collect$$libshutdown$$00000000)
    __rt_lib_shutdown_fp_trap_1              0x08000207   Thumb Code     0  libshutdown2.o(.ARM.Collect$$libshutdown$$00000006)
    __rt_lib_shutdown_heap_1                 0x08000207   Thumb Code     0  libshutdown2.o(.ARM.Collect$$libshutdown$$0000000E)
    __rt_lib_shutdown_return                 0x08000207   Thumb Code     0  libshutdown2.o(.ARM.Collect$$libshutdown$$0000000F)
    __rt_lib_shutdown_signal_1               0x08000207   Thumb Code     0  libshutdown2.o(.ARM.Collect$$libshutdown$$00000009)
    __rt_lib_shutdown_stdio_1                0x08000207   Thumb Code     0  libshutdown2.o(.ARM.Collect$$libshutdown$$00000003)
    __rt_lib_shutdown_user_alloc_1           0x08000207   Thumb Code     0  libshutdown2.o(.ARM.Collect$$libshutdown$$0000000B)
    __rt_entry                               0x08000209   Thumb Code     0  __rtentry.o(.ARM.Collect$$rtentry$$00000000)
    __rt_entry_presh_1                       0x08000209   Thumb Code     0  __rtentry2.o(.ARM.Collect$$rtentry$$00000002)
    __rt_entry_sh                            0x08000209   Thumb Code     0  __rtentry4.o(.ARM.Collect$$rtentry$$00000004)
    __rt_entry_li                            0x0800020f   Thumb Code     0  __rtentry2.o(.ARM.Collect$$rtentry$$0000000A)
    __rt_entry_postsh_1                      0x0800020f   Thumb Code     0  __rtentry2.o(.ARM.Collect$$rtentry$$00000009)
    __rt_entry_main                          0x08000213   Thumb Code     0  __rtentry2.o(.ARM.Collect$$rtentry$$0000000D)
    __rt_entry_postli_1                      0x08000213   Thumb Code     0  __rtentry2.o(.ARM.Collect$$rtentry$$0000000C)
    __rt_exit                                0x0800021b   Thumb Code     0  rtexit.o(.ARM.Collect$$rtexit$$00000000)
    __rt_exit_ls                             0x0800021d   Thumb Code     0  rtexit2.o(.ARM.Collect$$rtexit$$00000003)
    __rt_exit_prels_1                        0x0800021d   Thumb Code     0  rtexit2.o(.ARM.Collect$$rtexit$$00000002)
    __rt_exit_exit                           0x08000221   Thumb Code     0  rtexit2.o(.ARM.Collect$$rtexit$$00000004)
    Reset_Handler                            0x08000229   Thumb Code     8  startup_stm32f4xx.o(.text)
    ADC_IRQHandler                           0x08000243   Thumb Code     0  startup_stm32f4xx.o(.text)
    CAN1_RX0_IRQHandler                      0x08000243   Thumb Code     0  startup_stm32f4xx.o(.text)
    CAN1_RX1_IRQHandler                      0x08000243   Thumb Code     0  startup_stm32f4xx.o(.text)
    CAN1_SCE_IRQHandler                      0x08000243   Thumb Code     0  startup_stm32f4xx.o(.text)
    CAN1_TX_IRQHandler                       0x08000243   Thumb Code     0  startup_stm32f4xx.o(.text)
    CAN2_RX0_IRQHandler                      0x08000243   Thumb Code     0  startup_stm32f4xx.o(.text)
    CAN2_RX1_IRQHandler                      0x08000243   Thumb Code     0  startup_stm32f4xx.o(.text)
    CAN2_SCE_IRQHandler                      0x08000243   Thumb Code     0  startup_stm32f4xx.o(.text)
    CAN2_TX_IRQHandler                       0x08000243   Thumb Code     0  startup_stm32f4xx.o(.text)
    CRYP_IRQHandler                          0x08000243   Thumb Code     0  startup_stm32f4xx.o(.text)
    DCMI_IRQHandler                          0x08000243   Thumb Code     0  startup_stm32f4xx.o(.text)
    DMA1_Stream0_IRQHandler                  0x08000243   Thumb Code     0  startup_stm32f4xx.o(.text)
    DMA1_Stream1_IRQHandler                  0x08000243   Thumb Code     0  startup_stm32f4xx.o(.text)
    DMA1_Stream2_IRQHandler                  0x08000243   Thumb Code     0  startup_stm32f4xx.o(.text)
    DMA1_Stream3_IRQHandler                  0x08000243   Thumb Code     0  startup_stm32f4xx.o(.text)
    DMA1_Stream4_IRQHandler                  0x08000243   Thumb Code     0  startup_stm32f4xx.o(.text)
    DMA1_Stream5_IRQHandler                  0x08000243   Thumb Code     0  startup_stm32f4xx.o(.text)
    DMA1_Stream6_IRQHandler                  0x08000243   Thumb Code     0  startup_stm32f4xx.o(.text)
    DMA1_Stream7_IRQHandler                  0x08000243   Thumb Code     0  startup_stm32f4xx.o(.text)
    DMA2_Stream0_IRQHandler                  0x08000243   Thumb Code     0  startup_stm32f4xx.o(.text)
    DMA2_Stream1_IRQHandler                  0x08000243   Thumb Code     0  startup_stm32f4xx.o(.text)
    DMA2_Stream2_IRQHandler                  0x08000243   Thumb Code     0  startup_stm32f4xx.o(.text)
    DMA2_Stream3_IRQHandler                  0x08000243   Thumb Code     0  startup_stm32f4xx.o(.text)
    DMA2_Stream4_IRQHandler                  0x08000243   Thumb Code     0  startup_stm32f4xx.o(.text)
    DMA2_Stream5_IRQHandler                  0x08000243   Thumb Code     0  startup_stm32f4xx.o(.text)
    DMA2_Stream6_IRQHandler                  0x08000243   Thumb Code     0  startup_stm32f4xx.o(.text)
    DMA2_Stream7_IRQHandler                  0x08000243   Thumb Code     0  startup_stm32f4xx.o(.text)
    ETH_IRQHandler                           0x08000243   Thumb Code     0  startup_stm32f4xx.o(.text)
    ETH_WKUP_IRQHandler                      0x08000243   Thumb Code     0  startup_stm32f4xx.o(.text)
    EXTI0_IRQHandler                         0x08000243   Thumb Code     0  startup_stm32f4xx.o(.text)
    EXTI15_10_IRQHandler                     0x08000243   Thumb Code     0  startup_stm32f4xx.o(.text)
    EXTI1_IRQHandler                         0x08000243   Thumb Code     0  startup_stm32f4xx.o(.text)
    EXTI2_IRQHandler                         0x08000243   Thumb Code     0  startup_stm32f4xx.o(.text)
    EXTI3_IRQHandler                         0x08000243   Thumb Code     0  startup_stm32f4xx.o(.text)
    EXTI4_IRQHandler                         0x08000243   Thumb Code     0  startup_stm32f4xx.o(.text)
    EXTI9_5_IRQHandler                       0x08000243   Thumb Code     0  startup_stm32f4xx.o(.text)
    FLASH_IRQHandler                         0x08000243   Thumb Code     0  startup_stm32f4xx.o(.text)
    FPU_IRQHandler                           0x08000243   Thumb Code     0  startup_stm32f4xx.o(.text)
    FSMC_IRQHandler                          0x08000243   Thumb Code     0  startup_stm32f4xx.o(.text)
    HASH_RNG_IRQHandler                      0x08000243   Thumb Code     0  startup_stm32f4xx.o(.text)
    I2C1_ER_IRQHandler                       0x08000243   Thumb Code     0  startup_stm32f4xx.o(.text)
    I2C1_EV_IRQHandler                       0x08000243   Thumb Code     0  startup_stm32f4xx.o(.text)
    I2C2_ER_IRQHandler                       0x08000243   Thumb Code     0  startup_stm32f4xx.o(.text)
    I2C2_EV_IRQHandler                       0x08000243   Thumb Code     0  startup_stm32f4xx.o(.text)
    I2C3_ER_IRQHandler                       0x08000243   Thumb Code     0  startup_stm32f4xx.o(.text)
    I2C3_EV_IRQHandler                       0x08000243   Thumb Code     0  startup_stm32f4xx.o(.text)
    OTG_FS_WKUP_IRQHandler                   0x08000243   Thumb Code     0  startup_stm32f4xx.o(.text)
    OTG_HS_EP1_IN_IRQHandler                 0x08000243   Thumb Code     0  startup_stm32f4xx.o(.text)
    OTG_HS_EP1_OUT_IRQHandler                0x08000243   Thumb Code     0  startup_stm32f4xx.o(.text)
    OTG_HS_IRQHandler                        0x08000243   Thumb Code     0  startup_stm32f4xx.o(.text)
    OTG_HS_WKUP_IRQHandler                   0x08000243   Thumb Code     0  startup_stm32f4xx.o(.text)
    PVD_IRQHandler                           0x08000243   Thumb Code     0  startup_stm32f4xx.o(.text)
    RCC_IRQHandler                           0x08000243   Thumb Code     0  startup_stm32f4xx.o(.text)
    RTC_Alarm_IRQHandler                     0x08000243   Thumb Code     0  startup_stm32f4xx.o(.text)
    RTC_WKUP_IRQHandler                      0x08000243   Thumb Code     0  startup_stm32f4xx.o(.text)
    SDIO_IRQHandler                          0x08000243   Thumb Code     0  startup_stm32f4xx.o(.text)
    SPI1_IRQHandler                          0x08000243   Thumb Code     0  startup_stm32f4xx.o(.text)
    SPI2_IRQHandler                          0x08000243   Thumb Code     0  startup_stm32f4xx.o(.text)
    SPI3_IRQHandler                          0x08000243   Thumb Code     0  startup_stm32f4xx.o(.text)
    TAMP_STAMP_IRQHandler                    0x08000243   Thumb Code     0  startup_stm32f4xx.o(.text)
    TIM1_BRK_TIM9_IRQHandler                 0x08000243   Thumb Code     0  startup_stm32f4xx.o(.text)
    TIM1_CC_IRQHandler                       0x08000243   Thumb Code     0  startup_stm32f4xx.o(.text)
    TIM1_TRG_COM_TIM11_IRQHandler            0x08000243   Thumb Code     0  startup_stm32f4xx.o(.text)
    TIM1_UP_TIM10_IRQHandler                 0x08000243   Thumb Code     0  startup_stm32f4xx.o(.text)
    TIM3_IRQHandler                          0x08000243   Thumb Code     0  startup_stm32f4xx.o(.text)
    TIM4_IRQHandler                          0x08000243   Thumb Code     0  startup_stm32f4xx.o(.text)
    TIM5_IRQHandler                          0x08000243   Thumb Code     0  startup_stm32f4xx.o(.text)
    TIM6_DAC_IRQHandler                      0x08000243   Thumb Code     0  startup_stm32f4xx.o(.text)
    TIM7_IRQHandler                          0x08000243   Thumb Code     0  startup_stm32f4xx.o(.text)
    TIM8_BRK_TIM12_IRQHandler                0x08000243   Thumb Code     0  startup_stm32f4xx.o(.text)
    TIM8_CC_IRQHandler                       0x08000243   Thumb Code     0  startup_stm32f4xx.o(.text)
    TIM8_TRG_COM_TIM14_IRQHandler            0x08000243   Thumb Code     0  startup_stm32f4xx.o(.text)
    TIM8_UP_TIM13_IRQHandler                 0x08000243   Thumb Code     0  startup_stm32f4xx.o(.text)
    UART4_IRQHandler                         0x08000243   Thumb Code     0  startup_stm32f4xx.o(.text)
    UART5_IRQHandler                         0x08000243   Thumb Code     0  startup_stm32f4xx.o(.text)
    USART1_IRQHandler                        0x08000243   Thumb Code     0  startup_stm32f4xx.o(.text)
    USART2_IRQHandler                        0x08000243   Thumb Code     0  startup_stm32f4xx.o(.text)
    USART3_IRQHandler                        0x08000243   Thumb Code     0  startup_stm32f4xx.o(.text)
    USART6_IRQHandler                        0x08000243   Thumb Code     0  startup_stm32f4xx.o(.text)
    WWDG_IRQHandler                          0x08000243   Thumb Code     0  startup_stm32f4xx.o(.text)
    __user_initial_stackheap                 0x08000245   Thumb Code     0  startup_stm32f4xx.o(.text)
    __use_two_region_memory                  0x08000269   Thumb Code     2  heapauxi.o(.text)
    __rt_heap_escrow$2region                 0x0800026b   Thumb Code     2  heapauxi.o(.text)
    __rt_heap_expand$2region                 0x0800026d   Thumb Code     2  heapauxi.o(.text)
    __user_setup_stackheap                   0x0800026f   Thumb Code    74  sys_stackheap_outer.o(.text)
    exit                                     0x080002b9   Thumb Code    12  exit.o(.text)
    __user_libspace                          0x080002c5   Thumb Code     8  libspace.o(.text)
    __user_perproc_libspace                  0x080002c5   Thumb Code     0  libspace.o(.text)
    __user_perthread_libspace                0x080002c5   Thumb Code     0  libspace.o(.text)
    _sys_exit                                0x080002cd   Thumb Code     8  sys_exit.o(.text)
    __I$use$semihosting                      0x080002d9   Thumb Code     0  use_no_semi.o(.text)
    __use_no_semihosting_swi                 0x080002d9   Thumb Code     2  use_no_semi.o(.text)
    __semihosting_library_function           0x080002db   Thumb Code     0  indicate_semi.o(.text)
    BusFault_Handler                         0x0800036b   Thumb Code     2  stm32f4xx_it.o(i.BusFault_Handler)
    DebugMon_Handler                         0x0800036d   Thumb Code     2  stm32f4xx_it.o(i.DebugMon_Handler)
    GPIO_Init                                0x0800036f   Thumb Code   162  stm32f4xx_gpio.o(i.GPIO_Init)
    GPIO_PinAFConfig                         0x08000411   Thumb Code    32  stm32f4xx_gpio.o(i.GPIO_PinAFConfig)
    GPIO_ResetBits                           0x08000431   Thumb Code     4  stm32f4xx_gpio.o(i.GPIO_ResetBits)
    GPIO_SetBits                             0x08000435   Thumb Code     4  stm32f4xx_gpio.o(i.GPIO_SetBits)
    HCD_GetCurrentFrame                      0x08000439   Thumb Code     8  usb_hcd.o(i.HCD_GetCurrentFrame)
    HCD_GetCurrentSpeed                      0x08000441   Thumb Code    12  usb_hcd.o(i.HCD_GetCurrentSpeed)
    HCD_GetURB_State                         0x0800044d   Thumb Code     8  usb_hcd.o(i.HCD_GetURB_State)
    HCD_GetXferCnt                           0x08000455   Thumb Code    10  usb_hcd.o(i.HCD_GetXferCnt)
    HCD_Init                                 0x0800045f   Thumb Code    86  usb_hcd.o(i.HCD_Init)
    HCD_IsDeviceConnected                    0x080004b5   Thumb Code     6  usb_hcd.o(i.HCD_IsDeviceConnected)
    HCD_ResetPort                            0x080004bb   Thumb Code    10  usb_hcd.o(i.HCD_ResetPort)
    HCD_SubmitRequest                        0x080004c5   Thumb Code    20  usb_hcd.o(i.HCD_SubmitRequest)
    HardFault_Handler                        0x080004d9   Thumb Code     2  stm32f4xx_it.o(i.HardFault_Handler)
    MemManage_Handler                        0x080004db   Thumb Code     2  stm32f4xx_it.o(i.MemManage_Handler)
    NMI_Handler                              0x080004dd   Thumb Code     2  stm32f4xx_it.o(i.NMI_Handler)
    NVIC_Init                                0x080004e1   Thumb Code    96  misc.o(i.NVIC_Init)
    NVIC_PriorityGroupConfig                 0x08000545   Thumb Code    10  misc.o(i.NVIC_PriorityGroupConfig)
    NVIC_SetVectorTable                      0x08000559   Thumb Code    12  misc.o(i.NVIC_SetVectorTable)
    OTG_FS_IRQHandler                        0x0800056d   Thumb Code     6  stm32f4xx_it.o(i.OTG_FS_IRQHandler)
    PendSV_Handler                           0x08000579   Thumb Code     2  stm32f4xx_it.o(i.PendSV_Handler)
    RCC_AHB1PeriphClockCmd                   0x0800057d   Thumb Code    18  stm32f4xx_rcc.o(i.RCC_AHB1PeriphClockCmd)
    RCC_AHB2PeriphClockCmd                   0x08000595   Thumb Code    18  stm32f4xx_rcc.o(i.RCC_AHB2PeriphClockCmd)
    RCC_APB1PeriphClockCmd                   0x080005ad   Thumb Code    18  stm32f4xx_rcc.o(i.RCC_APB1PeriphClockCmd)
    RCC_APB2PeriphClockCmd                   0x080005c5   Thumb Code    18  stm32f4xx_rcc.o(i.RCC_APB2PeriphClockCmd)
    STM_EVAL_LEDInit                         0x080005dd   Thumb Code    62  stm32f4_discovery.o(i.STM_EVAL_LEDInit)
    STM_EVAL_LEDOff                          0x08000625   Thumb Code    16  stm32f4_discovery.o(i.STM_EVAL_LEDOff)
    STM_EVAL_LEDOn                           0x0800063d   Thumb Code    16  stm32f4_discovery.o(i.STM_EVAL_LEDOn)
    SVC_Handler                              0x08000655   Thumb Code     2  stm32f4xx_it.o(i.SVC_Handler)
    SysTick_Handler                          0x08000731   Thumb Code     2  stm32f4xx_it.o(i.SysTick_Handler)
    SystemInit                               0x08000735   Thumb Code    74  system_stm32f4xx.o(i.SystemInit)
    TIM2_IRQHandler                          0x08000791   Thumb Code     4  stm32f4xx_it.o(i.TIM2_IRQHandler)
    TIM_ARRPreloadConfig                     0x08000795   Thumb Code    20  stm32f4xx_tim.o(i.TIM_ARRPreloadConfig)
    TIM_ClearITPendingBit                    0x080007a9   Thumb Code     6  stm32f4xx_tim.o(i.TIM_ClearITPendingBit)
    TIM_Cmd                                  0x080007af   Thumb Code    20  stm32f4xx_tim.o(i.TIM_Cmd)
    TIM_GetITStatus                          0x080007c3   Thumb Code    24  stm32f4xx_tim.o(i.TIM_GetITStatus)
    TIM_ITConfig                             0x080007db   Thumb Code    16  stm32f4xx_tim.o(i.TIM_ITConfig)
    TIM_TimeBaseInit                         0x080007ed   Thumb Code    96  stm32f4xx_tim.o(i.TIM_TimeBaseInit)
    USBH_Alloc_Channel                       0x08000869   Thumb Code    52  usbh_hcs.o(i.USBH_Alloc_Channel)
    USBH_BulkReceiveData                     0x0800089d   Thumb Code    38  usbh_ioreq.o(i.USBH_BulkReceiveData)
    USBH_BulkSendData                        0x080008c3   Thumb Code    40  usbh_ioreq.o(i.USBH_BulkSendData)
    USBH_ClrFeature                          0x080008eb   Thumb Code    46  usbh_stdreq.o(i.USBH_ClrFeature)
    USBH_Connect                             0x08000919   Thumb Code    18  usbh_core.o(i.USBH_Connect)
    USBH_CtlReceiveData                      0x0800092b   Thumb Code    32  usbh_ioreq.o(i.USBH_CtlReceiveData)
    USBH_CtlReq                              0x0800094b   Thumb Code    80  usbh_ioreq.o(i.USBH_CtlReq)
    USBH_CtlSendData                         0x0800099b   Thumb Code    54  usbh_ioreq.o(i.USBH_CtlSendData)
    USBH_CtlSendSetup                        0x080009d1   Thumb Code    38  usbh_ioreq.o(i.USBH_CtlSendSetup)
    USBH_DeAllocate_AllChannel               0x080009f7   Thumb Code    24  usbh_hcs.o(i.USBH_DeAllocate_AllChannel)
    USBH_DeInit                              0x08000a0f   Thumb Code    52  usbh_core.o(i.USBH_DeInit)
    USBH_Disconnect                          0x08000a43   Thumb Code    18  usbh_core.o(i.USBH_Disconnect)
    USBH_ErrorHandle                         0x08000a55   Thumb Code    44  usbh_core.o(i.USBH_ErrorHandle)
    USBH_Free_Channel                        0x08000a81   Thumb Code    24  usbh_hcs.o(i.USBH_Free_Channel)
    USBH_GetDescriptor                       0x08000a99   Thumb Code    48  usbh_stdreq.o(i.USBH_GetDescriptor)
    USBH_Get_CfgDesc                         0x08000ad7   Thumb Code    58  usbh_stdreq.o(i.USBH_Get_CfgDesc)
    USBH_Get_DevDesc                         0x08000b11   Thumb Code   156  usbh_stdreq.o(i.USBH_Get_DevDesc)
    USBH_Get_StringDesc                      0x08000bad   Thumb Code    72  usbh_stdreq.o(i.USBH_Get_StringDesc)
    USBH_HandleControl                       0x08000bf5   Thumb Code   454  usbh_core.o(i.USBH_HandleControl)
    USBH_Init                                0x08000f59   Thumb Code    76  usbh_core.o(i.USBH_Init)
    USBH_MSC_BOT_Abort                       0x08000fa9   Thumb Code    48  usbh_msc_bot.o(i.USBH_MSC_BOT_Abort)
    USBH_MSC_DecodeCSW                       0x08000fed   Thumb Code    78  usbh_msc_bot.o(i.USBH_MSC_DecodeCSW)
    USBH_MSC_ErrorHandle                     0x08001049   Thumb Code    42  usbh_msc_core.o(i.USBH_MSC_ErrorHandle)
    USBH_MSC_HandleBOTXfer                   0x080011e1   Thumb Code   502  usbh_msc_bot.o(i.USBH_MSC_HandleBOTXfer)
    USBH_MSC_Init                            0x080013e5   Thumb Code    40  usbh_msc_bot.o(i.USBH_MSC_Init)
    USBH_MSC_ModeSense6                      0x080014f9   Thumb Code   142  usbh_msc_scsi.o(i.USBH_MSC_ModeSense6)
    USBH_MSC_Read10                          0x08001595   Thumb Code   202  usbh_msc_scsi.o(i.USBH_MSC_Read10)
    USBH_MSC_ReadCapacity10                  0x0800166d   Thumb Code   148  usbh_msc_scsi.o(i.USBH_MSC_ReadCapacity10)
    USBH_MSC_RequestSense                    0x0800170d   Thumb Code   146  usbh_msc_scsi.o(i.USBH_MSC_RequestSense)
    USBH_MSC_TestUnitReady                   0x080017ad   Thumb Code   116  usbh_msc_scsi.o(i.USBH_MSC_TestUnitReady)
    USBH_MSC_Write10                         0x0800182d   Thumb Code   146  usbh_msc_scsi.o(i.USBH_MSC_Write10)
    USBH_Modify_Channel                      0x080018c9   Thumb Code    50  usbh_hcs.o(i.USBH_Modify_Channel)
    USBH_OTG_ISR_Handler                     0x080018fb   Thumb Code   168  usb_hcd_int.o(i.USBH_OTG_ISR_Handler)
    USBH_Open_Channel                        0x080019a3   Thumb Code    84  usbh_hcs.o(i.USBH_Open_Channel)
    USBH_Process                             0x08001ae1   Thumb Code   418  usbh_core.o(i.USBH_Process)
    USBH_SetAddress                          0x08001c83   Thumb Code    24  usbh_stdreq.o(i.USBH_SetAddress)
    USBH_SetCfg                              0x08001c9b   Thumb Code    24  usbh_stdreq.o(i.USBH_SetCfg)
    USBH_USR_Configuration_DescAvailable     0x08001cb3   Thumb Code     2  usbh_usr.o(i.USBH_USR_Configuration_DescAvailable)
    USBH_USR_DeInit                          0x08001cb5   Thumb Code     8  usbh_usr.o(i.USBH_USR_DeInit)
    USBH_USR_DeviceAddressAssigned           0x08001cc1   Thumb Code     2  usbh_usr.o(i.USBH_USR_DeviceAddressAssigned)
    USBH_USR_DeviceAttached                  0x08001cc3   Thumb Code     6  usbh_usr.o(i.USBH_USR_DeviceAttached)
    USBH_USR_DeviceDisconnected              0x08001cc9   Thumb Code     6  usbh_usr.o(i.USBH_USR_DeviceDisconnected)
    USBH_USR_DeviceNotSupported              0x08001ccf   Thumb Code     2  usbh_usr.o(i.USBH_USR_DeviceNotSupported)
    USBH_USR_DeviceSpeedDetected             0x08001cd1   Thumb Code     2  usbh_usr.o(i.USBH_USR_DeviceSpeedDetected)
    USBH_USR_Device_DescAvailable            0x08001cd3   Thumb Code     2  usbh_usr.o(i.USBH_USR_Device_DescAvailable)
    USBH_USR_EnumerationDone                 0x08001cd5   Thumb Code     2  usbh_usr.o(i.USBH_USR_EnumerationDone)
    USBH_USR_Init                            0x08001cd7   Thumb Code     2  usbh_usr.o(i.USBH_USR_Init)
    USBH_USR_MSC_Application                 0x08001cd9   Thumb Code    52  usbh_usr.o(i.USBH_USR_MSC_Application)
    USBH_USR_Manufacturer_String             0x08001d19   Thumb Code     2  usbh_usr.o(i.USBH_USR_Manufacturer_String)
    USBH_USR_OverCurrentDetected             0x08001d1b   Thumb Code     2  usbh_usr.o(i.USBH_USR_OverCurrentDetected)
    USBH_USR_Product_String                  0x08001d1d   Thumb Code     2  usbh_usr.o(i.USBH_USR_Product_String)
    USBH_USR_ResetDevice                     0x08001d1f   Thumb Code     2  usbh_usr.o(i.USBH_USR_ResetDevice)
    USBH_USR_SerialNum_String                0x08001d21   Thumb Code     2  usbh_usr.o(i.USBH_USR_SerialNum_String)
    USBH_USR_UnrecoveredError                0x08001d23   Thumb Code     2  usbh_usr.o(i.USBH_USR_UnrecoveredError)
    USBH_USR_UserInput                       0x08001d25   Thumb Code     4  usbh_usr.o(i.USBH_USR_UserInput)
    USB_OTG_BSP_ConfigVBUS                   0x08001d29   Thumb Code    60  usb_bsp.o(i.USB_OTG_BSP_ConfigVBUS)
    USB_OTG_BSP_DriveVBUS                    0x08001d69   Thumb Code    18  usb_bsp.o(i.USB_OTG_BSP_DriveVBUS)
    USB_OTG_BSP_EnableInterrupt              0x08001d81   Thumb Code    64  usb_bsp.o(i.USB_OTG_BSP_EnableInterrupt)
    USB_OTG_BSP_Init                         0x08001dc1   Thumb Code   180  usb_bsp.o(i.USB_OTG_BSP_Init)
    USB_OTG_BSP_TimerIRQ                     0x08001e79   Thumb Code    50  usb_bsp.o(i.USB_OTG_BSP_TimerIRQ)
    USB_OTG_BSP_mDelay                       0x08001eb1   Thumb Code     6  usb_bsp.o(i.USB_OTG_BSP_mDelay)
    USB_OTG_BSP_uDelay                       0x08001eb7   Thumb Code     6  usb_bsp.o(i.USB_OTG_BSP_uDelay)
    USB_OTG_CoreInit                         0x08001ebd   Thumb Code   218  usb_core.o(i.USB_OTG_CoreInit)
    USB_OTG_CoreInitHost                     0x08001f99   Thumb Code   150  usb_core.o(i.USB_OTG_CoreInitHost)
    USB_OTG_DisableGlobalInt                 0x08002089   Thumb Code    16  usb_core.o(i.USB_OTG_DisableGlobalInt)
    USB_OTG_DriveVbus                        0x08002099   Thumb Code    58  usb_core.o(i.USB_OTG_DriveVbus)
    USB_OTG_EnableGlobalInt                  0x080020d3   Thumb Code    16  usb_core.o(i.USB_OTG_EnableGlobalInt)
    USB_OTG_EnableHostInt                    0x080020e5   Thumb Code    62  usb_core.o(i.USB_OTG_EnableHostInt)
    USB_OTG_FlushRxFifo                      0x08002129   Thumb Code    52  usb_core.o(i.USB_OTG_FlushRxFifo)
    USB_OTG_FlushTxFifo                      0x08002161   Thumb Code    60  usb_core.o(i.USB_OTG_FlushTxFifo)
    USB_OTG_HC_DoPing                        0x080021a1   Thumb Code    42  usb_core.o(i.USB_OTG_HC_DoPing)
    USB_OTG_HC_Halt                          0x080021cb   Thumb Code    60  usb_core.o(i.USB_OTG_HC_Halt)
    USB_OTG_HC_Init                          0x08002207   Thumb Code   236  usb_core.o(i.USB_OTG_HC_Init)
    USB_OTG_HC_StartXfer                     0x080022f3   Thumb Code   258  usb_core.o(i.USB_OTG_HC_StartXfer)
    USB_OTG_InitFSLSPClkSel                  0x080023f5   Thumb Code    12  usb_core.o(i.USB_OTG_InitFSLSPClkSel)
    USB_OTG_IsEvenFrame                      0x08002401   Thumb Code    12  usb_core.o(i.USB_OTG_IsEvenFrame)
    USB_OTG_IsHostMode                       0x0800240d   Thumb Code    14  usb_core.o(i.USB_OTG_IsHostMode)
    USB_OTG_ReadCoreItr                      0x0800241b   Thumb Code    10  usb_core.o(i.USB_OTG_ReadCoreItr)
    USB_OTG_ReadHPRT0                        0x08002425   Thumb Code    12  usb_core.o(i.USB_OTG_ReadHPRT0)
    USB_OTG_ReadHostAllChannels_intr         0x08002431   Thumb Code     6  usb_core.o(i.USB_OTG_ReadHostAllChannels_intr)
    USB_OTG_ReadPacket                       0x08002437   Thumb Code    32  usb_core.o(i.USB_OTG_ReadPacket)
    USB_OTG_ResetPort                        0x08002457   Thumb Code    42  usb_core.o(i.USB_OTG_ResetPort)
    USB_OTG_SelectCore                       0x08002481   Thumb Code   188  usb_core.o(i.USB_OTG_SelectCore)
    USB_OTG_SetCurrentMode                   0x08002541   Thumb Code    42  usb_core.o(i.USB_OTG_SetCurrentMode)
    USB_OTG_WritePacket                      0x080032d7   Thumb Code    40  usb_core.o(i.USB_OTG_WritePacket)
    UsageFault_Handler                       0x080032ff   Thumb Code     2  stm32f4xx_it.o(i.UsageFault_Handler)
    chk_mounted                              0x0800335d   Thumb Code   482  ff.o(i.chk_mounted)
    clust2sect                               0x0800354d   Thumb Code    24  ff.o(i.clust2sect)
    disk_initialize                          0x080038ed   Thumb Code    24  usbh_msc_fatfs.o(i.disk_initialize)
    disk_ioctl                               0x0800390d   Thumb Code    56  usbh_msc_fatfs.o(i.disk_ioctl)
    disk_read                                0x0800394d   Thumb Code    86  usbh_msc_fatfs.o(i.disk_read)
    disk_status                              0x080039b1   Thumb Code    12  usbh_msc_fatfs.o(i.disk_status)
    disk_write                               0x080039c1   Thumb Code    96  usbh_msc_fatfs.o(i.disk_write)
    f_close                                  0x08003a2d   Thumb Code    18  ff.o(i.f_close)
    f_mkdir                                  0x08003a3f   Thumb Code   386  ff.o(i.f_mkdir)
    f_mount                                  0x08003bc1   Thumb Code    26  ff.o(i.f_mount)
    f_open                                   0x08003be1   Thumb Code   324  ff.o(i.f_open)
    f_opendir                                0x08003d25   Thumb Code    78  ff.o(i.f_opendir)
    f_printf                                 0x08003d73   Thumb Code   302  ff.o(i.f_printf)
    f_putc                                   0x08003ea1   Thumb Code    48  ff.o(i.f_putc)
    f_puts                                   0x08003ed1   Thumb Code    40  ff.o(i.f_puts)
    f_sync                                   0x08003ef9   Thumb Code   164  ff.o(i.f_sync)
    f_write                                  0x08003f9d   Thumb Code   438  ff.o(i.f_write)
    get_fat                                  0x0800420f   Thumb Code   206  ff.o(i.get_fat)
    get_fattime                              0x080042dd   Thumb Code     4  fattime.o(i.get_fattime)
    main                                     0x080042e1   Thumb Code   220  main.o(i.main)
    put_fat                                  0x0800449b   Thumb Code   306  ff.o(i.put_fat)
    _fp_init                                 0x08004707   Thumb Code    10  fpinit.o(x$fpl$fpinit)
    __fplib_config_fpu_vfp                   0x0800470f   Thumb Code     0  fpinit.o(x$fpl$fpinit)
    __fplib_config_pureend_doubles           0x0800470f   Thumb Code     0  fpinit.o(x$fpl$fpinit)
    BUTTON_PORT_SOURCE                       0x08004710   Data           1  stm32f4_discovery.o(.constdata)
    BUTTON_PIN_SOURCE                        0x08004711   Data           1  stm32f4_discovery.o(.constdata)
    BUTTON_IRQn                              0x08004712   Data           1  stm32f4_discovery.o(.constdata)
    BUTTON_PIN                               0x08004714   Data           2  stm32f4_discovery.o(.constdata)
    BUTTON_EXTI_LINE                         0x08004716   Data           2  stm32f4_discovery.o(.constdata)
    BUTTON_CLK                               0x08004718   Data           4  stm32f4_discovery.o(.constdata)
    GPIO_PIN                                 0x0800471c   Data           8  stm32f4_discovery.o(.constdata)
    GPIO_CLK                                 0x08004724   Data          16  stm32f4_discovery.o(.constdata)
    Region$$Table$$Base                      0x080047f8   Number         0  anon$$obj.o(Region$$Table)
    Region$$Table$$Limit                     0x08004818   Number         0  anon$$obj.o(Region$$Table)
    BytesWritten                             0x20000000   Data           4  main.o(.data)
    WriteBuf                                 0x20000004   Data          16  main.o(.data)
    BSP_delay                                0x20000014   Data           4  usb_bsp.o(.data)
    USR_Callbacks                            0x20000018   Data          72  usbh_usr.o(.data)
    USB_MSC_InitOk                           0x20000061   Data           1  usbh_usr.o(.data)
    BUTTON_PORT                              0x20000064   Data           4  stm32f4_discovery.o(.data)
    GPIO_PORT                                0x20000068   Data          16  stm32f4_discovery.o(.data)
    USBH_DeviceConnStatus_cb                 0x2000007c   Data          12  usbh_core.o(.data)
    MSCErrorCount                            0x20000098   Data           1  usbh_msc_core.o(.data)
    USBH_MSC_cb                              0x2000009c   Data          16  usbh_msc_core.o(.data)
    USB_OTG_Core                             0x200000b8   Data        1200  main.o(.bss)
    USB_Host                                 0x20000568   Data         132  main.o(.bss)
    dir                                      0x200005ec   Data          28  main.o(.bss)
    fileR                                    0x20000608   Data        1060  main.o(.bss)
    fatfs                                    0x20000a2c   Data        1072  usbh_usr.o(.bss)
    USBH_MSC_CBWData                         0x20000e5c   Data          32  usbh_msc_bot.o(.bss)
    USBH_MSC_CSWData                         0x20000e7c   Data          16  usbh_msc_bot.o(.bss)
    USBH_MSC_BOTXferParam                    0x20000e8c   Data          16  usbh_msc_bot.o(.bss)
    MSC_Machine                              0x20000e9c   Data          74  usbh_msc_core.o(.bss)
    USBH_MSC_Param                           0x20000ee8   Data          16  usbh_msc_scsi.o(.bss)
    USBH_DataInBuffer                        0x20000ef8   Data         512  usbh_msc_scsi.o(.bss)
    __libspace_start                         0x200010f8   Data          96  libspace.o(.bss)
    __temporary_stack_top$libspace           0x20001158   Data           0  libspace.o(.bss)



==============================================================================

Memory Map of the image

  Image Entry point : 0x08000189

  Load Region LR_IROM1 (Base: 0x08000000, Size: 0x000048d0, Max: 0x00100000, ABSOLUTE)

    Execution Region ER_IROM1 (Base: 0x08000000, Size: 0x00004818, Max: 0x00100000, ABSOLUTE)

    Base Addr    Size         Type   Attr      Idx    E Section Name        Object

    0x08000000   0x00000188   Data   RO            3    RESET               startup_stm32f4xx.o
    0x08000188   0x00000008   Code   RO         2946  * !!!main             c_w.l(__main.o)
    0x08000190   0x00000034   Code   RO         3102    !!!scatter          c_w.l(__scatter.o)
    0x080001c4   0x0000001a   Code   RO         3104    !!handler_copy      c_w.l(__scatter_copy.o)
    0x080001de   0x00000002   PAD
    0x080001e0   0x0000001c   Code   RO         3106    !!handler_zi        c_w.l(__scatter_zi.o)
    0x080001fc   0x00000002   Code   RO         2973    .ARM.Collect$$libinit$$00000000  c_w.l(libinit.o)
    0x080001fe   0x00000004   Code   RO         2979    .ARM.Collect$$libinit$$00000001  c_w.l(libinit2.o)
    0x08000202   0x00000000   Code   RO         2982    .ARM.Collect$$libinit$$00000004  c_w.l(libinit2.o)
    0x08000202   0x00000000   Code   RO         2985    .ARM.Collect$$libinit$$0000000A  c_w.l(libinit2.o)
    0x08000202   0x00000000   Code   RO         2987    .ARM.Collect$$libinit$$0000000C  c_w.l(libinit2.o)
    0x08000202   0x00000000   Code   RO         2989    .ARM.Collect$$libinit$$0000000E  c_w.l(libinit2.o)
    0x08000202   0x00000000   Code   RO         2992    .ARM.Collect$$libinit$$00000011  c_w.l(libinit2.o)
    0x08000202   0x00000000   Code   RO         2994    .ARM.Collect$$libinit$$00000013  c_w.l(libinit2.o)
    0x08000202   0x00000000   Code   RO         2996    .ARM.Collect$$libinit$$00000015  c_w.l(libinit2.o)
    0x08000202   0x00000000   Code   RO         2998    .ARM.Collect$$libinit$$00000017  c_w.l(libinit2.o)
    0x08000202   0x00000000   Code   RO         3000    .ARM.Collect$$libinit$$00000019  c_w.l(libinit2.o)
    0x08000202   0x00000000   Code   RO         3002    .ARM.Collect$$libinit$$0000001B  c_w.l(libinit2.o)
    0x08000202   0x00000000   Code   RO         3004    .ARM.Collect$$libinit$$0000001D  c_w.l(libinit2.o)
    0x08000202   0x00000000   Code   RO         3006    .ARM.Collect$$libinit$$0000001F  c_w.l(libinit2.o)
    0x08000202   0x00000000   Code   RO         3008    .ARM.Collect$$libinit$$00000021  c_w.l(libinit2.o)
    0x08000202   0x00000000   Code   RO         3010    .ARM.Collect$$libinit$$00000023  c_w.l(libinit2.o)
    0x08000202   0x00000000   Code   RO         3012    .ARM.Collect$$libinit$$00000025  c_w.l(libinit2.o)
    0x08000202   0x00000000   Code   RO         3016    .ARM.Collect$$libinit$$0000002C  c_w.l(libinit2.o)
    0x08000202   0x00000000   Code   RO         3018    .ARM.Collect$$libinit$$0000002E  c_w.l(libinit2.o)
    0x08000202   0x00000000   Code   RO         3020    .ARM.Collect$$libinit$$00000030  c_w.l(libinit2.o)
    0x08000202   0x00000000   Code   RO         3022    .ARM.Collect$$libinit$$00000032  c_w.l(libinit2.o)
    0x08000202   0x00000002   Code   RO         3023    .ARM.Collect$$libinit$$00000033  c_w.l(libinit2.o)
    0x08000204   0x00000002   Code   RO         3043    .ARM.Collect$$libshutdown$$00000000  c_w.l(libshutdown.o)
    0x08000206   0x00000000   Code   RO         3057    .ARM.Collect$$libshutdown$$00000003  c_w.l(libshutdown2.o)
    0x08000206   0x00000000   Code   RO         3060    .ARM.Collect$$libshutdown$$00000006  c_w.l(libshutdown2.o)
    0x08000206   0x00000000   Code   RO         3063    .ARM.Collect$$libshutdown$$00000009  c_w.l(libshutdown2.o)
    0x08000206   0x00000000   Code   RO         3065    .ARM.Collect$$libshutdown$$0000000B  c_w.l(libshutdown2.o)
    0x08000206   0x00000000   Code   RO         3068    .ARM.Collect$$libshutdown$$0000000E  c_w.l(libshutdown2.o)
    0x08000206   0x00000002   Code   RO         3069    .ARM.Collect$$libshutdown$$0000000F  c_w.l(libshutdown2.o)
    0x08000208   0x00000000   Code   RO         2948    .ARM.Collect$$rtentry$$00000000  c_w.l(__rtentry.o)
    0x08000208   0x00000000   Code   RO         2950    .ARM.Collect$$rtentry$$00000002  c_w.l(__rtentry2.o)
    0x08000208   0x00000006   Code   RO         2962    .ARM.Collect$$rtentry$$00000004  c_w.l(__rtentry4.o)
    0x0800020e   0x00000000   Code   RO         2952    .ARM.Collect$$rtentry$$00000009  c_w.l(__rtentry2.o)
    0x0800020e   0x00000004   Code   RO         2953    .ARM.Collect$$rtentry$$0000000A  c_w.l(__rtentry2.o)
    0x08000212   0x00000000   Code   RO         2955    .ARM.Collect$$rtentry$$0000000C  c_w.l(__rtentry2.o)
    0x08000212   0x00000008   Code   RO         2956    .ARM.Collect$$rtentry$$0000000D  c_w.l(__rtentry2.o)
    0x0800021a   0x00000002   Code   RO         2977    .ARM.Collect$$rtexit$$00000000  c_w.l(rtexit.o)
    0x0800021c   0x00000000   Code   RO         3025    .ARM.Collect$$rtexit$$00000002  c_w.l(rtexit2.o)
    0x0800021c   0x00000004   Code   RO         3026    .ARM.Collect$$rtexit$$00000003  c_w.l(rtexit2.o)
    0x08000220   0x00000006   Code   RO         3027    .ARM.Collect$$rtexit$$00000004  c_w.l(rtexit2.o)
    0x08000226   0x00000002   PAD
    0x08000228   0x00000040   Code   RO            4    .text               startup_stm32f4xx.o
    0x08000268   0x00000006   Code   RO         2944    .text               c_w.l(heapauxi.o)
    0x0800026e   0x0000004a   Code   RO         2964    .text               c_w.l(sys_stackheap_outer.o)
    0x080002b8   0x0000000c   Code   RO         2966    .text               c_w.l(exit.o)
    0x080002c4   0x00000008   Code   RO         2974    .text               c_w.l(libspace.o)
    0x080002cc   0x0000000c   Code   RO         3035    .text               c_w.l(sys_exit.o)
    0x080002d8   0x00000002   Code   RO         3046    .text               c_w.l(use_no_semi.o)
    0x080002da   0x00000000   Code   RO         3048    .text               c_w.l(indicate_semi.o)
    0x080002da   0x00000002   PAD
    0x080002dc   0x00000024   Code   RO          323    i.BSP_Delay         usb_bsp.o
    0x08000300   0x0000006a   Code   RO          325    i.BSP_SetTime       usb_bsp.o
    0x0800036a   0x00000002   Code   RO          213    i.BusFault_Handler  stm32f4xx_it.o
    0x0800036c   0x00000002   Code   RO          214    i.DebugMon_Handler  stm32f4xx_it.o
    0x0800036e   0x000000a2   Code   RO          989    i.GPIO_Init         stm32f4xx_gpio.o
    0x08000410   0x00000020   Code   RO          990    i.GPIO_PinAFConfig  stm32f4xx_gpio.o
    0x08000430   0x00000004   Code   RO          996    i.GPIO_ResetBits    stm32f4xx_gpio.o
    0x08000434   0x00000004   Code   RO          997    i.GPIO_SetBits      stm32f4xx_gpio.o
    0x08000438   0x00000008   Code   RO         2121    i.HCD_GetCurrentFrame  usb_hcd.o
    0x08000440   0x0000000c   Code   RO         2122    i.HCD_GetCurrentSpeed  usb_hcd.o
    0x0800044c   0x00000008   Code   RO         2124    i.HCD_GetURB_State  usb_hcd.o
    0x08000454   0x0000000a   Code   RO         2125    i.HCD_GetXferCnt    usb_hcd.o
    0x0800045e   0x00000056   Code   RO         2127    i.HCD_Init          usb_hcd.o
    0x080004b4   0x00000006   Code   RO         2128    i.HCD_IsDeviceConnected  usb_hcd.o
    0x080004ba   0x0000000a   Code   RO         2129    i.HCD_ResetPort     usb_hcd.o
    0x080004c4   0x00000014   Code   RO         2130    i.HCD_SubmitRequest  usb_hcd.o
    0x080004d8   0x00000002   Code   RO          215    i.HardFault_Handler  stm32f4xx_it.o
    0x080004da   0x00000002   Code   RO          216    i.MemManage_Handler  stm32f4xx_it.o
    0x080004dc   0x00000002   Code   RO          217    i.NMI_Handler       stm32f4xx_it.o
    0x080004de   0x00000002   PAD
    0x080004e0   0x00000064   Code   RO          576    i.NVIC_Init         misc.o
    0x08000544   0x00000014   Code   RO          577    i.NVIC_PriorityGroupConfig  misc.o
    0x08000558   0x00000014   Code   RO          578    i.NVIC_SetVectorTable  misc.o
    0x0800056c   0x0000000c   Code   RO          218    i.OTG_FS_IRQHandler  stm32f4xx_it.o
    0x08000578   0x00000002   Code   RO          219    i.PendSV_Handler    stm32f4xx_it.o
    0x0800057a   0x00000002   PAD
    0x0800057c   0x00000018   Code   RO         1082    i.RCC_AHB1PeriphClockCmd  stm32f4xx_rcc.o
    0x08000594   0x00000018   Code   RO         1085    i.RCC_AHB2PeriphClockCmd  stm32f4xx_rcc.o
    0x080005ac   0x00000018   Code   RO         1091    i.RCC_APB1PeriphClockCmd  stm32f4xx_rcc.o
    0x080005c4   0x00000018   Code   RO         1094    i.RCC_APB2PeriphClockCmd  stm32f4xx_rcc.o
    0x080005dc   0x00000048   Code   RO          525    i.STM_EVAL_LEDInit  stm32f4_discovery.o
    0x08000624   0x00000018   Code   RO          526    i.STM_EVAL_LEDOff   stm32f4_discovery.o
    0x0800063c   0x00000018   Code   RO          527    i.STM_EVAL_LEDOn    stm32f4_discovery.o
    0x08000654   0x00000002   Code   RO          220    i.SVC_Handler       stm32f4xx_it.o
    0x08000656   0x00000002   PAD
    0x08000658   0x000000d8   Code   RO          290    i.SetSysClock       system_stm32f4xx.o
    0x08000730   0x00000002   Code   RO          221    i.SysTick_Handler   stm32f4xx_it.o
    0x08000732   0x00000002   PAD
    0x08000734   0x0000005c   Code   RO          292    i.SystemInit        system_stm32f4xx.o
    0x08000790   0x00000004   Code   RO          222    i.TIM2_IRQHandler   stm32f4xx_it.o
    0x08000794   0x00000014   Code   RO         1406    i.TIM_ARRPreloadConfig  stm32f4xx_tim.o
    0x080007a8   0x00000006   Code   RO         1413    i.TIM_ClearITPendingBit  stm32f4xx_tim.o
    0x080007ae   0x00000014   Code   RO         1418    i.TIM_Cmd           stm32f4xx_tim.o
    0x080007c2   0x00000018   Code   RO         1439    i.TIM_GetITStatus   stm32f4xx_tim.o
    0x080007da   0x00000010   Code   RO         1443    i.TIM_ITConfig      stm32f4xx_tim.o
    0x080007ea   0x00000002   PAD
    0x080007ec   0x0000007c   Code   RO         1490    i.TIM_TimeBaseInit  stm32f4xx_tim.o
    0x08000868   0x00000034   Code   RO         2323    i.USBH_Alloc_Channel  usbh_hcs.o
    0x0800089c   0x00000026   Code   RO         2363    i.USBH_BulkReceiveData  usbh_ioreq.o
    0x080008c2   0x00000028   Code   RO         2364    i.USBH_BulkSendData  usbh_ioreq.o
    0x080008ea   0x0000002e   Code   RO         2421    i.USBH_ClrFeature   usbh_stdreq.o
    0x08000918   0x00000012   Code   RO         2257    i.USBH_Connect      usbh_core.o
    0x0800092a   0x00000020   Code   RO         2365    i.USBH_CtlReceiveData  usbh_ioreq.o
    0x0800094a   0x00000050   Code   RO         2366    i.USBH_CtlReq       usbh_ioreq.o
    0x0800099a   0x00000036   Code   RO         2367    i.USBH_CtlSendData  usbh_ioreq.o
    0x080009d0   0x00000026   Code   RO         2368    i.USBH_CtlSendSetup  usbh_ioreq.o
    0x080009f6   0x00000018   Code   RO         2324    i.USBH_DeAllocate_AllChannel  usbh_hcs.o
    0x08000a0e   0x00000034   Code   RO         2258    i.USBH_DeInit       usbh_core.o
    0x08000a42   0x00000012   Code   RO         2259    i.USBH_Disconnect   usbh_core.o
    0x08000a54   0x0000002c   Code   RO         2260    i.USBH_ErrorHandle  usbh_core.o
    0x08000a80   0x00000018   Code   RO         2325    i.USBH_Free_Channel  usbh_hcs.o
    0x08000a98   0x00000030   Code   RO         2422    i.USBH_GetDescriptor  usbh_stdreq.o
    0x08000ac8   0x0000000e   Code   RO         2423    i.USBH_GetNextDesc  usbh_stdreq.o
    0x08000ad6   0x0000003a   Code   RO         2424    i.USBH_Get_CfgDesc  usbh_stdreq.o
    0x08000b10   0x0000009c   Code   RO         2425    i.USBH_Get_DevDesc  usbh_stdreq.o
    0x08000bac   0x00000048   Code   RO         2426    i.USBH_Get_StringDesc  usbh_stdreq.o
    0x08000bf4   0x000001cc   Code   RO         2261    i.USBH_HandleControl  usbh_core.o
    0x08000dc0   0x00000198   Code   RO         2262    i.USBH_HandleEnum   usbh_core.o
    0x08000f58   0x00000050   Code   RO         2263    i.USBH_Init         usbh_core.o
    0x08000fa8   0x00000038   Code   RO         2483    i.USBH_MSC_BOT_Abort  usbh_msc_bot.o
    0x08000fe0   0x0000000c   Code   RO         2528    i.USBH_MSC_ClassRequest  usbh_msc_core.o
    0x08000fec   0x0000005c   Code   RO         2484    i.USBH_MSC_DecodeCSW  usbh_msc_bot.o
    0x08001048   0x00000034   Code   RO         2529    i.USBH_MSC_ErrorHandle  usbh_msc_core.o
    0x0800107c   0x00000164   Code   RO         2530    i.USBH_MSC_Handle   usbh_msc_core.o
    0x080011e0   0x00000204   Code   RO         2485    i.USBH_MSC_HandleBOTXfer  usbh_msc_bot.o
    0x080013e4   0x0000003c   Code   RO         2486    i.USBH_MSC_Init     usbh_msc_bot.o
    0x08001420   0x00000038   Code   RO         2531    i.USBH_MSC_InterfaceDeInit  usbh_msc_core.o
    0x08001458   0x000000a0   Code   RO         2532    i.USBH_MSC_InterfaceInit  usbh_msc_core.o
    0x080014f8   0x0000009c   Code   RO         2619    i.USBH_MSC_ModeSense6  usbh_msc_scsi.o
    0x08001594   0x000000d8   Code   RO         2620    i.USBH_MSC_Read10   usbh_msc_scsi.o
    0x0800166c   0x000000a0   Code   RO         2621    i.USBH_MSC_ReadCapacity10  usbh_msc_scsi.o
    0x0800170c   0x000000a0   Code   RO         2622    i.USBH_MSC_RequestSense  usbh_msc_scsi.o
    0x080017ac   0x00000080   Code   RO         2623    i.USBH_MSC_TestUnitReady  usbh_msc_scsi.o
    0x0800182c   0x0000009c   Code   RO         2624    i.USBH_MSC_Write10  usbh_msc_scsi.o
    0x080018c8   0x00000032   Code   RO         2326    i.USBH_Modify_Channel  usbh_hcs.o
    0x080018fa   0x000000a8   Code   RO         2191    i.USBH_OTG_ISR_Handler  usb_hcd_int.o
    0x080019a2   0x00000054   Code   RO         2327    i.USBH_Open_Channel  usbh_hcs.o
    0x080019f6   0x000000ea   Code   RO         2427    i.USBH_ParseCfgDesc  usbh_stdreq.o
    0x08001ae0   0x000001a2   Code   RO         2264    i.USBH_Process      usbh_core.o
    0x08001c82   0x00000018   Code   RO         2428    i.USBH_SetAddress   usbh_stdreq.o
    0x08001c9a   0x00000018   Code   RO         2429    i.USBH_SetCfg       usbh_stdreq.o
    0x08001cb2   0x00000002   Code   RO          395    i.USBH_USR_Configuration_DescAvailable  usbh_usr.o
    0x08001cb4   0x0000000c   Code   RO          396    i.USBH_USR_DeInit   usbh_usr.o
    0x08001cc0   0x00000002   Code   RO          397    i.USBH_USR_DeviceAddressAssigned  usbh_usr.o
    0x08001cc2   0x00000006   Code   RO          398    i.USBH_USR_DeviceAttached  usbh_usr.o
    0x08001cc8   0x00000006   Code   RO          399    i.USBH_USR_DeviceDisconnected  usbh_usr.o
    0x08001cce   0x00000002   Code   RO          400    i.USBH_USR_DeviceNotSupported  usbh_usr.o
    0x08001cd0   0x00000002   Code   RO          401    i.USBH_USR_DeviceSpeedDetected  usbh_usr.o
    0x08001cd2   0x00000002   Code   RO          402    i.USBH_USR_Device_DescAvailable  usbh_usr.o
    0x08001cd4   0x00000002   Code   RO          403    i.USBH_USR_EnumerationDone  usbh_usr.o
    0x08001cd6   0x00000002   Code   RO          404    i.USBH_USR_Init     usbh_usr.o
    0x08001cd8   0x00000040   Code   RO          405    i.USBH_USR_MSC_Application  usbh_usr.o
    0x08001d18   0x00000002   Code   RO          406    i.USBH_USR_Manufacturer_String  usbh_usr.o
    0x08001d1a   0x00000002   Code   RO          407    i.USBH_USR_OverCurrentDetected  usbh_usr.o
    0x08001d1c   0x00000002   Code   RO          408    i.USBH_USR_Product_String  usbh_usr.o
    0x08001d1e   0x00000002   Code   RO          409    i.USBH_USR_ResetDevice  usbh_usr.o
    0x08001d20   0x00000002   Code   RO          410    i.USBH_USR_SerialNum_String  usbh_usr.o
    0x08001d22   0x00000002   Code   RO          411    i.USBH_USR_UnrecoveredError  usbh_usr.o
    0x08001d24   0x00000004   Code   RO          412    i.USBH_USR_UserInput  usbh_usr.o
    0x08001d28   0x00000040   Code   RO          326    i.USB_OTG_BSP_ConfigVBUS  usb_bsp.o
    0x08001d68   0x00000018   Code   RO          327    i.USB_OTG_BSP_DriveVBUS  usb_bsp.o
    0x08001d80   0x00000040   Code   RO          328    i.USB_OTG_BSP_EnableInterrupt  usb_bsp.o
    0x08001dc0   0x000000b8   Code   RO          329    i.USB_OTG_BSP_Init  usb_bsp.o
    0x08001e78   0x00000038   Code   RO          330    i.USB_OTG_BSP_TimerIRQ  usb_bsp.o
    0x08001eb0   0x00000006   Code   RO          331    i.USB_OTG_BSP_mDelay  usb_bsp.o
    0x08001eb6   0x00000006   Code   RO          332    i.USB_OTG_BSP_uDelay  usb_bsp.o
    0x08001ebc   0x000000da   Code   RO         1947    i.USB_OTG_CoreInit  usb_core.o
    0x08001f96   0x00000002   PAD
    0x08001f98   0x00000096   Code   RO         1948    i.USB_OTG_CoreInitHost  usb_core.o
    0x0800202e   0x00000002   PAD
    0x08002030   0x00000058   Code   RO         1949    i.USB_OTG_CoreReset  usb_core.o
    0x08002088   0x00000010   Code   RO         1950    i.USB_OTG_DisableGlobalInt  usb_core.o
    0x08002098   0x0000003a   Code   RO         1951    i.USB_OTG_DriveVbus  usb_core.o
    0x080020d2   0x00000010   Code   RO         1952    i.USB_OTG_EnableGlobalInt  usb_core.o
    0x080020e2   0x00000002   PAD
    0x080020e4   0x00000044   Code   RO         1953    i.USB_OTG_EnableHostInt  usb_core.o
    0x08002128   0x00000038   Code   RO         1954    i.USB_OTG_FlushRxFifo  usb_core.o
    0x08002160   0x00000040   Code   RO         1955    i.USB_OTG_FlushTxFifo  usb_core.o
    0x080021a0   0x0000002a   Code   RO         1957    i.USB_OTG_HC_DoPing  usb_core.o
    0x080021ca   0x0000003c   Code   RO         1958    i.USB_OTG_HC_Halt   usb_core.o
    0x08002206   0x000000ec   Code   RO         1959    i.USB_OTG_HC_Init   usb_core.o
    0x080022f2   0x00000102   Code   RO         1960    i.USB_OTG_HC_StartXfer  usb_core.o
    0x080023f4   0x0000000c   Code   RO         1961    i.USB_OTG_InitFSLSPClkSel  usb_core.o
    0x08002400   0x0000000c   Code   RO         1963    i.USB_OTG_IsEvenFrame  usb_core.o
    0x0800240c   0x0000000e   Code   RO         1964    i.USB_OTG_IsHostMode  usb_core.o
    0x0800241a   0x0000000a   Code   RO         1965    i.USB_OTG_ReadCoreItr  usb_core.o
    0x08002424   0x0000000c   Code   RO         1966    i.USB_OTG_ReadHPRT0  usb_core.o
    0x08002430   0x00000006   Code   RO         1967    i.USB_OTG_ReadHostAllChannels_intr  usb_core.o
    0x08002436   0x00000020   Code   RO         1969    i.USB_OTG_ReadPacket  usb_core.o
    0x08002456   0x0000002a   Code   RO         1970    i.USB_OTG_ResetPort  usb_core.o
    0x08002480   0x000000c0   Code   RO         1971    i.USB_OTG_SelectCore  usb_core.o
    0x08002540   0x0000002a   Code   RO         1972    i.USB_OTG_SetCurrentMode  usb_core.o
    0x0800256a   0x0000002e   Code   RO         2192    i.USB_OTG_USBH_handle_Disconnect_ISR  usb_hcd_int.o
    0x08002598   0x00000046   Code   RO         2193    i.USB_OTG_USBH_handle_IncompletePeriodicXfer_ISR  usb_hcd_int.o
    0x080025de   0x00000056   Code   RO         2194    i.USB_OTG_USBH_handle_hc_ISR  usb_hcd_int.o
    0x08002634   0x00000428   Code   RO         2195    i.USB_OTG_USBH_handle_hc_n_In_ISR  usb_hcd_int.o
    0x08002a5c   0x00000388   Code   RO         2196    i.USB_OTG_USBH_handle_hc_n_Out_ISR  usb_hcd_int.o
    0x08002de4   0x0000012c   Code   RO         2197    i.USB_OTG_USBH_handle_nptxfempty_ISR  usb_hcd_int.o
    0x08002f10   0x00000118   Code   RO         2198    i.USB_OTG_USBH_handle_port_ISR  usb_hcd_int.o
    0x08003028   0x0000012e   Code   RO         2199    i.USB_OTG_USBH_handle_ptxfempty_ISR  usb_hcd_int.o
    0x08003156   0x00000164   Code   RO         2200    i.USB_OTG_USBH_handle_rx_qlvl_ISR  usb_hcd_int.o
    0x080032ba   0x0000001c   Code   RO         2201    i.USB_OTG_USBH_handle_sof_ISR  usb_hcd_int.o
    0x080032d6   0x00000028   Code   RO         1974    i.USB_OTG_WritePacket  usb_core.o
    0x080032fe   0x00000002   Code   RO          223    i.UsageFault_Handler  stm32f4xx_it.o
    0x08003300   0x0000005c   Code   RO         2692    i.check_fs          ff.o
    0x0800335c   0x000001f0   Code   RO         2693    i.chk_mounted       ff.o
    0x0800354c   0x00000018   Code   RO         2694    i.clust2sect        ff.o
    0x08003564   0x00000096   Code   RO         2695    i.create_chain      ff.o
    0x080035fa   0x00000002   PAD
    0x080035fc   0x000000e8   Code   RO         2696    i.create_name       ff.o
    0x080036e4   0x00000102   Code   RO         2697    i.dir_next          ff.o
    0x080037e6   0x00000066   Code   RO         2699    i.dir_register      ff.o
    0x0800384c   0x000000a0   Code   RO         2701    i.dir_seek          ff.o
    0x080038ec   0x00000020   Code   RO         2573    i.disk_initialize   usbh_msc_fatfs.o
    0x0800390c   0x00000040   Code   RO         2574    i.disk_ioctl        usbh_msc_fatfs.o
    0x0800394c   0x00000064   Code   RO         2575    i.disk_read         usbh_msc_fatfs.o
    0x080039b0   0x00000010   Code   RO         2576    i.disk_status       usbh_msc_fatfs.o
    0x080039c0   0x0000006c   Code   RO         2577    i.disk_write        usbh_msc_fatfs.o
    0x08003a2c   0x00000012   Code   RO         2703    i.f_close           ff.o
    0x08003a3e   0x00000182   Code   RO         2707    i.f_mkdir           ff.o
    0x08003bc0   0x00000020   Code   RO         2709    i.f_mount           ff.o
    0x08003be0   0x00000144   Code   RO         2710    i.f_open            ff.o
    0x08003d24   0x0000004e   Code   RO         2711    i.f_opendir         ff.o
    0x08003d72   0x0000012e   Code   RO         2712    i.f_printf          ff.o
    0x08003ea0   0x00000030   Code   RO         2713    i.f_putc            ff.o
    0x08003ed0   0x00000028   Code   RO         2714    i.f_puts            ff.o
    0x08003ef8   0x000000a4   Code   RO         2719    i.f_sync            ff.o
    0x08003f9c   0x000001b6   Code   RO         2723    i.f_write           ff.o
    0x08004152   0x000000bc   Code   RO         2724    i.follow_path       ff.o
    0x0800420e   0x000000ce   Code   RO         2725    i.get_fat           ff.o
    0x080042dc   0x00000004   Code   RO         2673    i.get_fattime       fattime.o
    0x080042e0   0x00000130   Code   RO           11    i.main              main.o
    0x08004410   0x00000012   Code   RO         2727    i.mem_cpy           ff.o
    0x08004422   0x0000000e   Code   RO         2728    i.mem_set           ff.o
    0x08004430   0x0000006a   Code   RO         2729    i.move_window       ff.o
    0x0800449a   0x00000132   Code   RO         2730    i.put_fat           ff.o
    0x080045cc   0x00000062   Code   RO         2731    i.remove_chain      ff.o
    0x0800462e   0x000000b8   Code   RO         2732    i.sync              ff.o
    0x080046e6   0x00000020   Code   RO         2733    i.validate          ff.o
    0x08004706   0x0000000a   Code   RO         3033    x$fpl$fpinit        fz_wm.l(fpinit.o)
    0x08004710   0x00000024   Data   RO          531    .constdata          stm32f4_discovery.o
    0x08004734   0x000000c2   Data   RO         2734    .constdata          ff.o
    0x080047f6   0x00000002   PAD
    0x080047f8   0x00000020   Data   RO         3100    Region$$Table       anon$$obj.o


    Execution Region RW_IRAM1 (Base: 0x20000000, Size: 0x00001758, Max: 0x00020000, ABSOLUTE)

    Base Addr    Size         Type   Attr      Idx    E Section Name        Object

    0x20000000   0x00000014   Data   RW           13    .data               main.o
    0x20000014   0x00000004   Data   RW          333    .data               usb_bsp.o
    0x20000018   0x00000048   Data   RW          414    .data               usbh_usr.o
    0x20000060   0x00000002   Data   RW          415    .data               usbh_usr.o
    0x20000062   0x00000002   PAD
    0x20000064   0x00000014   Data   RW          532    .data               stm32f4_discovery.o
    0x20000078   0x00000010   Data   RW         2265    .data               usbh_core.o
    0x20000088   0x00000010   Data   RW         2488    .data               usbh_msc_bot.o
    0x20000098   0x00000002   Data   RW         2534    .data               usbh_msc_core.o
    0x2000009a   0x00000002   PAD
    0x2000009c   0x00000010   Data   RW         2535    .data               usbh_msc_core.o
    0x200000ac   0x00000001   Data   RW         2578    .data               usbh_msc_fatfs.o
    0x200000ad   0x00000001   Data   RW         2627    .data               usbh_msc_scsi.o
    0x200000ae   0x00000002   PAD
    0x200000b0   0x00000008   Data   RW         2735    .data               ff.o
    0x200000b8   0x00000974   Zero   RW           12    .bss                main.o
    0x20000a2c   0x00000430   Zero   RW          413    .bss                usbh_usr.o
    0x20000e5c   0x00000040   Zero   RW         2487    .bss                usbh_msc_bot.o
    0x20000e9c   0x0000004a   Zero   RW         2533    .bss                usbh_msc_core.o
    0x20000ee6   0x00000002   PAD
    0x20000ee8   0x00000210   Zero   RW         2625    .bss                usbh_msc_scsi.o
    0x200010f8   0x00000060   Zero   RW         2975    .bss                c_w.l(libspace.o)
    0x20001158   0x00000200   Zero   RW            2    HEAP                startup_stm32f4xx.o
    0x20001358   0x00000400   Zero   RW            1    STACK               startup_stm32f4xx.o


==============================================================================

Image component sizes


      Code (inc. data)   RO Data    RW Data    ZI Data      Debug   Object Name

         4          0          0          0          0        522   fattime.o
      4496         42        194          8          0      28077   ff.o
       304         84          0         20       2420     274839   main.o
       140         22          0          0          0       2353   misc.o
        64         26        392          0       1536        880   startup_stm32f4xx.o
       120         26         36         20          0       3019   stm32f4_discovery.o
       202          0          0          0          0       3207   stm32f4xx_gpio.o
        34          6          0          0          0       5248   stm32f4xx_it.o
        96         24          0          0          0       2660   stm32f4xx_rcc.o
       210         28          0          0          0       5768   stm32f4xx_tim.o
       308         44          0          0          0       1657   system_stm32f4xx.o
       546         24          0          4          0       6268   usb_bsp.o
      1744         22          0          0          0      18897   usb_core.o
       160          0          0          0          0       5343   usb_hcd.o
      3604          0          0          0          0      10899   usb_hcd_int.o
      1498         52          0         16          0      15565   usbh_core.o
       234          0          0          0          0       4464   usbh_hcs.o
       282          0          0          0          0       5194   usbh_ioreq.o
       724         66          0         16         64       7133   usbh_msc_bot.o
       636         48          0         18         74       6341   usbh_msc_core.o
       320         46          0          1          0       5630   usbh_msc_fatfs.o
       976         76          0          1        528       7964   usbh_msc_scsi.o
       676          0          0          0          0       8331   usbh_stdreq.o
       118         16          0         74       1072       9845   usbh_usr.o

    ----------------------------------------------------------------------
     17514        652        656        184       5696     440104   Object Totals
         0          0         32          0          0          0   (incl. Generated)
        18          0          2          6          2          0   (incl. Padding)

    ----------------------------------------------------------------------

      Code (inc. data)   RO Data    RW Data    ZI Data      Debug   Library Member Name

         8          0          0          0          0         68   __main.o
         0          0          0          0          0          0   __rtentry.o
        12          0          0          0          0          0   __rtentry2.o
         6          0          0          0          0          0   __rtentry4.o
        52          8          0          0          0          0   __scatter.o
        26          0          0          0          0          0   __scatter_copy.o
        28          0          0          0          0          0   __scatter_zi.o
        12          0          0          0          0         72   exit.o
         6          0          0          0          0        152   heapauxi.o
         0          0          0          0          0          0   indicate_semi.o
         2          0          0          0          0          0   libinit.o
         6          0          0          0          0          0   libinit2.o
         2          0          0          0          0          0   libshutdown.o
         2          0          0          0          0          0   libshutdown2.o
         8          4          0          0         96         68   libspace.o
         2          0          0          0          0          0   rtexit.o
        10          0          0          0          0          0   rtexit2.o
        12          4          0          0          0         68   sys_exit.o
        74          0          0          0          0         80   sys_stackheap_outer.o
         2          0          0          0          0         68   use_no_semi.o
        10          0          0          0          0        116   fpinit.o

    ----------------------------------------------------------------------
       286         16          0          0         96        692   Library Totals
         6          0          0          0          0          0   (incl. Padding)

    ----------------------------------------------------------------------

      Code (inc. data)   RO Data    RW Data    ZI Data      Debug   Library Name

       270         16          0          0         96        576   c_w.l
        10          0          0          0          0        116   fz_wm.l

    ----------------------------------------------------------------------
       286         16          0          0         96        692   Library Totals

    ----------------------------------------------------------------------

==============================================================================


      Code (inc. data)   RO Data    RW Data    ZI Data      Debug   

     17800        668        656        184       5792     423340   Grand Totals
     17800        668        656        184       5792     423340   ELF Image Totals
     17800        668        656        184          0          0   ROM Totals

==============================================================================

    Total RO  Size (Code + RO Data)                18456 (  18.02kB)
    Total RW  Size (RW Data + ZI Data)              5976 (   5.84kB)
    Total ROM Size (Code + RO Data + RW Data)      18640 (  18.20kB)

==============================================================================

