Component: ARM Compiler 5.05 update 2 (build 169) Tool: armlink [4d0f33]

==============================================================================

Section Cross References

    startup_stm32f4xx.o(RESET) refers to startup_stm32f4xx.o(STACK) for __initial_sp
    startup_stm32f4xx.o(RESET) refers to startup_stm32f4xx.o(.text) for Reset_Handler
    startup_stm32f4xx.o(RESET) refers to stm32f4xx_it.o(i.NMI_Handler) for NMI_Handler
    startup_stm32f4xx.o(RESET) refers to stm32f4xx_it.o(i.HardFault_Handler) for HardFault_Handler
    startup_stm32f4xx.o(RESET) refers to stm32f4xx_it.o(i.MemManage_Handler) for MemManage_Handler
    startup_stm32f4xx.o(RESET) refers to stm32f4xx_it.o(i.BusFault_Handler) for BusFault_Handler
    startup_stm32f4xx.o(RESET) refers to stm32f4xx_it.o(i.UsageFault_Handler) for UsageFault_Handler
    startup_stm32f4xx.o(RESET) refers to stm32f4xx_it.o(i.SVC_Handler) for SVC_Handler
    startup_stm32f4xx.o(RESET) refers to stm32f4xx_it.o(i.DebugMon_Handler) for DebugMon_Handler
    startup_stm32f4xx.o(RESET) refers to stm32f4xx_it.o(i.PendSV_Handler) for PendSV_Handler
    startup_stm32f4xx.o(RESET) refers to stm32f4xx_it.o(i.SysTick_Handler) for SysTick_Handler
    startup_stm32f4xx.o(RESET) refers to stm32f4_discovery_audio_codec.o(i.DMA1_Stream0_IRQHandler) for DMA1_Stream0_IRQHandler
    startup_stm32f4xx.o(RESET) refers to stm32f4xx_it.o(i.TIM2_IRQHandler) for TIM2_IRQHandler
    startup_stm32f4xx.o(RESET) refers to stm32f4_discovery_audio_codec.o(i.DMA1_Stream7_IRQHandler) for DMA1_Stream7_IRQHandler
    startup_stm32f4xx.o(RESET) refers to stm32f4_discovery_audio_codec.o(i.SPI3_IRQHandler) for SPI3_IRQHandler
    startup_stm32f4xx.o(RESET) refers to stm32f4xx_it.o(i.OTG_FS_IRQHandler) for OTG_FS_IRQHandler
    startup_stm32f4xx.o(.text) refers to system_stm32f4xx.o(i.SystemInit) for SystemInit
    startup_stm32f4xx.o(.text) refers to entry.o(.ARM.Collect$$$$00000000) for __main
    main.o(i.UserPlayCmd) refers to stm32f4_discovery.o(i.STM_EVAL_PBGetState) for STM_EVAL_PBGetState
    main.o(i.main) refers to stm32f4_discovery.o(i.STM_EVAL_LEDInit) for STM_EVAL_LEDInit
    main.o(i.main) refers to stm32f4_discovery.o(i.STM_EVAL_PBInit) for STM_EVAL_PBInit
    main.o(i.main) refers to stm32f4_discovery.o(i.STM_EVAL_LEDOn) for STM_EVAL_LEDOn
    main.o(i.main) refers to usbh_core.o(i.USBH_Init) for USBH_Init
    main.o(i.main) refers to usbh_core.o(i.USBH_Process) for USBH_Process
    main.o(i.main) refers to waveplay.o(i.WAVFileExplor) for WAVFileExplor
    main.o(i.main) refers to waveplay.o(i.WavePlayer) for WavePlayer
    main.o(i.main) refers to usbh_usr.o(.data) for USR_Callbacks
    main.o(i.main) refers to usbh_msc_core.o(.data) for USBH_MSC_cb
    main.o(i.main) refers to main.o(.bss) for .bss
    main.o(i.main) refers to usbh_usr.o(.data) for USB_MSC_InitOk
    main.o(i.main) refers to main.o(.data) for .data
    main.o(i.main) refers to main.o(i.UserPlayCmd) for UserPlayCmd
    stm32f4xx_it.o(i.OTG_FS_IRQHandler) refers to usb_hcd_int.o(i.USBH_OTG_ISR_Handler) for USBH_OTG_ISR_Handler
    stm32f4xx_it.o(i.OTG_FS_IRQHandler) refers to main.o(.bss) for USB_OTG_Core
    stm32f4xx_it.o(i.TIM2_IRQHandler) refers to usb_bsp.o(i.USB_OTG_BSP_TimerIRQ) for USB_OTG_BSP_TimerIRQ
    system_stm32f4xx.o(i.SystemCoreClockUpdate) refers to system_stm32f4xx.o(.data) for .data
    system_stm32f4xx.o(i.SystemInit) refers to system_stm32f4xx.o(i.SetSysClock) for SetSysClock
    usb_bsp.o(i.BSP_Delay) refers to usb_bsp.o(i.BSP_SetTime) for BSP_SetTime
    usb_bsp.o(i.BSP_Delay) refers to stm32f4xx_tim.o(i.TIM_Cmd) for TIM_Cmd
    usb_bsp.o(i.BSP_Delay) refers to usb_bsp.o(.data) for .data
    usb_bsp.o(i.BSP_SetTime) refers to stm32f4xx_tim.o(i.TIM_Cmd) for TIM_Cmd
    usb_bsp.o(i.BSP_SetTime) refers to stm32f4xx_tim.o(i.TIM_ITConfig) for TIM_ITConfig
    usb_bsp.o(i.BSP_SetTime) refers to stm32f4xx_tim.o(i.TIM_TimeBaseInit) for TIM_TimeBaseInit
    usb_bsp.o(i.BSP_SetTime) refers to stm32f4xx_tim.o(i.TIM_ClearITPendingBit) for TIM_ClearITPendingBit
    usb_bsp.o(i.BSP_SetTime) refers to stm32f4xx_tim.o(i.TIM_ARRPreloadConfig) for TIM_ARRPreloadConfig
    usb_bsp.o(i.USB_OTG_BSP_ConfigVBUS) refers to stm32f4xx_rcc.o(i.RCC_AHB1PeriphClockCmd) for RCC_AHB1PeriphClockCmd
    usb_bsp.o(i.USB_OTG_BSP_ConfigVBUS) refers to stm32f4xx_gpio.o(i.GPIO_Init) for GPIO_Init
    usb_bsp.o(i.USB_OTG_BSP_ConfigVBUS) refers to stm32f4xx_gpio.o(i.GPIO_SetBits) for GPIO_SetBits
    usb_bsp.o(i.USB_OTG_BSP_ConfigVBUS) refers to usb_bsp.o(i.USB_OTG_BSP_mDelay) for USB_OTG_BSP_mDelay
    usb_bsp.o(i.USB_OTG_BSP_DriveVBUS) refers to stm32f4xx_gpio.o(i.GPIO_ResetBits) for GPIO_ResetBits
    usb_bsp.o(i.USB_OTG_BSP_DriveVBUS) refers to stm32f4xx_gpio.o(i.GPIO_SetBits) for GPIO_SetBits
    usb_bsp.o(i.USB_OTG_BSP_EnableInterrupt) refers to misc.o(i.NVIC_PriorityGroupConfig) for NVIC_PriorityGroupConfig
[...]
    i.USBH_MSC_DecodeCSW                     0x08002118   Section        0  usbh_msc_bot.o(i.USBH_MSC_DecodeCSW)
    i.USBH_MSC_ErrorHandle                   0x08002174   Section        0  usbh_msc_core.o(i.USBH_MSC_ErrorHandle)
    i.USBH_MSC_Handle                        0x080021a8   Section        0  usbh_msc_core.o(i.USBH_MSC_Handle)
    USBH_MSC_Handle                          0x080021a9   Thumb Code   344  usbh_msc_core.o(i.USBH_MSC_Handle)
    i.USBH_MSC_HandleBOTXfer                 0x0800230c   Section        0  usbh_msc_bot.o(i.USBH_MSC_HandleBOTXfer)
    i.USBH_MSC_Init                          0x08002510   Section        0  usbh_msc_bot.o(i.USBH_MSC_Init)
    i.USBH_MSC_InterfaceDeInit               0x0800254c   Section        0  usbh_msc_core.o(i.USBH_MSC_InterfaceDeInit)
    USBH_MSC_InterfaceDeInit                 0x0800254d   Thumb Code    50  usbh_msc_core.o(i.USBH_MSC_InterfaceDeInit)
    i.USBH_MSC_InterfaceInit                 0x08002584   Section        0  usbh_msc_core.o(i.USBH_MSC_InterfaceInit)
    USBH_MSC_InterfaceInit                   0x08002585   Thumb Code   156  usbh_msc_core.o(i.USBH_MSC_InterfaceInit)
    i.USBH_MSC_ModeSense6                    0x08002624   Section        0  usbh_msc_scsi.o(i.USBH_MSC_ModeSense6)
    i.USBH_MSC_Read10                        0x080026c0   Section        0  usbh_msc_scsi.o(i.USBH_MSC_Read10)
    i.USBH_MSC_ReadCapacity10                0x08002798   Section        0  usbh_msc_scsi.o(i.USBH_MSC_ReadCapacity10)
    i.USBH_MSC_RequestSense                  0x08002838   Section        0  usbh_msc_scsi.o(i.USBH_MSC_RequestSense)
    i.USBH_MSC_TestUnitReady                 0x080028d8   Section        0  usbh_msc_scsi.o(i.USBH_MSC_TestUnitReady)
    i.USBH_MSC_Write10                       0x08002958   Section        0  usbh_msc_scsi.o(i.USBH_MSC_Write10)
    i.USBH_Modify_Channel                    0x080029f4   Section        0  usbh_hcs.o(i.USBH_Modify_Channel)
    i.USBH_OTG_ISR_Handler                   0x08002a26   Section        0  usb_hcd_int.o(i.USBH_OTG_ISR_Handler)
    i.USBH_Open_Channel                      0x08002ace   Section        0  usbh_hcs.o(i.USBH_Open_Channel)
    i.USBH_ParseCfgDesc                      0x08002b22   Section        0  usbh_stdreq.o(i.USBH_ParseCfgDesc)
    USBH_ParseCfgDesc                        0x08002b23   Thumb Code   234  usbh_stdreq.o(i.USBH_ParseCfgDesc)
    i.USBH_Process                           0x08002c0c   Section        0  usbh_core.o(i.USBH_Process)
    i.USBH_SetAddress                        0x08002dae   Section        0  usbh_stdreq.o(i.USBH_SetAddress)
    i.USBH_SetCfg                            0x08002dc6   Section        0  usbh_stdreq.o(i.USBH_SetCfg)
    i.USBH_USR_Configuration_DescAvailable   0x08002dde   Section        0  usbh_usr.o(i.USBH_USR_Configuration_DescAvailable)
    i.USBH_USR_DeInit                        0x08002de0   Section        0  usbh_usr.o(i.USBH_USR_DeInit)
    i.USBH_USR_DeviceAddressAssigned         0x08002dec   Section        0  usbh_usr.o(i.USBH_USR_DeviceAddressAssigned)
    i.USBH_USR_DeviceAttached                0x08002dee   Section        0  usbh_usr.o(i.USBH_USR_DeviceAttached)
    i.USBH_USR_DeviceDisconnected            0x08002df4   Section        0  usbh_usr.o(i.USBH_USR_DeviceDisconnected)
    i.USBH_USR_DeviceNotSupported            0x08002dfa   Section        0  usbh_usr.o(i.USBH_USR_DeviceNotSupported)
    i.USBH_USR_DeviceSpeedDetected           0x08002dfc   Section        0  usbh_usr.o(i.USBH_USR_DeviceSpeedDetected)
    i.USBH_USR_Device_DescAvailable          0x08002dfe   Section        0  usbh_usr.o(i.USBH_USR_Device_DescAvailable)
    i.USBH_USR_EnumerationDone               0x08002e00   Section        0  usbh_usr.o(i.USBH_USR_EnumerationDone)
    i.USBH_USR_Init                          0x08002e02   Section        0  usbh_usr.o(i.USBH_USR_Init)
    i.USBH_USR_MSC_Application               0x08002e04   Section        0  usbh_usr.o(i.USBH_USR_MSC_Application)
    i.USBH_USR_Manufacturer_String           0x08002e44   Section        0  usbh_usr.o(i.USBH_USR_Manufacturer_String)
    i.USBH_USR_OverCurrentDetected           0x08002e46   Section        0  usbh_usr.o(i.USBH_USR_OverCurrentDetected)
    i.USBH_USR_Product_String                0x08002e48   Section        0  usbh_usr.o(i.USBH_USR_Product_String)
    i.USBH_USR_ResetDevice                   0x08002e4a   Section        0  usbh_usr.o(i.USBH_USR_ResetDevice)
    i.USBH_USR_SerialNum_String              0x08002e4c   Section        0  usbh_usr.o(i.USBH_USR_SerialNum_String)
    i.USBH_USR_UnrecoveredError              0x08002e4e   Section        0  usbh_usr.o(i.USBH_USR_UnrecoveredError)
    i.USBH_USR_UserInput                     0x08002e50   Section        0  usbh_usr.o(i.USBH_USR_UserInput)
    i.USB_OTG_BSP_ConfigVBUS                 0x08002e54   Section        0  usb_bsp.o(i.USB_OTG_BSP_ConfigVBUS)
    i.USB_OTG_BSP_DriveVBUS                  0x08002e94   Section        0  usb_bsp.o(i.USB_OTG_BSP_DriveVBUS)
    i.USB_OTG_BSP_EnableInterrupt            0x08002eac   Section        0  usb_bsp.o(i.USB_OTG_BSP_EnableInterrupt)
    i.USB_OTG_BSP_Init                       0x08002eec   Section        0  usb_bsp.o(i.USB_OTG_BSP_Init)
    i.USB_OTG_BSP_TimerIRQ                   0x08002fa4   Section        0  usb_bsp.o(i.USB_OTG_BSP_TimerIRQ)
    i.USB_OTG_BSP_mDelay                     0x08002fdc   Section        0  usb_bsp.o(i.USB_OTG_BSP_mDelay)
    i.USB_OTG_BSP_uDelay                     0x08002fe2   Section        0  usb_bsp.o(i.USB_OTG_BSP_uDelay)
    i.USB_OTG_CoreInit                       0x08002fe8   Section        0  usb_core.o(i.USB_OTG_CoreInit)
    i.USB_OTG_CoreInitHost                   0x080030c4   Section        0  usb_core.o(i.USB_OTG_CoreInitHost)
    i.USB_OTG_CoreReset                      0x0800315c   Section        0  usb_core.o(i.USB_OTG_CoreReset)
    USB_OTG_CoreReset                        0x0800315d   Thumb Code    84  usb_core.o(i.USB_OTG_CoreReset)
    i.USB_OTG_DisableGlobalInt               0x080031b4   Section        0  usb_core.o(i.USB_OTG_DisableGlobalInt)
    i.USB_OTG_DriveVbus                      0x080031c4   Section        0  usb_core.o(i.USB_OTG_DriveVbus)
    i.USB_OTG_EnableGlobalInt                0x080031fe   Section        0  usb_core.o(i.USB_OTG_EnableGlobalInt)
    i.USB_OTG_EnableHostInt                  0x08003210   Section        0  usb_core.o(i.USB_OTG_EnableHostInt)
    i.USB_OTG_FlushRxFifo                    0x08003254   Section        0  usb_core.o(i.USB_OTG_FlushRxFifo)
    i.USB_OTG_FlushTxFifo                    0x0800328c   Section        0  usb_core.o(i.USB_OTG_FlushTxFifo)
    i.USB_OTG_HC_DoPing                      0x080032cc   Section        0  usb_core.o(i.USB_OTG_HC_DoPing)
    i.USB_OTG_HC_Halt                        0x080032f6   Section        0  usb_core.o(i.USB_OTG_HC_Halt)
    i.USB_OTG_HC_Init                        0x08003332   Section        0  usb_core.o(i.USB_OTG_HC_Init)
    i.USB_OTG_HC_StartXfer                   0x0800341e   Section        0  usb_core.o(i.USB_OTG_HC_StartXfer)
    i.USB_OTG_InitFSLSPClkSel                0x08003520   Section        0  usb_core.o(i.USB_OTG_InitFSLSPClkSel)
    i.USB_OTG_IsEvenFrame                    0x0800352c   Section        0  usb_core.o(i.USB_OTG_IsEvenFrame)
    i.USB_OTG_IsHostMode                     0x08003538   Section        0  usb_core.o(i.USB_OTG_IsHostMode)
    i.USB_OTG_ReadCoreItr                    0x08003546   Section        0  usb_core.o(i.USB_OTG_ReadCoreItr)
    i.USB_OTG_ReadHPRT0                      0x08003550   Section        0  usb_core.o(i.USB_OTG_ReadHPRT0)
    i.USB_OTG_ReadHostAllChannels_intr       0x0800355c   Section        0  usb_core.o(i.USB_OTG_ReadHostAllChannels_intr)
    i.USB_OTG_ReadPacket                     0x08003562   Section        0  usb_core.o(i.USB_OTG_ReadPacket)
    i.USB_OTG_ResetPort                      0x08003582   Section        0  usb_core.o(i.USB_OTG_ResetPort)
    i.USB_OTG_SelectCore                     0x080035ac   Section        0  usb_core.o(i.USB_OTG_SelectCore)
    i.USB_OTG_SetCurrentMode                 0x0800366c   Section        0  usb_core.o(i.USB_OTG_SetCurrentMode)
    i.USB_OTG_USBH_handle_Disconnect_ISR     0x08003696   Section        0  usb_hcd_int.o(i.USB_OTG_USBH_handle_Disconnect_ISR)
    USB_OTG_USBH_handle_Disconnect_ISR       0x08003697   Thumb Code    46  usb_hcd_int.o(i.USB_OTG_USBH_handle_Disconnect_ISR)
    i.USB_OTG_USBH_handle_IncompletePeriodicXfer_ISR 0x080036c4   Section        0  usb_hcd_int.o(i.USB_OTG_USBH_handle_IncompletePeriodicXfer_ISR)
    USB_OTG_USBH_handle_IncompletePeriodicXfer_ISR 0x080036c5   Thumb Code    70  usb_hcd_int.o(i.USB_OTG_USBH_handle_IncompletePeriodicXfer_ISR)
    i.USB_OTG_USBH_handle_hc_ISR             0x0800370a   Section        0  usb_hcd_int.o(i.USB_OTG_USBH_handle_hc_ISR)
    USB_OTG_USBH_handle_hc_ISR               0x0800370b   Thumb Code    86  usb_hcd_int.o(i.USB_OTG_USBH_handle_hc_ISR)
    i.USB_OTG_USBH_handle_hc_n_In_ISR        0x08003760   Section        0  usb_hcd_int.o(i.USB_OTG_USBH_handle_hc_n_In_ISR)
    USB_OTG_USBH_handle_hc_n_In_ISR          0x08003761   Thumb Code  1064  usb_hcd_int.o(i.USB_OTG_USBH_handle_hc_n_In_ISR)
    i.USB_OTG_USBH_handle_hc_n_Out_ISR       0x08003b88   Section        0  usb_hcd_int.o(i.USB_OTG_USBH_handle_hc_n_Out_ISR)
    USB_OTG_USBH_handle_hc_n_Out_ISR         0x08003b89   Thumb Code   904  usb_hcd_int.o(i.USB_OTG_USBH_handle_hc_n_Out_ISR)
    i.USB_OTG_USBH_handle_nptxfempty_ISR     0x08003f10   Section        0  usb_hcd_int.o(i.USB_OTG_USBH_handle_nptxfempty_ISR)
    USB_OTG_USBH_handle_nptxfempty_ISR       0x08003f11   Thumb Code   300  usb_hcd_int.o(i.USB_OTG_USBH_handle_nptxfempty_ISR)
    i.USB_OTG_USBH_handle_port_ISR           0x0800403c   Section        0  usb_hcd_int.o(i.USB_OTG_USBH_handle_port_ISR)
    USB_OTG_USBH_handle_port_ISR             0x0800403d   Thumb Code   280  usb_hcd_int.o(i.USB_OTG_USBH_handle_port_ISR)
    i.USB_OTG_USBH_handle_ptxfempty_ISR      0x08004154   Section        0  usb_hcd_int.o(i.USB_OTG_USBH_handle_ptxfempty_ISR)
    USB_OTG_USBH_handle_ptxfempty_ISR        0x08004155   Thumb Code   302  usb_hcd_int.o(i.USB_OTG_USBH_handle_ptxfempty_ISR)
    i.USB_OTG_USBH_handle_rx_qlvl_ISR        0x08004282   Section        0  usb_hcd_int.o(i.USB_OTG_USBH_handle_rx_qlvl_ISR)
    USB_OTG_USBH_handle_rx_qlvl_ISR          0x08004283   Thumb Code   356  usb_hcd_int.o(i.USB_OTG_USBH_handle_rx_qlvl_ISR)
    i.USB_OTG_USBH_handle_sof_ISR            0x080043e6   Section        0  usb_hcd_int.o(i.USB_OTG_USBH_handle_sof_ISR)
    USB_OTG_USBH_handle_sof_ISR              0x080043e7   Thumb Code    28  usb_hcd_int.o(i.USB_OTG_USBH_handle_sof_ISR)
    i.USB_OTG_WritePacket                    0x08004402   Section        0  usb_core.o(i.USB_OTG_WritePacket)
    i.UsageFault_Handler                     0x0800442a   Section        0  stm32f4xx_it.o(i.UsageFault_Handler)
    i.UserPlayCmd                            0x0800442c   Section        0  main.o(i.UserPlayCmd)
    i.WAVFileExplor                          0x08004454   Section        0  waveplay.o(i.WAVFileExplor)
    i.WaveParsing                            0x080044f0   Section        0  wavcodec.o(i.WaveParsing)
    i.WavePlayer                             0x080045ac   Section        0  waveplay.o(i.WavePlayer)
    i.__scatterload_copy                     0x080047dc   Section       14  handlers.o(i.__scatterload_copy)
    i.__scatterload_null                     0x080047ea   Section        2  handlers.o(i.__scatterload_null)
    i.__scatterload_zeroinit                 0x080047ec   Section       14  handlers.o(i.__scatterload_zeroinit)
    i.check_fs                               0x080047fc   Section        0  ff.o(i.check_fs)
    check_fs                                 0x080047fd   Thumb Code    86  ff.o(i.check_fs)
    i.chk_mounted                            0x08004858   Section        0  ff.o(i.chk_mounted)
    i.clust2sect                             0x08004a48   Section        0  ff.o(i.clust2sect)
    i.create_chain                           0x08004a60   Section        0  ff.o(i.create_chain)
    create_chain                             0x08004a61   Thumb Code   150  ff.o(i.create_chain)
    i.create_name                            0x08004af8   Section        0  ff.o(i.create_name)
    create_name                              0x08004af9   Thumb Code   216  ff.o(i.create_name)
    i.dir_next                               0x08004be0   Section        0  ff.o(i.dir_next)
    dir_next                                 0x08004be1   Thumb Code   258  ff.o(i.dir_next)
    i.dir_read                               0x08004ce2   Section        0  ff.o(i.dir_read)
    dir_read                                 0x08004ce3   Thumb Code    68  ff.o(i.dir_read)
    i.dir_register                           0x08004d26   Section        0  ff.o(i.dir_register)
    dir_register                             0x08004d27   Thumb Code   102  ff.o(i.dir_register)
    i.dir_seek                               0x08004d8c   Section        0  ff.o(i.dir_seek)
    dir_seek                                 0x08004d8d   Thumb Code   160  ff.o(i.dir_seek)
    i.disk_initialize                        0x08004e2c   Section        0  usbh_msc_fatfs.o(i.disk_initialize)
    i.disk_ioctl                             0x08004e4c   Section        0  usbh_msc_fatfs.o(i.disk_ioctl)
    i.disk_read                              0x08004e8c   Section        0  usbh_msc_fatfs.o(i.disk_read)
    i.disk_status                            0x08004ef0   Section        0  usbh_msc_fatfs.o(i.disk_status)
    i.disk_write                             0x08004f00   Section        0  usbh_msc_fatfs.o(i.disk_write)
    i.f_close                                0x08004f6c   Section        0  ff.o(i.f_close)
    i.f_lseek                                0x08004f7e   Section        0  ff.o(i.f_lseek)
    i.f_mount                                0x080050d4   Section        0  ff.o(i.f_mount)
    i.f_open                                 0x080050f4   Section        0  ff.o(i.f_open)
    i.f_opendir                              0x08005238   Section        0  ff.o(i.f_opendir)
    i.f_read                                 0x08005286   Section        0  ff.o(i.f_read)
    i.f_readdir                              0x0800540c   Section        0  ff.o(i.f_readdir)
    i.f_sync                                 0x0800545c   Section        0  ff.o(i.f_sync)
    i.follow_path                            0x08005500   Section        0  ff.o(i.follow_path)
    follow_path                              0x08005501   Thumb Code   188  ff.o(i.follow_path)
    i.get_fat                                0x080055bc   Section        0  ff.o(i.get_fat)
    i.get_fattime                            0x0800568a   Section        0  fattime.o(i.get_fattime)
    i.get_fileinfo                           0x0800568e   Section        0  ff.o(i.get_fileinfo)
    get_fileinfo                             0x0800568f   Thumb Code    96  ff.o(i.get_fileinfo)
    i.main                                   0x080056f0   Section        0  main.o(i.main)
    i.mem_cpy                                0x0800579c   Section        0  ff.o(i.mem_cpy)
    mem_cpy                                  0x0800579d   Thumb Code    18  ff.o(i.mem_cpy)
    i.mem_set                                0x080057ae   Section        0  ff.o(i.mem_set)
    mem_set                                  0x080057af   Thumb Code    14  ff.o(i.mem_set)
    i.move_window                            0x080057bc   Section        0  ff.o(i.move_window)
    move_window                              0x080057bd   Thumb Code   106  ff.o(i.move_window)
    i.put_fat                                0x08005826   Section        0  ff.o(i.put_fat)
    i.remove_chain                           0x08005958   Section        0  ff.o(i.remove_chain)
    remove_chain                             0x08005959   Thumb Code    98  ff.o(i.remove_chain)
    i.sync                                   0x080059ba   Section        0  ff.o(i.sync)
    sync                                     0x080059bb   Thumb Code   184  ff.o(i.sync)
    i.validate                               0x08005a72   Section        0  ff.o(i.validate)
    validate                                 0x08005a73   Thumb Code    32  ff.o(i.validate)
    .constdata                               0x08005a94   Section       36  stm32f4_discovery.o(.constdata)
    .constdata                               0x08005ab8   Section      194  ff.o(.constdata)
    cvt                                      0x08005ab8   Data         128  ff.o(.constdata)
    sstbl                                    0x08005b38   Data          44  ff.o(.constdata)
    cstbl                                    0x08005b64   Data          22  ff.o(.constdata)
    .data                                    0x20000000   Section       11  main.o(.data)
    .data                                    0x2000000c   Section        4  usb_bsp.o(.data)
    .data                                    0x20000010   Section       72  usbh_usr.o(.data)
    .data                                    0x20000058   Section        2  usbh_usr.o(.data)
    USBH_USR_ApplicationState                0x20000058   Data           1  usbh_usr.o(.data)
    .data                                    0x2000005c   Section       12  waveplay.o(.data)
    .data                                    0x20000068   Section       20  stm32f4_discovery.o(.data)
    .data                                    0x2000007c   Section       64  stm32f4_discovery_audio_codec.o(.data)
    .data                                    0x200000bc   Section       16  stm32f4xx_rcc.o(.data)
    APBAHBPrescTable                         0x200000bc   Data          16  stm32f4xx_rcc.o(.data)
    .data                                    0x200000cc   Section       16  usbh_msc_bot.o(.data)
    error_direction                          0x200000cc   Data           1  usbh_msc_bot.o(.data)
    remainingDataLength                      0x200000d0   Data           4  usbh_msc_bot.o(.data)
    datapointer                              0x200000d4   Data           4  usbh_msc_bot.o(.data)
    BOTStallErrorCount                       0x200000d8   Data           4  usbh_msc_bot.o(.data)
    .data                                    0x200000dc   Section        2  usbh_msc_core.o(.data)
    maxLunExceed                             0x200000dd   Data           1  usbh_msc_core.o(.data)
    .data                                    0x200000e0   Section       16  usbh_msc_core.o(.data)
    .data                                    0x200000f0   Section        1  usbh_msc_fatfs.o(.data)
    Stat                                     0x200000f0   Data           1  usbh_msc_fatfs.o(.data)
    .data                                    0x200000f1   Section        1  usbh_msc_scsi.o(.data)
    status                                   0x200000f1   Data           1  usbh_msc_scsi.o(.data)
    .data                                    0x200000f4   Section       16  usbh_core.o(.data)
    timeout                                  0x200000f4   Data           2  usbh_core.o(.data)
    .data                                    0x20000104   Section        8  ff.o(.data)
    Fsid                                     0x20000104   Data           2  ff.o(.data)
    FatFs                                    0x20000108   Data           4  ff.o(.data)
    .bss                                     0x2000010c   Section     1974  main.o(.bss)
    .bss                                     0x200008c4   Section     1072  usbh_usr.o(.bss)
    .bss                                     0x20000cf4   Section     4146  waveplay.o(.bss)
    .bss                                     0x20001d28   Section       60  stm32f4_discovery_audio_codec.o(.bss)
    .bss                                     0x20001d64   Section       64  usbh_msc_bot.o(.bss)
    .bss                                     0x20001da4   Section       74  usbh_msc_core.o(.bss)
    .bss                                     0x20001df0   Section      528  usbh_msc_scsi.o(.bss)
    STACK                                    0x20002000   Section     1024  startup_stm32f4xx.o(STACK)

    Global Symbols

    Symbol Name                              Value     Ov Type        Size  Object(Section)

    BuildAttributes$$THM_ISAv4$E$P$D$K$B$S$7EM$VFPi3$EXTD16$VFPS$VFMA$PE$A:L22UL41UL21$X:L11$S22US41US21$IEEE1$IW$USESV6$~STKCKD$USESV7$~SHL$OSPACE$EBA8$MICROLIB$REQ8$PRES8$EABIv2 0x00000000   Number         0  anon$$obj.o ABSOLUTE
    __ARM_use_no_argv                        0x00000000   Number         0  main.o ABSOLUTE
    __cpp_initialize__aeabi_                  - Undefined Weak Reference
    __cxa_finalize                            - Undefined Weak Reference
    __decompress                              - Undefined Weak Reference
    _clock_init                               - Undefined Weak Reference
    _microlib_exit                            - Undefined Weak Reference
    __Vectors_Size                           0x00000188   Number         0  startup_stm32f4xx.o ABSOLUTE
    __Vectors                                0x08000000   Data           4  startup_stm32f4xx.o(RESET)
    __Vectors_End                            0x08000188   Data           0  startup_stm32f4xx.o(RESET)
    __main                                   0x08000189   Thumb Code     0  entry.o(.ARM.Collect$$$$00000000)
    _main_stk                                0x08000189   Thumb Code     0  entry2.o(.ARM.Collect$$$$00000001)
    _main_scatterload                        0x0800018d   Thumb Code     0  entry5.o(.ARM.Collect$$$$00000004)
    __main_after_scatterload                 0x08000191   Thumb Code     0  entry5.o(.ARM.Collect$$$$00000004)
    _main_clock                              0x08000191   Thumb Code     0  entry7b.o(.ARM.Collect$$$$00000008)
    _main_cpp_init                           0x08000191   Thumb Code     0  entry8b.o(.ARM.Collect$$$$0000000A)
    _main_init                               0x08000191   Thumb Code     0  entry9a.o(.ARM.Collect$$$$0000000B)
    __rt_final_cpp                           0x08000199   Thumb Code     0  entry10a.o(.ARM.Collect$$$$0000000D)
    __rt_final_exit                          0x08000199   Thumb Code     0  entry11a.o(.ARM.Collect$$$$0000000F)
    Reset_Handler                            0x0800019d   Thumb Code     8  startup_stm32f4xx.o(.text)
    ADC_IRQHandler                           0x080001b7   Thumb Code     0  startup_stm32f4xx.o(.text)
    CAN1_RX0_IRQHandler                      0x080001b7   Thumb Code     0  startup_stm32f4xx.o(.text)
    CAN1_RX1_IRQHandler                      0x080001b7   Thumb Code     0  startup_stm32f4xx.o(.text)
    CAN1_SCE_IRQHandler                      0x080001b7   Thumb Code     0  startup_stm32f4xx.o(.text)
    CAN1_TX_IRQHandler                       0x080001b7   Thumb Code     0  startup_stm32f4xx.o(.text)
    CAN2_RX0_IRQHandler                      0x080001b7   Thumb Code     0  startup_stm32f4xx.o(.text)
    CAN2_RX1_IRQHandler                      0x080001b7   Thumb Code     0  startup_stm32f4xx.o(.text)
    CAN2_SCE_IRQHandler                      0x080001b7   Thumb Code     0  startup_stm32f4xx.o(.text)
    CAN2_TX_IRQHandler                       0x080001b7   Thumb Code     0  startup_stm32f4xx.o(.text)
    CRYP_IRQHandler                          0x080001b7   Thumb Code     0  startup_stm32f4xx.o(.text)
    DCMI_IRQHandler                          0x080001b7   Thumb Code     0  startup_stm32f4xx.o(.text)
    DMA1_Stream1_IRQHandler                  0x080001b7   Thumb Code     0  startup_stm32f4xx.o(.text)
    DMA1_Stream2_IRQHandler                  0x080001b7   Thumb Code     0  startup_stm32f4xx.o(.text)
    DMA1_Stream3_IRQHandler                  0x080001b7   Thumb Code     0  startup_stm32f4xx.o(.text)
    DMA1_Stream4_IRQHandler                  0x080001b7   Thumb Code     0  startup_stm32f4xx.o(.text)
    DMA1_Stream5_IRQHandler                  0x080001b7   Thumb Code     0  startup_stm32f4xx.o(.text)
    DMA1_Stream6_IRQHandler                  0x080001b7   Thumb Code     0  startup_stm32f4xx.o(.text)
    DMA2_Stream0_IRQHandler                  0x080001b7   Thumb Code     0  startup_stm32f4xx.o(.text)
    DMA2_Stream1_IRQHandler                  0x080001b7   Thumb Code     0  startup_stm32f4xx.o(.text)
    DMA2_Stream2_IRQHandler                  0x080001b7   Thumb Code     0  startup_stm32f4xx.o(.text)
    DMA2_Stream3_IRQHandler                  0x080001b7   Thumb Code     0  startup_stm32f4xx.o(.text)
    DMA2_Stream4_IRQHandler                  0x080001b7   Thumb Code     0  startup_stm32f4xx.o(.text)
    DMA2_Stream5_IRQHandler                  0x080001b7   Thumb Code     0  startup_stm32f4xx.o(.text)
    DMA2_Stream6_IRQHandler                  0x080001b7   Thumb Code     0  startup_stm32f4xx.o(.text)
    DMA2_Stream7_IRQHandler                  0x080001b7   Thumb Code     0  startup_stm32f4xx.o(.text)
    ETH_IRQHandler                           0x080001b7   Thumb Code     0  startup_stm32f4xx.o(.text)
    ETH_WKUP_IRQHandler                      0x080001b7   Thumb Code     0  startup_stm32f4xx.o(.text)
    EXTI0_IRQHandler                         0x080001b7   Thumb Code     0  startup_stm32f4xx.o(.text)
    EXTI15_10_IRQHandler                     0x080001b7   Thumb Code     0  startup_stm32f4xx.o(.text)
    EXTI1_IRQHandler                         0x080001b7   Thumb Code     0  startup_stm32f4xx.o(.text)
    EXTI2_IRQHandler                         0x080001b7   Thumb Code     0  startup_stm32f4xx.o(.text)
    EXTI3_IRQHandler                         0x080001b7   Thumb Code     0  startup_stm32f4xx.o(.text)
    EXTI4_IRQHandler                         0x080001b7   Thumb Code     0  startup_stm32f4xx.o(.text)
    EXTI9_5_IRQHandler                       0x080001b7   Thumb Code     0  startup_stm32f4xx.o(.text)
    FLASH_IRQHandler                         0x080001b7   Thumb Code     0  startup_stm32f4xx.o(.text)
    FPU_IRQHandler                           0x080001b7   Thumb Code     0  startup_stm32f4xx.o(.text)
    FSMC_IRQHandler                          0x080001b7   Thumb Code     0  startup_stm32f4xx.o(.text)
    HASH_RNG_IRQHandler                      0x080001b7   Thumb Code     0  startup_stm32f4xx.o(.text)
    I2C1_ER_IRQHandler                       0x080001b7   Thumb Code     0  startup_stm32f4xx.o(.text)
    I2C1_EV_IRQHandler                       0x080001b7   Thumb Code     0  startup_stm32f4xx.o(.text)
    I2C2_ER_IRQHandler                       0x080001b7   Thumb Code     0  startup_stm32f4xx.o(.text)
    I2C2_EV_IRQHandler                       0x080001b7   Thumb Code     0  startup_stm32f4xx.o(.text)
    I2C3_ER_IRQHandler                       0x080001b7   Thumb Code     0  startup_stm32f4xx.o(.text)
    I2C3_EV_IRQHandler                       0x080001b7   Thumb Code     0  startup_stm32f4xx.o(.text)
    OTG_FS_WKUP_IRQHandler                   0x080001b7   Thumb Code     0  startup_stm32f4xx.o(.text)
    OTG_HS_EP1_IN_IRQHandler                 0x080001b7   Thumb Code     0  startup_stm32f4xx.o(.text)
    OTG_HS_EP1_OUT_IRQHandler                0x080001b7   Thumb Code     0  startup_stm32f4xx.o(.text)
    OTG_HS_IRQHandler                        0x080001b7   Thumb Code     0  startup_stm32f4xx.o(.text)
    OTG_HS_WKUP_IRQHandler                   0x080001b7   Thumb Code     0  startup_stm32f4xx.o(.text)
    PVD_IRQHandler                           0x080001b7   Thumb Code     0  startup_stm32f4xx.o(.text)
    RCC_IRQHandler                           0x080001b7   Thumb Code     0  startup_stm32f4xx.o(.text)
    RTC_Alarm_IRQHandler                     0x080001b7   Thumb Code     0  startup_stm32f4xx.o(.text)
    RTC_WKUP_IRQHandler                      0x080001b7   Thumb Code     0  startup_stm32f4xx.o(.text)
    SDIO_IRQHandler                          0x080001b7   Thumb Code     0  startup_stm32f4xx.o(.text)
    SPI1_IRQHandler                          0x080001b7   Thumb Code     0  startup_stm32f4xx.o(.text)
    SPI2_IRQHandler                          0x080001b7   Thumb Code     0  startup_stm32f4xx.o(.text)
    TAMP_STAMP_IRQHandler                    0x080001b7   Thumb Code     0  startup_stm32f4xx.o(.text)
    TIM1_BRK_TIM9_IRQHandler                 0x080001b7   Thumb Code     0  startup_stm32f4xx.o(.text)
    TIM1_CC_IRQHandler                       0x080001b7   Thumb Code     0  startup_stm32f4xx.o(.text)
    TIM1_TRG_COM_TIM11_IRQHandler            0x080001b7   Thumb Code     0  startup_stm32f4xx.o(.text)
    TIM1_UP_TIM10_IRQHandler                 0x080001b7   Thumb Code     0  startup_stm32f4xx.o(.text)
    TIM3_IRQHandler                          0x080001b7   Thumb Code     0  startup_stm32f4xx.o(.text)
    TIM4_IRQHandler                          0x080001b7   Thumb Code     0  startup_stm32f4xx.o(.text)
    TIM5_IRQHandler                          0x080001b7   Thumb Code     0  startup_stm32f4xx.o(.text)
    TIM6_DAC_IRQHandler                      0x080001b7   Thumb Code     0  startup_stm32f4xx.o(.text)
    TIM7_IRQHandler                          0x080001b7   Thumb Code     0  startup_stm32f4xx.o(.text)
    TIM8_BRK_TIM12_IRQHandler                0x080001b7   Thumb Code     0  startup_stm32f4xx.o(.text)
    TIM8_CC_IRQHandler                       0x080001b7   Thumb Code     0  startup_stm32f4xx.o(.text)
    TIM8_TRG_COM_TIM14_IRQHandler            0x080001b7   Thumb Code     0  startup_stm32f4xx.o(.text)
    TIM8_UP_TIM13_IRQHandler                 0x080001b7   Thumb Code     0  startup_stm32f4xx.o(.text)
    UART4_IRQHandler                         0x080001b7   Thumb Code     0  startup_stm32f4xx.o(.text)
    UART5_IRQHandler                         0x080001b7   Thumb Code     0  startup_stm32f4xx.o(.text)
    USART1_IRQHandler                        0x080001b7   Thumb Code     0  startup_stm32f4xx.o(.text)
    USART2_IRQHandler                        0x080001b7   Thumb Code     0  startup_stm32f4xx.o(.text)
    USART3_IRQHandler                        0x080001b7   Thumb Code     0  startup_stm32f4xx.o(.text)
    USART6_IRQHandler                        0x080001b7   Thumb Code     0  startup_stm32f4xx.o(.text)
    WWDG_IRQHandler                          0x080001b7   Thumb Code     0  startup_stm32f4xx.o(.text)
    strcat                                   0x080001c1   Thumb Code    24  strcat.o(.text)
    strstr                                   0x080001d9   Thumb Code    36  strstr.o(.text)
    strncpy                                  0x080001fd   Thumb Code    24  strncpy.o(.text)
    strncat                                  0x08000215   Thumb Code    40  strncat.o(.text)
    __scatterload                            0x0800023d   Thumb Code    28  init.o(.text)
    __scatterload_rt2                        0x0800023d   Thumb Code     0  init.o(.text)
    Audio_MAL_Play                           0x080003c9   Thumb Code    66  stm32f4_discovery_audio_codec.o(i.Audio_MAL_Play)
    BusFault_Handler                         0x080004a7   Thumb Code     2  stm32f4xx_it.o(i.BusFault_Handler)
    Codec_TIMEOUT_UserCallback               0x080008fd   Thumb Code     4  waveplay.o(i.Codec_TIMEOUT_UserCallback)
    DAC_Cmd                                  0x08000a25   Thumb Code    20  stm32f4xx_dac.o(i.DAC_Cmd)
    DAC_Config                               0x08000a3d   Thumb Code    70  stm32f4_discovery_audio_codec.o(i.DAC_Config)
    DAC_Init                                 0x08000a8d   Thumb Code    36  stm32f4xx_dac.o(i.DAC_Init)
    DAC_SetChannel1Data                      0x08000ab5   Thumb Code    14  stm32f4xx_dac.o(i.DAC_SetChannel1Data)
    DMA1_Stream0_IRQHandler                  0x08000ac9   Thumb Code     4  stm32f4_discovery_audio_codec.o(i.DMA1_Stream0_IRQHandler)
    DMA1_Stream7_IRQHandler                  0x08000acd   Thumb Code     4  stm32f4_discovery_audio_codec.o(i.DMA1_Stream7_IRQHandler)
    DMA_ClearFlag                            0x08000ad1   Thumb Code    32  stm32f4xx_dma.o(i.DMA_ClearFlag)
    DMA_Cmd                                  0x08000afd   Thumb Code    20  stm32f4xx_dma.o(i.DMA_Cmd)
    DMA_DeInit                               0x08000b11   Thumb Code   272  stm32f4xx_dma.o(i.DMA_DeInit)
    DMA_GetCmdStatus                         0x08000c35   Thumb Code    14  stm32f4xx_dma.o(i.DMA_GetCmdStatus)
    DMA_GetFlagStatus                        0x08000c45   Thumb Code    40  stm32f4xx_dma.o(i.DMA_GetFlagStatus)
    DMA_ITConfig                             0x08000c79   Thumb Code    44  stm32f4xx_dma.o(i.DMA_ITConfig)
    DMA_Init                                 0x08000ca5   Thumb Code    80  stm32f4xx_dma.o(i.DMA_Init)
    DebugMon_Handler                         0x08000cf9   Thumb Code     2  stm32f4xx_it.o(i.DebugMon_Handler)
    EVAL_AUDIO_GetSampleCallBack             0x08000d0b   Thumb Code     4  waveplay.o(i.EVAL_AUDIO_GetSampleCallBack)
    EVAL_AUDIO_Init                          0x08000d0f   Thumb Code    40  stm32f4_discovery_audio_codec.o(i.EVAL_AUDIO_Init)
    EVAL_AUDIO_PauseResume                   0x08000d39   Thumb Code   122  stm32f4_discovery_audio_codec.o(i.EVAL_AUDIO_PauseResume)
    EVAL_AUDIO_SetAudioInterface             0x08000dbd   Thumb Code   114  stm32f4_discovery_audio_codec.o(i.EVAL_AUDIO_SetAudioInterface)
    EVAL_AUDIO_Stop                          0x08000e49   Thumb Code   106  stm32f4_discovery_audio_codec.o(i.EVAL_AUDIO_Stop)
    EVAL_AUDIO_TransferComplete_CallBack     0x08000ec1   Thumb Code    28  waveplay.o(i.EVAL_AUDIO_TransferComplete_CallBack)
    EVAL_AUDIO_VolumeCtl                     0x08000ee1   Thumb Code    24  stm32f4_discovery_audio_codec.o(i.EVAL_AUDIO_VolumeCtl)
    EXTI_Init                                0x08000ef9   Thumb Code   108  stm32f4xx_exti.o(i.EXTI_Init)
    GPIO_Init                                0x08000f69   Thumb Code   162  stm32f4xx_gpio.o(i.GPIO_Init)
    GPIO_PinAFConfig                         0x0800100b   Thumb Code    32  stm32f4xx_gpio.o(i.GPIO_PinAFConfig)
    GPIO_ReadInputDataBit                    0x0800102b   Thumb Code    14  stm32f4xx_gpio.o(i.GPIO_ReadInputDataBit)
    GPIO_ResetBits                           0x08001039   Thumb Code     4  stm32f4xx_gpio.o(i.GPIO_ResetBits)
    GPIO_SetBits                             0x0800103d   Thumb Code     4  stm32f4xx_gpio.o(i.GPIO_SetBits)
    GPIO_WriteBit                            0x08001041   Thumb Code    10  stm32f4xx_gpio.o(i.GPIO_WriteBit)
    HCD_GetCurrentFrame                      0x0800104b   Thumb Code     8  usb_hcd.o(i.HCD_GetCurrentFrame)
    HCD_GetCurrentSpeed                      0x08001053   Thumb Code    12  usb_hcd.o(i.HCD_GetCurrentSpeed)
    HCD_GetURB_State                         0x0800105f   Thumb Code     8  usb_hcd.o(i.HCD_GetURB_State)
    HCD_GetXferCnt                           0x08001067   Thumb Code    10  usb_hcd.o(i.HCD_GetXferCnt)
    HCD_Init                                 0x08001071   Thumb Code    86  usb_hcd.o(i.HCD_Init)
    HCD_IsDeviceConnected                    0x080010c7   Thumb Code     6  usb_hcd.o(i.HCD_IsDeviceConnected)
    HCD_ResetPort                            0x080010cd   Thumb Code    10  usb_hcd.o(i.HCD_ResetPort)
    HCD_SubmitRequest                        0x080010d7   Thumb Code    20  usb_hcd.o(i.HCD_SubmitRequest)
    HardFault_Handler                        0x080010eb   Thumb Code     2  stm32f4xx_it.o(i.HardFault_Handler)
    I2C_AcknowledgeConfig                    0x080010ed   Thumb Code    20  stm32f4xx_i2c.o(i.I2C_AcknowledgeConfig)
    I2C_CheckEvent                           0x08001101   Thumb Code    24  stm32f4xx_i2c.o(i.I2C_CheckEvent)
    I2C_ClearFlag                            0x08001119   Thumb Code     6  stm32f4xx_i2c.o(i.I2C_ClearFlag)
    I2C_Cmd                                  0x0800111f   Thumb Code    20  stm32f4xx_i2c.o(i.I2C_Cmd)
    I2C_DeInit                               0x08001135   Thumb Code    56  stm32f4xx_i2c.o(i.I2C_DeInit)
    I2C_GenerateSTART                        0x08001179   Thumb Code    20  stm32f4xx_i2c.o(i.I2C_GenerateSTART)
    I2C_GenerateSTOP                         0x0800118d   Thumb Code    20  stm32f4xx_i2c.o(i.I2C_GenerateSTOP)
    I2C_GetFlagStatus                        0x080011a1   Thumb Code    42  stm32f4xx_i2c.o(i.I2C_GetFlagStatus)
    I2C_Init                                 0x080011cd   Thumb Code   174  stm32f4xx_i2c.o(i.I2C_Init)
    I2C_ReceiveData                          0x08001285   Thumb Code     6  stm32f4xx_i2c.o(i.I2C_ReceiveData)
    I2C_Send7bitAddress                      0x0800128b   Thumb Code    16  stm32f4xx_i2c.o(i.I2C_Send7bitAddress)
    I2C_SendData                             0x0800129b   Thumb Code     4  stm32f4xx_i2c.o(i.I2C_SendData)
    I2S_Cmd                                  0x0800129f   Thumb Code    20  stm32f4xx_spi.o(i.I2S_Cmd)
    I2S_Init                                 0x080012b5   Thumb Code   190  stm32f4xx_spi.o(i.I2S_Init)
    MemManage_Handler                        0x0800137d   Thumb Code     2  stm32f4xx_it.o(i.MemManage_Handler)
    NMI_Handler                              0x0800137f   Thumb Code     2  stm32f4xx_it.o(i.NMI_Handler)
    NVIC_Init                                0x08001381   Thumb Code    96  misc.o(i.NVIC_Init)
    NVIC_PriorityGroupConfig                 0x080013e5   Thumb Code    10  misc.o(i.NVIC_PriorityGroupConfig)
    NVIC_SetVectorTable                      0x080013f9   Thumb Code    12  misc.o(i.NVIC_SetVectorTable)
    OTG_FS_IRQHandler                        0x0800140d   Thumb Code     6  stm32f4xx_it.o(i.OTG_FS_IRQHandler)
    PendSV_Handler                           0x08001419   Thumb Code     2  stm32f4xx_it.o(i.PendSV_Handler)
    RCC_AHB1PeriphClockCmd                   0x0800141d   Thumb Code    18  stm32f4xx_rcc.o(i.RCC_AHB1PeriphClockCmd)
    RCC_AHB2PeriphClockCmd                   0x08001435   Thumb Code    18  stm32f4xx_rcc.o(i.RCC_AHB2PeriphClockCmd)
    RCC_APB1PeriphClockCmd                   0x0800144d   Thumb Code    18  stm32f4xx_rcc.o(i.RCC_APB1PeriphClockCmd)
    RCC_APB1PeriphResetCmd                   0x08001465   Thumb Code    18  stm32f4xx_rcc.o(i.RCC_APB1PeriphResetCmd)
    RCC_APB2PeriphClockCmd                   0x0800147d   Thumb Code    18  stm32f4xx_rcc.o(i.RCC_APB2PeriphClockCmd)
    RCC_APB2PeriphResetCmd                   0x08001495   Thumb Code    18  stm32f4xx_rcc.o(i.RCC_APB2PeriphResetCmd)
    RCC_GetClocksFreq                        0x080014ad   Thumb Code   132  stm32f4xx_rcc.o(i.RCC_GetClocksFreq)
    SPI3_IRQHandler                          0x0800153d   Thumb Code    54  stm32f4_discovery_audio_codec.o(i.SPI3_IRQHandler)
    SPI_I2S_DMACmd                           0x0800157d   Thumb Code    16  stm32f4xx_spi.o(i.SPI_I2S_DMACmd)
    SPI_I2S_DeInit                           0x0800158d   Thumb Code    72  stm32f4xx_spi.o(i.SPI_I2S_DeInit)
    SPI_I2S_GetFlagStatus                    0x080015e1   Thumb Code    14  stm32f4xx_spi.o(i.SPI_I2S_GetFlagStatus)
    SPI_I2S_ITConfig                         0x080015ef   Thumb Code    24  stm32f4xx_spi.o(i.SPI_I2S_ITConfig)
    SPI_I2S_SendData                         0x08001607   Thumb Code     4  stm32f4xx_spi.o(i.SPI_I2S_SendData)
    STM_EVAL_LEDInit                         0x0800160d   Thumb Code    62  stm32f4_discovery.o(i.STM_EVAL_LEDInit)
    STM_EVAL_LEDOff                          0x08001655   Thumb Code    16  stm32f4_discovery.o(i.STM_EVAL_LEDOff)
    STM_EVAL_LEDOn                           0x0800166d   Thumb Code    16  stm32f4_discovery.o(i.STM_EVAL_LEDOn)
    STM_EVAL_LEDToggle                       0x08001685   Thumb Code    20  stm32f4_discovery.o(i.STM_EVAL_LEDToggle)
    STM_EVAL_PBGetState                      0x080016a1   Thumb Code    16  stm32f4_discovery.o(i.STM_EVAL_PBGetState)
    STM_EVAL_PBInit                          0x080016b9   Thumb Code   144  stm32f4_discovery.o(i.STM_EVAL_PBInit)
    SVC_Handler                              0x08001751   Thumb Code     2  stm32f4xx_it.o(i.SVC_Handler)
    SYSCFG_EXTILineConfig                    0x08001755   Thumb Code    42  stm32f4xx_syscfg.o(i.SYSCFG_EXTILineConfig)
    SysTick_Handler                          0x0800185d   Thumb Code     2  stm32f4xx_it.o(i.SysTick_Handler)
    SystemInit                               0x08001861   Thumb Code    74  system_stm32f4xx.o(i.SystemInit)
    TIM2_IRQHandler                          0x080018bd   Thumb Code     4  stm32f4xx_it.o(i.TIM2_IRQHandler)
    TIM_ARRPreloadConfig                     0x080018c1   Thumb Code    20  stm32f4xx_tim.o(i.TIM_ARRPreloadConfig)
    TIM_ClearITPendingBit                    0x080018d5   Thumb Code     6  stm32f4xx_tim.o(i.TIM_ClearITPendingBit)
    TIM_Cmd                                  0x080018db   Thumb Code    20  stm32f4xx_tim.o(i.TIM_Cmd)
    TIM_GetITStatus                          0x080018ef   Thumb Code    24  stm32f4xx_tim.o(i.TIM_GetITStatus)
    TIM_ITConfig                             0x08001907   Thumb Code    16  stm32f4xx_tim.o(i.TIM_ITConfig)
    TIM_TimeBaseInit                         0x08001919   Thumb Code    96  stm32f4xx_tim.o(i.TIM_TimeBaseInit)
    USBH_Alloc_Channel                       0x08001995   Thumb Code    52  usbh_hcs.o(i.USBH_Alloc_Channel)
    USBH_BulkReceiveData                     0x080019c9   Thumb Code    38  usbh_ioreq.o(i.USBH_BulkReceiveData)
    USBH_BulkSendData                        0x080019ef   Thumb Code    40  usbh_ioreq.o(i.USBH_BulkSendData)
    USBH_ClrFeature                          0x08001a17   Thumb Code    46  usbh_stdreq.o(i.USBH_ClrFeature)
    USBH_Connect                             0x08001a45   Thumb Code    18  usbh_core.o(i.USBH_Connect)
    USBH_CtlReceiveData                      0x08001a57   Thumb Code    32  usbh_ioreq.o(i.USBH_CtlReceiveData)
    USBH_CtlReq                              0x08001a77   Thumb Code    80  usbh_ioreq.o(i.USBH_CtlReq)
    USBH_CtlSendData                         0x08001ac7   Thumb Code    54  usbh_ioreq.o(i.USBH_CtlSendData)
    USBH_CtlSendSetup                        0x08001afd   Thumb Code    38  usbh_ioreq.o(i.USBH_CtlSendSetup)
    USBH_DeAllocate_AllChannel               0x08001b23   Thumb Code    24  usbh_hcs.o(i.USBH_DeAllocate_AllChannel)
    USBH_DeInit                              0x08001b3b   Thumb Code    52  usbh_core.o(i.USBH_DeInit)
    USBH_Disconnect                          0x08001b6f   Thumb Code    18  usbh_core.o(i.USBH_Disconnect)
    USBH_ErrorHandle                         0x08001b81   Thumb Code    44  usbh_core.o(i.USBH_ErrorHandle)
    USBH_Free_Channel                        0x08001bad   Thumb Code    24  usbh_hcs.o(i.USBH_Free_Channel)
    USBH_GetDescriptor                       0x08001bc5   Thumb Code    48  usbh_stdreq.o(i.USBH_GetDescriptor)
    USBH_Get_CfgDesc                         0x08001c03   Thumb Code    58  usbh_stdreq.o(i.USBH_Get_CfgDesc)
    USBH_Get_DevDesc                         0x08001c3d   Thumb Code   156  usbh_stdreq.o(i.USBH_Get_DevDesc)
    USBH_Get_StringDesc                      0x08001cd9   Thumb Code    72  usbh_stdreq.o(i.USBH_Get_StringDesc)
    USBH_HandleControl                       0x08001d21   Thumb Code   454  usbh_core.o(i.USBH_HandleControl)
    USBH_Init                                0x08002085   Thumb Code    76  usbh_core.o(i.USBH_Init)
    USBH_MSC_BOT_Abort                       0x080020d5   Thumb Code    48  usbh_msc_bot.o(i.USBH_MSC_BOT_Abort)
    USBH_MSC_DecodeCSW                       0x08002119   Thumb Code    78  usbh_msc_bot.o(i.USBH_MSC_DecodeCSW)
    USBH_MSC_ErrorHandle                     0x08002175   Thumb Code    42  usbh_msc_core.o(i.USBH_MSC_ErrorHandle)
    USBH_MSC_HandleBOTXfer                   0x0800230d   Thumb Code   502  usbh_msc_bot.o(i.USBH_MSC_HandleBOTXfer)
    USBH_MSC_Init                            0x08002511   Thumb Code    40  usbh_msc_bot.o(i.USBH_MSC_Init)
    USBH_MSC_ModeSense6                      0x08002625   Thumb Code   142  usbh_msc_scsi.o(i.USBH_MSC_ModeSense6)
    USBH_MSC_Read10                          0x080026c1   Thumb Code   202  usbh_msc_scsi.o(i.USBH_MSC_Read10)
    USBH_MSC_ReadCapacity10                  0x08002799   Thumb Code   148  usbh_msc_scsi.o(i.USBH_MSC_ReadCapacity10)
    USBH_MSC_RequestSense                    0x08002839   Thumb Code   146  usbh_msc_scsi.o(i.USBH_MSC_RequestSense)
    USBH_MSC_TestUnitReady                   0x080028d9   Thumb Code   116  usbh_msc_scsi.o(i.USBH_MSC_TestUnitReady)
    USBH_MSC_Write10                         0x08002959   Thumb Code   146  usbh_msc_scsi.o(i.USBH_MSC_Write10)
    USBH_Modify_Channel                      0x080029f5   Thumb Code    50  usbh_hcs.o(i.USBH_Modify_Channel)
    USBH_OTG_ISR_Handler                     0x08002a27   Thumb Code   168  usb_hcd_int.o(i.USBH_OTG_ISR_Handler)
    USBH_Open_Channel                        0x08002acf   Thumb Code    84  usbh_hcs.o(i.USBH_Open_Channel)
    USBH_Process                             0x08002c0d   Thumb Code   418  usbh_core.o(i.USBH_Process)
    USBH_SetAddress                          0x08002daf   Thumb Code    24  usbh_stdreq.o(i.USBH_SetAddress)
    USBH_SetCfg                              0x08002dc7   Thumb Code    24  usbh_stdreq.o(i.USBH_SetCfg)
    USBH_USR_Configuration_DescAvailable     0x08002ddf   Thumb Code     2  usbh_usr.o(i.USBH_USR_Configuration_DescAvailable)
    USBH_USR_DeInit                          0x08002de1   Thumb Code     8  usbh_usr.o(i.USBH_USR_DeInit)
    USBH_USR_DeviceAddressAssigned           0x08002ded   Thumb Code     2  usbh_usr.o(i.USBH_USR_DeviceAddressAssigned)
    USBH_USR_DeviceAttached                  0x08002def   Thumb Code     6  usbh_usr.o(i.USBH_USR_DeviceAttached)
    USBH_USR_DeviceDisconnected              0x08002df5   Thumb Code     6  usbh_usr.o(i.USBH_USR_DeviceDisconnected)
    USBH_USR_DeviceNotSupported              0x08002dfb   Thumb Code     2  usbh_usr.o(i.USBH_USR_DeviceNotSupported)
    USBH_USR_DeviceSpeedDetected             0x08002dfd   Thumb Code     2  usbh_usr.o(i.USBH_USR_DeviceSpeedDetected)
    USBH_USR_Device_DescAvailable            0x08002dff   Thumb Code     2  usbh_usr.o(i.USBH_USR_Device_DescAvailable)
    USBH_USR_EnumerationDone                 0x08002e01   Thumb Code     2  usbh_usr.o(i.USBH_USR_EnumerationDone)
    USBH_USR_Init                            0x08002e03   Thumb Code     2  usbh_usr.o(i.USBH_USR_Init)
    USBH_USR_MSC_Application                 0x08002e05   Thumb Code    52  usbh_usr.o(i.USBH_USR_MSC_Application)
    USBH_USR_Manufacturer_String             0x08002e45   Thumb Code     2  usbh_usr.o(i.USBH_USR_Manufacturer_String)
    USBH_USR_OverCurrentDetected             0x08002e47   Thumb Code     2  usbh_usr.o(i.USBH_USR_OverCurrentDetected)
    USBH_USR_Product_String                  0x08002e49   Thumb Code     2  usbh_usr.o(i.USBH_USR_Product_String)
    USBH_USR_ResetDevice                     0x08002e4b   Thumb Code     2  usbh_usr.o(i.USBH_USR_ResetDevice)
    USBH_USR_SerialNum_String                0x08002e4d   Thumb Code     2  usbh_usr.o(i.USBH_USR_SerialNum_String)
    USBH_USR_UnrecoveredError                0x08002e4f   Thumb Code     2  usbh_usr.o(i.USBH_USR_UnrecoveredError)
    USBH_USR_UserInput                       0x08002e51   Thumb Code     4  usbh_usr.o(i.USBH_USR_UserInput)
    USB_OTG_BSP_ConfigVBUS                   0x08002e55   Thumb Code    60  usb_bsp.o(i.USB_OTG_BSP_ConfigVBUS)
    USB_OTG_BSP_DriveVBUS                    0x08002e95   Thumb Code    18  usb_bsp.o(i.USB_OTG_BSP_DriveVBUS)
    USB_OTG_BSP_EnableInterrupt              0x08002ead   Thumb Code    64  usb_bsp.o(i.USB_OTG_BSP_EnableInterrupt)
    USB_OTG_BSP_Init                         0x08002eed   Thumb Code   180  usb_bsp.o(i.USB_OTG_BSP_Init)
    USB_OTG_BSP_TimerIRQ                     0x08002fa5   Thumb Code    50  usb_bsp.o(i.USB_OTG_BSP_TimerIRQ)
    USB_OTG_BSP_mDelay                       0x08002fdd   Thumb Code     6  usb_bsp.o(i.USB_OTG_BSP_mDelay)
    USB_OTG_BSP_uDelay                       0x08002fe3   Thumb Code     6  usb_bsp.o(i.USB_OTG_BSP_uDelay)
    USB_OTG_CoreInit                         0x08002fe9   Thumb Code   218  usb_core.o(i.USB_OTG_CoreInit)
    USB_OTG_CoreInitHost                     0x080030c5   Thumb Code   150  usb_core.o(i.USB_OTG_CoreInitHost)
    USB_OTG_DisableGlobalInt                 0x080031b5   Thumb Code    16  usb_core.o(i.USB_OTG_DisableGlobalInt)
    USB_OTG_DriveVbus                        0x080031c5   Thumb Code    58  usb_core.o(i.USB_OTG_DriveVbus)
    USB_OTG_EnableGlobalInt                  0x080031ff   Thumb Code    16  usb_core.o(i.USB_OTG_EnableGlobalInt)
    USB_OTG_EnableHostInt                    0x08003211   Thumb Code    62  usb_core.o(i.USB_OTG_EnableHostInt)
    USB_OTG_FlushRxFifo                      0x08003255   Thumb Code    52  usb_core.o(i.USB_OTG_FlushRxFifo)
    USB_OTG_FlushTxFifo                      0x0800328d   Thumb Code    60  usb_core.o(i.USB_OTG_FlushTxFifo)
    USB_OTG_HC_DoPing                        0x080032cd   Thumb Code    42  usb_core.o(i.USB_OTG_HC_DoPing)
    USB_OTG_HC_Halt                          0x080032f7   Thumb Code    60  usb_core.o(i.USB_OTG_HC_Halt)
    USB_OTG_HC_Init                          0x08003333   Thumb Code   236  usb_core.o(i.USB_OTG_HC_Init)
    USB_OTG_HC_StartXfer                     0x0800341f   Thumb Code   258  usb_core.o(i.USB_OTG_HC_StartXfer)
    USB_OTG_InitFSLSPClkSel                  0x08003521   Thumb Code    12  usb_core.o(i.USB_OTG_InitFSLSPClkSel)
    USB_OTG_IsEvenFrame                      0x0800352d   Thumb Code    12  usb_core.o(i.USB_OTG_IsEvenFrame)
    USB_OTG_IsHostMode                       0x08003539   Thumb Code    14  usb_core.o(i.USB_OTG_IsHostMode)
    USB_OTG_ReadCoreItr                      0x08003547   Thumb Code    10  usb_core.o(i.USB_OTG_ReadCoreItr)
    USB_OTG_ReadHPRT0                        0x08003551   Thumb Code    12  usb_core.o(i.USB_OTG_ReadHPRT0)
    USB_OTG_ReadHostAllChannels_intr         0x0800355d   Thumb Code     6  usb_core.o(i.USB_OTG_ReadHostAllChannels_intr)
    USB_OTG_ReadPacket                       0x08003563   Thumb Code    32  usb_core.o(i.USB_OTG_ReadPacket)
    USB_OTG_ResetPort                        0x08003583   Thumb Code    42  usb_core.o(i.USB_OTG_ResetPort)
    USB_OTG_SelectCore                       0x080035ad   Thumb Code   188  usb_core.o(i.USB_OTG_SelectCore)
    USB_OTG_SetCurrentMode                   0x0800366d   Thumb Code    42  usb_core.o(i.USB_OTG_SetCurrentMode)
    USB_OTG_WritePacket                      0x08004403   Thumb Code    40  usb_core.o(i.USB_OTG_WritePacket)
    UsageFault_Handler                       0x0800442b   Thumb Code     2  stm32f4xx_it.o(i.UsageFault_Handler)
    UserPlayCmd                              0x0800442d   Thumb Code    38  main.o(i.UserPlayCmd)
    WAVFileExplor                            0x08004455   Thumb Code   146  waveplay.o(i.WAVFileExplor)
    WaveParsing                              0x080044f1   Thumb Code   162  wavcodec.o(i.WaveParsing)
    WavePlayer                               0x080045ad   Thumb Code   540  waveplay.o(i.WavePlayer)
    __scatterload_copy                       0x080047dd   Thumb Code    14  handlers.o(i.__scatterload_copy)
    __scatterload_null                       0x080047eb   Thumb Code     2  handlers.o(i.__scatterload_null)
    __scatterload_zeroinit                   0x080047ed   Thumb Code    14  handlers.o(i.__scatterload_zeroinit)
    chk_mounted                              0x08004859   Thumb Code   482  ff.o(i.chk_mounted)
    clust2sect                               0x08004a49   Thumb Code    24  ff.o(i.clust2sect)
    disk_initialize                          0x08004e2d   Thumb Code    24  usbh_msc_fatfs.o(i.disk_initialize)
    disk_ioctl                               0x08004e4d   Thumb Code    56  usbh_msc_fatfs.o(i.disk_ioctl)
    disk_read                                0x08004e8d   Thumb Code    86  usbh_msc_fatfs.o(i.disk_read)
    disk_status                              0x08004ef1   Thumb Code    12  usbh_msc_fatfs.o(i.disk_status)
    disk_write                               0x08004f01   Thumb Code    96  usbh_msc_fatfs.o(i.disk_write)
    f_close                                  0x08004f6d   Thumb Code    18  ff.o(i.f_close)
    f_lseek                                  0x08004f7f   Thumb Code   342  ff.o(i.f_lseek)
    f_mount                                  0x080050d5   Thumb Code    26  ff.o(i.f_mount)
    f_open                                   0x080050f5   Thumb Code   324  ff.o(i.f_open)
    f_opendir                                0x08005239   Thumb Code    78  ff.o(i.f_opendir)
    f_read                                   0x08005287   Thumb Code   390  ff.o(i.f_read)
    f_readdir                                0x0800540d   Thumb Code    80  ff.o(i.f_readdir)
    f_sync                                   0x0800545d   Thumb Code   164  ff.o(i.f_sync)
    get_fat                                  0x080055bd   Thumb Code   206  ff.o(i.get_fat)
    get_fattime                              0x0800568b   Thumb Code     4  fattime.o(i.get_fattime)
    main                                     0x080056f1   Thumb Code   146  main.o(i.main)
    put_fat                                  0x08005827   Thumb Code   306  ff.o(i.put_fat)
    BUTTON_PORT_SOURCE                       0x08005a94   Data           1  stm32f4_discovery.o(.constdata)
    BUTTON_PIN_SOURCE                        0x08005a95   Data           1  stm32f4_discovery.o(.constdata)
    BUTTON_IRQn                              0x08005a96   Data           1  stm32f4_discovery.o(.constdata)
    BUTTON_PIN                               0x08005a98   Data           2  stm32f4_discovery.o(.constdata)
    BUTTON_EXTI_LINE                         0x08005a9a   Data           2  stm32f4_discovery.o(.constdata)
    BUTTON_CLK                               0x08005a9c   Data           4  stm32f4_discovery.o(.constdata)
    GPIO_PIN                                 0x08005aa0   Data           8  stm32f4_discovery.o(.constdata)
    GPIO_CLK                                 0x08005aa8   Data          16  stm32f4_discovery.o(.constdata)
    Region$$Table$$Base                      0x08005b7c   Number         0  anon$$obj.o(Region$$Table)
    Region$$Table$$Limit                     0x08005b9c   Number         0  anon$$obj.o(Region$$Table)
    Err                                      0x20000000   Data           1  main.o(.data)
    USBKey_Path                              0x20000001   Data          10  main.o(.data)
    BSP_delay                                0x2000000c   Data           4  usb_bsp.o(.data)
    USR_Callbacks                            0x20000010   Data          72  usbh_usr.o(.data)
    USB_MSC_InitOk                           0x20000059   Data           1  usbh_usr.o(.data)
    XferCplt                                 0x2000005c   Data           1  waveplay.o(.data)
    BufferSwitch                             0x2000005d   Data           1  waveplay.o(.data)
    WaveDataLength                           0x20000060   Data           4  waveplay.o(.data)
    BytesRead                                0x20000064   Data           4  waveplay.o(.data)
    BUTTON_PORT                              0x20000068   Data           4  stm32f4_discovery.o(.data)
    GPIO_PORT                                0x2000006c   Data          16  stm32f4_discovery.o(.data)
    OutputDev                                0x2000007c   Data           1  stm32f4_discovery_audio_codec.o(.data)
    AudioTotalSize                           0x20000080   Data           4  stm32f4_discovery_audio_codec.o(.data)
    AudioRemSize                             0x20000084   Data           4  stm32f4_discovery_audio_codec.o(.data)
    CODECTimeout                             0x20000088   Data           4  stm32f4_discovery_audio_codec.o(.data)
    CurrAudioInterface                       0x2000008c   Data           4  stm32f4_discovery_audio_codec.o(.data)
    AUDIO_MAL_DMA_CLOCK                      0x20000090   Data           4  stm32f4_discovery_audio_codec.o(.data)
    AUDIO_MAL_DMA_STREAM                     0x20000094   Data           4  stm32f4_discovery_audio_codec.o(.data)
    AUDIO_MAL_DMA_DREG                       0x20000098   Data           4  stm32f4_discovery_audio_codec.o(.data)
    AUDIO_MAL_DMA_CHANNEL                    0x2000009c   Data           4  stm32f4_discovery_audio_codec.o(.data)
    AUDIO_MAL_DMA_IRQ                        0x200000a0   Data           4  stm32f4_discovery_audio_codec.o(.data)
    AUDIO_MAL_DMA_FLAG_TC                    0x200000a4   Data           4  stm32f4_discovery_audio_codec.o(.data)
    AUDIO_MAL_DMA_FLAG_HT                    0x200000a8   Data           4  stm32f4_discovery_audio_codec.o(.data)
    AUDIO_MAL_DMA_FLAG_FE                    0x200000ac   Data           4  stm32f4_discovery_audio_codec.o(.data)
    AUDIO_MAL_DMA_FLAG_TE                    0x200000b0   Data           4  stm32f4_discovery_audio_codec.o(.data)
    AUDIO_MAL_DMA_FLAG_DME                   0x200000b4   Data           4  stm32f4_discovery_audio_codec.o(.data)
    CurrentPos                               0x200000b8   Data           4  stm32f4_discovery_audio_codec.o(.data)
    MSCErrorCount                            0x200000dc   Data           1  usbh_msc_core.o(.data)
    USBH_MSC_cb                              0x200000e0   Data          16  usbh_msc_core.o(.data)
    USBH_DeviceConnStatus_cb                 0x200000f8   Data          12  usbh_core.o(.data)
    USB_OTG_Core                             0x2000010c   Data        1200  main.o(.bss)
    USB_Host                                 0x200005bc   Data         132  main.o(.bss)
    WaveInfo                                 0x20000640   Data          40  main.o(.bss)
    FileList                                 0x20000668   Data         602  main.o(.bss)
    fatfs                                    0x200008c4   Data        1072  usbh_usr.o(.bss)
    Buff1                                    0x20000cf4   Data        2048  waveplay.o(.bss)
    Buff2                                    0x200014f4   Data        2048  waveplay.o(.bss)
    fPath                                    0x20001cf4   Data          50  waveplay.o(.bss)
    DMA_InitStructure                        0x20001d28   Data          60  stm32f4_discovery_audio_codec.o(.bss)
    USBH_MSC_CBWData                         0x20001d64   Data          32  usbh_msc_bot.o(.bss)
    USBH_MSC_CSWData                         0x20001d84   Data          16  usbh_msc_bot.o(.bss)
    USBH_MSC_BOTXferParam                    0x20001d94   Data          16  usbh_msc_bot.o(.bss)
    MSC_Machine                              0x20001da4   Data          74  usbh_msc_core.o(.bss)
    USBH_MSC_Param                           0x20001df0   Data          16  usbh_msc_scsi.o(.bss)
    USBH_DataInBuffer                        0x20001e00   Data         512  usbh_msc_scsi.o(.bss)
    __initial_sp                             0x20002400   Data           0  startup_stm32f4xx.o(STACK)



==============================================================================

Memory Map of the image

  Image Entry point : 0x08000189

  Load Region LR_IROM1 (Base: 0x08000000, Size: 0x00005ca8, Max: 0x00100000, ABSOLUTE)

    Execution Region ER_IROM1 (Base: 0x08000000, Size: 0x00005b9c, Max: 0x00100000, ABSOLUTE)

    Base Addr    Size         Type   Attr      Idx    E Section Name        Object

    0x08000000   0x00000188   Data   RO            3    RESET               startup_stm32f4xx.o
    0x08000188   0x00000000   Code   RO         3670  * .ARM.Collect$$$$00000000  mc_w.l(entry.o)
    0x08000188   0x00000004   Code   RO         3681    .ARM.Collect$$$$00000001  mc_w.l(entry2.o)
    0x0800018c   0x00000004   Code   RO         3684    .ARM.Collect$$$$00000004  mc_w.l(entry5.o)
    0x08000190   0x00000000   Code   RO         3686    .ARM.Collect$$$$00000008  mc_w.l(entry7b.o)
    0x08000190   0x00000000   Code   RO         3688    .ARM.Collect$$$$0000000A  mc_w.l(entry8b.o)
    0x08000190   0x00000008   Code   RO         3689    .ARM.Collect$$$$0000000B  mc_w.l(entry9a.o)
    0x08000198   0x00000000   Code   RO         3691    .ARM.Collect$$$$0000000D  mc_w.l(entry10a.o)
    0x08000198   0x00000000   Code   RO         3693    .ARM.Collect$$$$0000000F  mc_w.l(entry11a.o)
    0x08000198   0x00000004   Code   RO         3682    .ARM.Collect$$$$00002712  mc_w.l(entry2.o)
    0x0800019c   0x00000024   Code   RO            4    .text               startup_stm32f4xx.o
    0x080001c0   0x00000018   Code   RO         3673    .text               mc_w.l(strcat.o)
    0x080001d8   0x00000024   Code   RO         3675    .text               mc_w.l(strstr.o)
    0x080001fc   0x00000018   Code   RO         3677    .text               mc_w.l(strncpy.o)
    0x08000214   0x00000028   Code   RO         3679    .text               mc_w.l(strncat.o)
    0x0800023c   0x00000024   Code   RO         3695    .text               mc_w.l(init.o)
    0x08000260   0x0000009c   Code   RO          671    i.Audio_MAL_IRQHandler  stm32f4_discovery_audio_codec.o
    0x080002fc   0x000000cc   Code   RO          672    i.Audio_MAL_Init    stm32f4_discovery_audio_codec.o
    0x080003c8   0x00000050   Code   RO          673    i.Audio_MAL_Play    stm32f4_discovery_audio_codec.o
    0x08000418   0x00000024   Code   RO          341    i.BSP_Delay         usb_bsp.o
    0x0800043c   0x0000006a   Code   RO          343    i.BSP_SetTime       usb_bsp.o
    0x080004a6   0x00000002   Code   RO          231    i.BusFault_Handler  stm32f4xx_it.o
    0x080004a8   0x0000006c   Code   RO          674    i.Codec_AudioInterface_Init  stm32f4_discovery_audio_codec.o
    0x08000514   0x0000011c   Code   RO          676    i.Codec_GPIO_Init   stm32f4_discovery_audio_codec.o
    0x08000630   0x00000128   Code   RO          677    i.Codec_Init        stm32f4_discovery_audio_codec.o
    0x08000758   0x00000018   Code   RO          678    i.Codec_Mute        stm32f4_discovery_audio_codec.o
    0x08000770   0x00000164   Code   RO          679    i.Codec_ReadRegister  stm32f4_discovery_audio_codec.o
    0x080008d4   0x00000028   Code   RO          680    i.Codec_Reset       stm32f4_discovery_audio_codec.o
    0x080008fc   0x00000004   Code   RO          555    i.Codec_TIMEOUT_UserCallback  waveplay.o
    0x08000900   0x00000026   Code   RO          681    i.Codec_VolumeCtrl  stm32f4_discovery_audio_codec.o
    0x08000926   0x00000002   PAD
    0x08000928   0x000000fc   Code   RO          682    i.Codec_WriteRegister  stm32f4_discovery_audio_codec.o
    0x08000a24   0x00000018   Code   RO         2565    i.DAC_Cmd           stm32f4xx_dac.o
    0x08000a3c   0x00000050   Code   RO          683    i.DAC_Config        stm32f4_discovery_audio_codec.o
    0x08000a8c   0x00000028   Code   RO         2573    i.DAC_Init          stm32f4xx_dac.o
    0x08000ab4   0x00000014   Code   RO         2574    i.DAC_SetChannel1Data  stm32f4xx_dac.o
    0x08000ac8   0x00000004   Code   RO          684    i.DMA1_Stream0_IRQHandler  stm32f4_discovery_audio_codec.o
    0x08000acc   0x00000004   Code   RO          685    i.DMA1_Stream7_IRQHandler  stm32f4_discovery_audio_codec.o
    0x08000ad0   0x0000002c   Code   RO          864    i.DMA_ClearFlag     stm32f4xx_dma.o
    0x08000afc   0x00000014   Code   RO          866    i.DMA_Cmd           stm32f4xx_dma.o
    0x08000b10   0x00000124   Code   RO          867    i.DMA_DeInit        stm32f4xx_dma.o
    0x08000c34   0x0000000e   Code   RO          871    i.DMA_GetCmdStatus  stm32f4xx_dma.o
    0x08000c42   0x00000002   PAD
    0x08000c44   0x00000034   Code   RO          875    i.DMA_GetFlagStatus  stm32f4xx_dma.o
    0x08000c78   0x0000002c   Code   RO          877    i.DMA_ITConfig      stm32f4xx_dma.o
    0x08000ca4   0x00000054   Code   RO          878    i.DMA_Init          stm32f4xx_dma.o
    0x08000cf8   0x00000002   Code   RO          232    i.DebugMon_Handler  stm32f4xx_it.o
    0x08000cfa   0x00000010   Code   RO          686    i.Delay             stm32f4_discovery_audio_codec.o
    0x08000d0a   0x00000004   Code   RO          557    i.EVAL_AUDIO_GetSampleCallBack  waveplay.o
    0x08000d0e   0x00000028   Code   RO          688    i.EVAL_AUDIO_Init   stm32f4_discovery_audio_codec.o
    0x08000d36   0x00000002   PAD
    0x08000d38   0x00000084   Code   RO          690    i.EVAL_AUDIO_PauseResume  stm32f4_discovery_audio_codec.o
    0x08000dbc   0x0000008c   Code   RO          692    i.EVAL_AUDIO_SetAudioInterface  stm32f4_discovery_audio_codec.o
    0x08000e48   0x00000078   Code   RO          693    i.EVAL_AUDIO_Stop   stm32f4_discovery_audio_codec.o
    0x08000ec0   0x00000020   Code   RO          559    i.EVAL_AUDIO_TransferComplete_CallBack  waveplay.o
    0x08000ee0   0x00000018   Code   RO          694    i.EVAL_AUDIO_VolumeCtl  stm32f4_discovery_audio_codec.o
    0x08000ef8   0x00000070   Code   RO          994    i.EXTI_Init         stm32f4xx_exti.o
    0x08000f68   0x000000a2   Code   RO         1237    i.GPIO_Init         stm32f4xx_gpio.o
    0x0800100a   0x00000020   Code   RO         1238    i.GPIO_PinAFConfig  stm32f4xx_gpio.o
    0x0800102a   0x0000000e   Code   RO         1241    i.GPIO_ReadInputDataBit  stm32f4xx_gpio.o
    0x08001038   0x00000004   Code   RO         1244    i.GPIO_ResetBits    stm32f4xx_gpio.o
    0x0800103c   0x00000004   Code   RO         1245    i.GPIO_SetBits      stm32f4xx_gpio.o
    0x08001040   0x0000000a   Code   RO         1249    i.GPIO_WriteBit     stm32f4xx_gpio.o
    0x0800104a   0x00000008   Code   RO         3265    i.HCD_GetCurrentFrame  usb_hcd.o
    0x08001052   0x0000000c   Code   RO         3266    i.HCD_GetCurrentSpeed  usb_hcd.o
    0x0800105e   0x00000008   Code   RO         3268    i.HCD_GetURB_State  usb_hcd.o
    0x08001066   0x0000000a   Code   RO         3269    i.HCD_GetXferCnt    usb_hcd.o
    0x08001070   0x00000056   Code   RO         3271    i.HCD_Init          usb_hcd.o
    0x080010c6   0x00000006   Code   RO         3272    i.HCD_IsDeviceConnected  usb_hcd.o
    0x080010cc   0x0000000a   Code   RO         3273    i.HCD_ResetPort     usb_hcd.o
    0x080010d6   0x00000014   Code   RO         3274    i.HCD_SubmitRequest  usb_hcd.o
    0x080010ea   0x00000002   Code   RO          233    i.HardFault_Handler  stm32f4xx_it.o
    0x080010ec   0x00000014   Code   RO         1331    i.I2C_AcknowledgeConfig  stm32f4xx_i2c.o
    0x08001100   0x00000018   Code   RO         1333    i.I2C_CheckEvent    stm32f4xx_i2c.o
    0x08001118   0x00000006   Code   RO         1334    i.I2C_ClearFlag     stm32f4xx_i2c.o
    0x0800111e   0x00000014   Code   RO         1336    i.I2C_Cmd           stm32f4xx_i2c.o
    0x08001132   0x00000002   PAD
    0x08001134   0x00000044   Code   RO         1339    i.I2C_DeInit        stm32f4xx_i2c.o
    0x08001178   0x00000014   Code   RO         1343    i.I2C_GenerateSTART  stm32f4xx_i2c.o
    0x0800118c   0x00000014   Code   RO         1344    i.I2C_GenerateSTOP  stm32f4xx_i2c.o
    0x080011a0   0x0000002a   Code   RO         1345    i.I2C_GetFlagStatus  stm32f4xx_i2c.o
    0x080011ca   0x00000002   PAD
    0x080011cc   0x000000b8   Code   RO         1350    i.I2C_Init          stm32f4xx_i2c.o
    0x08001284   0x00000006   Code   RO         1355    i.I2C_ReceiveData   stm32f4xx_i2c.o
    0x0800128a   0x00000010   Code   RO         1357    i.I2C_Send7bitAddress  stm32f4xx_i2c.o
    0x0800129a   0x00000004   Code   RO         1358    i.I2C_SendData      stm32f4xx_i2c.o
    0x0800129e   0x00000014   Code   RO         1814    i.I2S_Cmd           stm32f4xx_spi.o
    0x080012b2   0x00000002   PAD
    0x080012b4   0x000000c8   Code   RO         1816    i.I2S_Init          stm32f4xx_spi.o
    0x0800137c   0x00000002   Code   RO          234    i.MemManage_Handler  stm32f4xx_it.o
    0x0800137e   0x00000002   Code   RO          235    i.NMI_Handler       stm32f4xx_it.o
    0x08001380   0x00000064   Code   RO          824    i.NVIC_Init         misc.o
    0x080013e4   0x00000014   Code   RO          825    i.NVIC_PriorityGroupConfig  misc.o
    0x080013f8   0x00000014   Code   RO          826    i.NVIC_SetVectorTable  misc.o
    0x0800140c   0x0000000c   Code   RO          236    i.OTG_FS_IRQHandler  stm32f4xx_it.o
    0x08001418   0x00000002   Code   RO          237    i.PendSV_Handler    stm32f4xx_it.o
    0x0800141a   0x00000002   PAD
    0x0800141c   0x00000018   Code   RO         1538    i.RCC_AHB1PeriphClockCmd  stm32f4xx_rcc.o
    0x08001434   0x00000018   Code   RO         1541    i.RCC_AHB2PeriphClockCmd  stm32f4xx_rcc.o
    0x0800144c   0x00000018   Code   RO         1547    i.RCC_APB1PeriphClockCmd  stm32f4xx_rcc.o
    0x08001464   0x00000018   Code   RO         1549    i.RCC_APB1PeriphResetCmd  stm32f4xx_rcc.o
    0x0800147c   0x00000018   Code   RO         1550    i.RCC_APB2PeriphClockCmd  stm32f4xx_rcc.o
    0x08001494   0x00000018   Code   RO         1552    i.RCC_APB2PeriphResetCmd  stm32f4xx_rcc.o
    0x080014ac   0x00000090   Code   RO         1559    i.RCC_GetClocksFreq  stm32f4xx_rcc.o
    0x0800153c   0x00000040   Code   RO          695    i.SPI3_IRQHandler   stm32f4_discovery_audio_codec.o
    0x0800157c   0x00000010   Code   RO         1826    i.SPI_I2S_DMACmd    stm32f4xx_spi.o
    0x0800158c   0x00000054   Code   RO         1827    i.SPI_I2S_DeInit    stm32f4xx_spi.o
    0x080015e0   0x0000000e   Code   RO         1828    i.SPI_I2S_GetFlagStatus  stm32f4xx_spi.o
    0x080015ee   0x00000018   Code   RO         1830    i.SPI_I2S_ITConfig  stm32f4xx_spi.o
    0x08001606   0x00000004   Code   RO         1832    i.SPI_I2S_SendData  stm32f4xx_spi.o
    0x0800160a   0x00000002   PAD
    0x0800160c   0x00000048   Code   RO          620    i.STM_EVAL_LEDInit  stm32f4_discovery.o
    0x08001654   0x00000018   Code   RO          621    i.STM_EVAL_LEDOff   stm32f4_discovery.o
    0x0800166c   0x00000018   Code   RO          622    i.STM_EVAL_LEDOn    stm32f4_discovery.o
    0x08001684   0x0000001c   Code   RO          623    i.STM_EVAL_LEDToggle  stm32f4_discovery.o
    0x080016a0   0x00000018   Code   RO          624    i.STM_EVAL_PBGetState  stm32f4_discovery.o
    0x080016b8   0x00000098   Code   RO          625    i.STM_EVAL_PBInit   stm32f4_discovery.o
    0x08001750   0x00000002   Code   RO          238    i.SVC_Handler       stm32f4xx_it.o
    0x08001752   0x00000002   PAD
    0x08001754   0x00000030   Code   RO         1977    i.SYSCFG_EXTILineConfig  stm32f4xx_syscfg.o
    0x08001784   0x000000d8   Code   RO          308    i.SetSysClock       system_stm32f4xx.o
    0x0800185c   0x00000002   Code   RO          239    i.SysTick_Handler   stm32f4xx_it.o
    0x0800185e   0x00000002   PAD
    0x08001860   0x0000005c   Code   RO          310    i.SystemInit        system_stm32f4xx.o
    0x080018bc   0x00000004   Code   RO          240    i.TIM2_IRQHandler   stm32f4xx_it.o
    0x080018c0   0x00000014   Code   RO         2022    i.TIM_ARRPreloadConfig  stm32f4xx_tim.o
    0x080018d4   0x00000006   Code   RO         2029    i.TIM_ClearITPendingBit  stm32f4xx_tim.o
    0x080018da   0x00000014   Code   RO         2034    i.TIM_Cmd           stm32f4xx_tim.o
    0x080018ee   0x00000018   Code   RO         2055    i.TIM_GetITStatus   stm32f4xx_tim.o
    0x08001906   0x00000010   Code   RO         2059    i.TIM_ITConfig      stm32f4xx_tim.o
    0x08001916   0x00000002   PAD
    0x08001918   0x0000007c   Code   RO         2106    i.TIM_TimeBaseInit  stm32f4xx_tim.o
    0x08001994   0x00000034   Code   RO         2931    i.USBH_Alloc_Channel  usbh_hcs.o
    0x080019c8   0x00000026   Code   RO         2971    i.USBH_BulkReceiveData  usbh_ioreq.o
    0x080019ee   0x00000028   Code   RO         2972    i.USBH_BulkSendData  usbh_ioreq.o
    0x08001a16   0x0000002e   Code   RO         3029    i.USBH_ClrFeature   usbh_stdreq.o
    0x08001a44   0x00000012   Code   RO         2871    i.USBH_Connect      usbh_core.o
    0x08001a56   0x00000020   Code   RO         2973    i.USBH_CtlReceiveData  usbh_ioreq.o
    0x08001a76   0x00000050   Code   RO         2974    i.USBH_CtlReq       usbh_ioreq.o
    0x08001ac6   0x00000036   Code   RO         2975    i.USBH_CtlSendData  usbh_ioreq.o
    0x08001afc   0x00000026   Code   RO         2976    i.USBH_CtlSendSetup  usbh_ioreq.o
    0x08001b22   0x00000018   Code   RO         2932    i.USBH_DeAllocate_AllChannel  usbh_hcs.o
    0x08001b3a   0x00000034   Code   RO         2872    i.USBH_DeInit       usbh_core.o
    0x08001b6e   0x00000012   Code   RO         2873    i.USBH_Disconnect   usbh_core.o
    0x08001b80   0x0000002c   Code   RO         2874    i.USBH_ErrorHandle  usbh_core.o
    0x08001bac   0x00000018   Code   RO         2933    i.USBH_Free_Channel  usbh_hcs.o
    0x08001bc4   0x00000030   Code   RO         3030    i.USBH_GetDescriptor  usbh_stdreq.o
    0x08001bf4   0x0000000e   Code   RO         3031    i.USBH_GetNextDesc  usbh_stdreq.o
    0x08001c02   0x0000003a   Code   RO         3032    i.USBH_Get_CfgDesc  usbh_stdreq.o
    0x08001c3c   0x0000009c   Code   RO         3033    i.USBH_Get_DevDesc  usbh_stdreq.o
    0x08001cd8   0x00000048   Code   RO         3034    i.USBH_Get_StringDesc  usbh_stdreq.o
    0x08001d20   0x000001cc   Code   RO         2875    i.USBH_HandleControl  usbh_core.o
    0x08001eec   0x00000198   Code   RO         2876    i.USBH_HandleEnum   usbh_core.o
    0x08002084   0x00000050   Code   RO         2877    i.USBH_Init         usbh_core.o
    0x080020d4   0x00000038   Code   RO         2675    i.USBH_MSC_BOT_Abort  usbh_msc_bot.o
    0x0800210c   0x0000000c   Code   RO         2726    i.USBH_MSC_ClassRequest  usbh_msc_core.o
    0x08002118   0x0000005c   Code   RO         2676    i.USBH_MSC_DecodeCSW  usbh_msc_bot.o
    0x08002174   0x00000034   Code   RO         2727    i.USBH_MSC_ErrorHandle  usbh_msc_core.o
    0x080021a8   0x00000164   Code   RO         2728    i.USBH_MSC_Handle   usbh_msc_core.o
    0x0800230c   0x00000204   Code   RO         2677    i.USBH_MSC_HandleBOTXfer  usbh_msc_bot.o
    0x08002510   0x0000003c   Code   RO         2678    i.USBH_MSC_Init     usbh_msc_bot.o
    0x0800254c   0x00000038   Code   RO         2729    i.USBH_MSC_InterfaceDeInit  usbh_msc_core.o
    0x08002584   0x000000a0   Code   RO         2730    i.USBH_MSC_InterfaceInit  usbh_msc_core.o
    0x08002624   0x0000009c   Code   RO         2817    i.USBH_MSC_ModeSense6  usbh_msc_scsi.o
    0x080026c0   0x000000d8   Code   RO         2818    i.USBH_MSC_Read10   usbh_msc_scsi.o
    0x08002798   0x000000a0   Code   RO         2819    i.USBH_MSC_ReadCapacity10  usbh_msc_scsi.o
    0x08002838   0x000000a0   Code   RO         2820    i.USBH_MSC_RequestSense  usbh_msc_scsi.o
    0x080028d8   0x00000080   Code   RO         2821    i.USBH_MSC_TestUnitReady  usbh_msc_scsi.o
    0x08002958   0x0000009c   Code   RO         2822    i.USBH_MSC_Write10  usbh_msc_scsi.o
    0x080029f4   0x00000032   Code   RO         2934    i.USBH_Modify_Channel  usbh_hcs.o
    0x08002a26   0x000000a8   Code   RO         3335    i.USBH_OTG_ISR_Handler  usb_hcd_int.o
    0x08002ace   0x00000054   Code   RO         2935    i.USBH_Open_Channel  usbh_hcs.o
    0x08002b22   0x000000ea   Code   RO         3035    i.USBH_ParseCfgDesc  usbh_stdreq.o
    0x08002c0c   0x000001a2   Code   RO         2878    i.USBH_Process      usbh_core.o
    0x08002dae   0x00000018   Code   RO         3036    i.USBH_SetAddress   usbh_stdreq.o
    0x08002dc6   0x00000018   Code   RO         3037    i.USBH_SetCfg       usbh_stdreq.o
    0x08002dde   0x00000002   Code   RO          413    i.USBH_USR_Configuration_DescAvailable  usbh_usr.o
    0x08002de0   0x0000000c   Code   RO          414    i.USBH_USR_DeInit   usbh_usr.o
    0x08002dec   0x00000002   Code   RO          415    i.USBH_USR_DeviceAddressAssigned  usbh_usr.o
    0x08002dee   0x00000006   Code   RO          416    i.USBH_USR_DeviceAttached  usbh_usr.o
    0x08002df4   0x00000006   Code   RO          417    i.USBH_USR_DeviceDisconnected  usbh_usr.o
    0x08002dfa   0x00000002   Code   RO          418    i.USBH_USR_DeviceNotSupported  usbh_usr.o
    0x08002dfc   0x00000002   Code   RO          419    i.USBH_USR_DeviceSpeedDetected  usbh_usr.o
    0x08002dfe   0x00000002   Code   RO          420    i.USBH_USR_Device_DescAvailable  usbh_usr.o
    0x08002e00   0x00000002   Code   RO          421    i.USBH_USR_EnumerationDone  usbh_usr.o
    0x08002e02   0x00000002   Code   RO          422    i.USBH_USR_Init     usbh_usr.o
    0x08002e04   0x00000040   Code   RO          423    i.USBH_USR_MSC_Application  usbh_usr.o
    0x08002e44   0x00000002   Code   RO          424    i.USBH_USR_Manufacturer_String  usbh_usr.o
    0x08002e46   0x00000002   Code   RO          425    i.USBH_USR_OverCurrentDetected  usbh_usr.o
    0x08002e48   0x00000002   Code   RO          426    i.USBH_USR_Product_String  usbh_usr.o
    0x08002e4a   0x00000002   Code   RO          427    i.USBH_USR_ResetDevice  usbh_usr.o
    0x08002e4c   0x00000002   Code   RO          428    i.USBH_USR_SerialNum_String  usbh_usr.o
    0x08002e4e   0x00000002   Code   RO          429    i.USBH_USR_UnrecoveredError  usbh_usr.o
    0x08002e50   0x00000004   Code   RO          430    i.USBH_USR_UserInput  usbh_usr.o
    0x08002e54   0x00000040   Code   RO          344    i.USB_OTG_BSP_ConfigVBUS  usb_bsp.o
    0x08002e94   0x00000018   Code   RO          345    i.USB_OTG_BSP_DriveVBUS  usb_bsp.o
    0x08002eac   0x00000040   Code   RO          346    i.USB_OTG_BSP_EnableInterrupt  usb_bsp.o
    0x08002eec   0x000000b8   Code   RO          347    i.USB_OTG_BSP_Init  usb_bsp.o
    0x08002fa4   0x00000038   Code   RO          348    i.USB_OTG_BSP_TimerIRQ  usb_bsp.o
    0x08002fdc   0x00000006   Code   RO          349    i.USB_OTG_BSP_mDelay  usb_bsp.o
    0x08002fe2   0x00000006   Code   RO          350    i.USB_OTG_BSP_uDelay  usb_bsp.o
    0x08002fe8   0x000000da   Code   RO         3091    i.USB_OTG_CoreInit  usb_core.o
    0x080030c2   0x00000002   PAD
    0x080030c4   0x00000096   Code   RO         3092    i.USB_OTG_CoreInitHost  usb_core.o
    0x0800315a   0x00000002   PAD
    0x0800315c   0x00000058   Code   RO         3093    i.USB_OTG_CoreReset  usb_core.o
    0x080031b4   0x00000010   Code   RO         3094    i.USB_OTG_DisableGlobalInt  usb_core.o
    0x080031c4   0x0000003a   Code   RO         3095    i.USB_OTG_DriveVbus  usb_core.o
    0x080031fe   0x00000010   Code   RO         3096    i.USB_OTG_EnableGlobalInt  usb_core.o
    0x0800320e   0x00000002   PAD
    0x08003210   0x00000044   Code   RO         3097    i.USB_OTG_EnableHostInt  usb_core.o
    0x08003254   0x00000038   Code   RO         3098    i.USB_OTG_FlushRxFifo  usb_core.o
    0x0800328c   0x00000040   Code   RO         3099    i.USB_OTG_FlushTxFifo  usb_core.o
    0x080032cc   0x0000002a   Code   RO         3101    i.USB_OTG_HC_DoPing  usb_core.o
    0x080032f6   0x0000003c   Code   RO         3102    i.USB_OTG_HC_Halt   usb_core.o
    0x08003332   0x000000ec   Code   RO         3103    i.USB_OTG_HC_Init   usb_core.o
    0x0800341e   0x00000102   Code   RO         3104    i.USB_OTG_HC_StartXfer  usb_core.o
    0x08003520   0x0000000c   Code   RO         3105    i.USB_OTG_InitFSLSPClkSel  usb_core.o
    0x0800352c   0x0000000c   Code   RO         3107    i.USB_OTG_IsEvenFrame  usb_core.o
    0x08003538   0x0000000e   Code   RO         3108    i.USB_OTG_IsHostMode  usb_core.o
    0x08003546   0x0000000a   Code   RO         3109    i.USB_OTG_ReadCoreItr  usb_core.o
    0x08003550   0x0000000c   Code   RO         3110    i.USB_OTG_ReadHPRT0  usb_core.o
    0x0800355c   0x00000006   Code   RO         3111    i.USB_OTG_ReadHostAllChannels_intr  usb_core.o
    0x08003562   0x00000020   Code   RO         3113    i.USB_OTG_ReadPacket  usb_core.o
    0x08003582   0x0000002a   Code   RO         3114    i.USB_OTG_ResetPort  usb_core.o
    0x080035ac   0x000000c0   Code   RO         3115    i.USB_OTG_SelectCore  usb_core.o
    0x0800366c   0x0000002a   Code   RO         3116    i.USB_OTG_SetCurrentMode  usb_core.o
    0x08003696   0x0000002e   Code   RO         3336    i.USB_OTG_USBH_handle_Disconnect_ISR  usb_hcd_int.o
    0x080036c4   0x00000046   Code   RO         3337    i.USB_OTG_USBH_handle_IncompletePeriodicXfer_ISR  usb_hcd_int.o
    0x0800370a   0x00000056   Code   RO         3338    i.USB_OTG_USBH_handle_hc_ISR  usb_hcd_int.o
    0x08003760   0x00000428   Code   RO         3339    i.USB_OTG_USBH_handle_hc_n_In_ISR  usb_hcd_int.o
    0x08003b88   0x00000388   Code   RO         3340    i.USB_OTG_USBH_handle_hc_n_Out_ISR  usb_hcd_int.o
    0x08003f10   0x0000012c   Code   RO         3341    i.USB_OTG_USBH_handle_nptxfempty_ISR  usb_hcd_int.o
    0x0800403c   0x00000118   Code   RO         3342    i.USB_OTG_USBH_handle_port_ISR  usb_hcd_int.o
    0x08004154   0x0000012e   Code   RO         3343    i.USB_OTG_USBH_handle_ptxfempty_ISR  usb_hcd_int.o
    0x08004282   0x00000164   Code   RO         3344    i.USB_OTG_USBH_handle_rx_qlvl_ISR  usb_hcd_int.o
    0x080043e6   0x0000001c   Code   RO         3345    i.USB_OTG_USBH_handle_sof_ISR  usb_hcd_int.o
    0x08004402   0x00000028   Code   RO         3118    i.USB_OTG_WritePacket  usb_core.o
    0x0800442a   0x00000002   Code   RO          241    i.UsageFault_Handler  stm32f4xx_it.o
    0x0800442c   0x00000026   Code   RO           11    i.UserPlayCmd       main.o
    0x08004452   0x00000002   PAD
    0x08004454   0x0000009c   Code   RO          561    i.WAVFileExplor     waveplay.o
    0x080044f0   0x000000bc   Code   RO          542    i.WaveParsing       wavcodec.o
    0x080045ac   0x00000230   Code   RO          562    i.WavePlayer        waveplay.o
    0x080047dc   0x0000000e   Code   RO         3699    i.__scatterload_copy  mc_w.l(handlers.o)
    0x080047ea   0x00000002   Code   RO         3700    i.__scatterload_null  mc_w.l(handlers.o)
    0x080047ec   0x0000000e   Code   RO         3701    i.__scatterload_zeroinit  mc_w.l(handlers.o)
    0x080047fa   0x00000002   PAD
    0x080047fc   0x0000005c   Code   RO         3420    i.check_fs          ff.o
    0x08004858   0x000001f0   Code   RO         3421    i.chk_mounted       ff.o
    0x08004a48   0x00000018   Code   RO         3422    i.clust2sect        ff.o
    0x08004a60   0x00000096   Code   RO         3423    i.create_chain      ff.o
    0x08004af6   0x00000002   PAD
    0x08004af8   0x000000e8   Code   RO         3424    i.create_name       ff.o
    0x08004be0   0x00000102   Code   RO         3425    i.dir_next          ff.o
    0x08004ce2   0x00000044   Code   RO         3426    i.dir_read          ff.o
    0x08004d26   0x00000066   Code   RO         3427    i.dir_register      ff.o
    0x08004d8c   0x000000a0   Code   RO         3429    i.dir_seek          ff.o
    0x08004e2c   0x00000020   Code   RO         2771    i.disk_initialize   usbh_msc_fatfs.o
    0x08004e4c   0x00000040   Code   RO         2772    i.disk_ioctl        usbh_msc_fatfs.o
    0x08004e8c   0x00000064   Code   RO         2773    i.disk_read         usbh_msc_fatfs.o
    0x08004ef0   0x00000010   Code   RO         2774    i.disk_status       usbh_msc_fatfs.o
    0x08004f00   0x0000006c   Code   RO         2775    i.disk_write        usbh_msc_fatfs.o
    0x08004f6c   0x00000012   Code   RO         3431    i.f_close           ff.o
    0x08004f7e   0x00000156   Code   RO         3434    i.f_lseek           ff.o
    0x080050d4   0x00000020   Code   RO         3437    i.f_mount           ff.o
    0x080050f4   0x00000144   Code   RO         3438    i.f_open            ff.o
    0x08005238   0x0000004e   Code   RO         3439    i.f_opendir         ff.o
    0x08005286   0x00000186   Code   RO         3443    i.f_read            ff.o
    0x0800540c   0x00000050   Code   RO         3444    i.f_readdir         ff.o
    0x0800545c   0x000000a4   Code   RO         3447    i.f_sync            ff.o
    0x08005500   0x000000bc   Code   RO         3452    i.follow_path       ff.o
    0x080055bc   0x000000ce   Code   RO         3453    i.get_fat           ff.o
    0x0800568a   0x00000004   Code   RO         3401    i.get_fattime       fattime.o
    0x0800568e   0x00000060   Code   RO         3454    i.get_fileinfo      ff.o
    0x080056ee   0x00000002   PAD
    0x080056f0   0x000000ac   Code   RO           12    i.main              main.o
    0x0800579c   0x00000012   Code   RO         3455    i.mem_cpy           ff.o
    0x080057ae   0x0000000e   Code   RO         3456    i.mem_set           ff.o
    0x080057bc   0x0000006a   Code   RO         3457    i.move_window       ff.o
    0x08005826   0x00000132   Code   RO         3458    i.put_fat           ff.o
    0x08005958   0x00000062   Code   RO         3459    i.remove_chain      ff.o
    0x080059ba   0x000000b8   Code   RO         3460    i.sync              ff.o
    0x08005a72   0x00000020   Code   RO         3461    i.validate          ff.o
    0x08005a92   0x00000002   PAD
    0x08005a94   0x00000024   Data   RO          626    .constdata          stm32f4_discovery.o
    0x08005ab8   0x000000c2   Data   RO         3462    .constdata          ff.o
    0x08005b7a   0x00000002   PAD
    0x08005b7c   0x00000020   Data   RO         3697    Region$$Table       anon$$obj.o


    Execution Region RW_IRAM1 (Base: 0x20000000, Size: 0x00002400, Max: 0x00020000, ABSOLUTE)

    Base Addr    Size         Type   Attr      Idx    E Section Name        Object

    0x20000000   0x0000000b   Data   RW           14    .data               main.o
    0x2000000b   0x00000001   PAD
    0x2000000c   0x00000004   Data   RW          351    .data               usb_bsp.o
    0x20000010   0x00000048   Data   RW          432    .data               usbh_usr.o
    0x20000058   0x00000002   Data   RW          433    .data               usbh_usr.o
    0x2000005a   0x00000002   PAD
    0x2000005c   0x0000000c   Data   RW          564    .data               waveplay.o
    0x20000068   0x00000014   Data   RW          627    .data               stm32f4_discovery.o
    0x2000007c   0x00000040   Data   RW          698    .data               stm32f4_discovery_audio_codec.o
    0x200000bc   0x00000010   Data   RW         1582    .data               stm32f4xx_rcc.o
    0x200000cc   0x00000010   Data   RW         2680    .data               usbh_msc_bot.o
    0x200000dc   0x00000002   Data   RW         2732    .data               usbh_msc_core.o
    0x200000de   0x00000002   PAD
    0x200000e0   0x00000010   Data   RW         2733    .data               usbh_msc_core.o
    0x200000f0   0x00000001   Data   RW         2776    .data               usbh_msc_fatfs.o
    0x200000f1   0x00000001   Data   RW         2825    .data               usbh_msc_scsi.o
    0x200000f2   0x00000002   PAD
    0x200000f4   0x00000010   Data   RW         2879    .data               usbh_core.o
    0x20000104   0x00000008   Data   RW         3463    .data               ff.o
    0x2000010c   0x000007b6   Zero   RW           13    .bss                main.o
    0x200008c2   0x00000002   PAD
    0x200008c4   0x00000430   Zero   RW          431    .bss                usbh_usr.o
    0x20000cf4   0x00001032   Zero   RW          563    .bss                waveplay.o
    0x20001d26   0x00000002   PAD
    0x20001d28   0x0000003c   Zero   RW          696    .bss                stm32f4_discovery_audio_codec.o
    0x20001d64   0x00000040   Zero   RW         2679    .bss                usbh_msc_bot.o
    0x20001da4   0x0000004a   Zero   RW         2731    .bss                usbh_msc_core.o
    0x20001dee   0x00000002   PAD
    0x20001df0   0x00000210   Zero   RW         2823    .bss                usbh_msc_scsi.o
    0x20002000   0x00000400   Zero   RW            1    STACK               startup_stm32f4xx.o


==============================================================================

Image component sizes


      Code (inc. data)   RO Data    RW Data    ZI Data      Debug   Object Name

         4          0          0          0          0        526   fattime.o
      4258         42        194          8          0      27192   ff.o
       210         26          0         11       1974     327259   main.o
       140         22          0          0          0       2369   misc.o
        36          8        392          0       1024        876   startup_stm32f4xx.o
       324         50         36         20          0       5096   stm32f4_discovery.o
      2462        206          0         64         60      17975   stm32f4_discovery_audio_codec.o
        84         14          0          0          0       2711   stm32f4xx_dac.o
       550         48          0          0          0       6532   stm32f4xx_dma.o
       112          4          0          0          0       1176   stm32f4xx_exti.o
       226          0          0          0          0       4635   stm32f4xx_gpio.o
       430         22          0          0          0       8765   stm32f4xx_i2c.o
        34          6          0          0          0       5292   stm32f4xx_it.o
       288         48          0         16          0       6914   stm32f4xx_rcc.o
       362         22          0          0          0       5881   stm32f4xx_spi.o
        48          6          0          0          0        756   stm32f4xx_syscfg.o
       210         28          0          0          0       5796   stm32f4xx_tim.o
       308         44          0          0          0       1669   system_stm32f4xx.o
       546         24          0          4          0       6312   usb_bsp.o
      1744         22          0          0          0      18997   usb_core.o
       160          0          0          0          0       5379   usb_hcd.o
      3604          0          0          0          0      10947   usb_hcd_int.o
      1498         52          0         16          0       7745   usbh_core.o
       234          0          0          0          0       4488   usbh_hcs.o
       282          0          0          0          0       5222   usbh_ioreq.o
       724         66          0         16         64      15029   usbh_msc_bot.o
       636         48          0         18         74       6373   usbh_msc_core.o
       320         46          0          1          0       5662   usbh_msc_fatfs.o
       976         76          0          1        528       8000   usbh_msc_scsi.o
       676          0          0          0          0       8371   usbh_stdreq.o
       118         16          0         74       1072       9925   usbh_usr.o
       188         26          0          0          0       1426   wavcodec.o
       756         44          0         12       4146       4787   waveplay.o

    ----------------------------------------------------------------------
     22584       1016        656        268       8948     550083   Object Totals
         0          0         32          0          0          0   (incl. Generated)
        36          0          2          7          6          0   (incl. Padding)

    ----------------------------------------------------------------------

      Code (inc. data)   RO Data    RW Data    ZI Data      Debug   Library Member Name

         0          0          0          0          0          0   entry.o
         0          0          0          0          0          0   entry10a.o
         0          0          0          0          0          0   entry11a.o
         8          4          0          0          0          0   entry2.o
         4          0          0          0          0          0   entry5.o
         0          0          0          0          0          0   entry7b.o
         0          0          0          0          0          0   entry8b.o
         8          4          0          0          0          0   entry9a.o
        30          0          0          0          0          0   handlers.o
        36          8          0          0          0         68   init.o
        24          0          0          0          0         68   strcat.o
        40          0          0          0          0         76   strncat.o
        24          0          0          0          0         76   strncpy.o
        36          0          0          0          0         80   strstr.o

    ----------------------------------------------------------------------
       212         16          0          0          0        368   Library Totals
         2          0          0          0          0          0   (incl. Padding)

    ----------------------------------------------------------------------

      Code (inc. data)   RO Data    RW Data    ZI Data      Debug   Library Name

       210         16          0          0          0        368   mc_w.l

    ----------------------------------------------------------------------
       212         16          0          0          0        368   Library Totals

    ----------------------------------------------------------------------

==============================================================================


      Code (inc. data)   RO Data    RW Data    ZI Data      Debug   

     22796       1032        656        268       8948     526499   Grand Totals
     22796       1032        656        268       8948     526499   ELF Image Totals
     22796       1032        656        268          0          0   ROM Totals

==============================================================================

    Total RO  Size (Code + RO Data)                23452 (  22.90kB)
    Total RW  Size (RW Data + ZI Data)              9216 (   9.00kB)
    Total ROM Size (Code + RO Data + RW Data)      23720 (  23.16kB)

==============================================================================

